
===========================================================================
report_checks -path_delay min (Hold)
============================================================================
Startpoint: la_data_in[5] (input port clocked by clk)
Endpoint: _678_ (rising edge-triggered flip-flop clocked by clk)
Path Group: clk
Path Type: min

Fanout     Cap    Slew   Delay    Time   Description
-----------------------------------------------------------------------------
                          0.00    0.00   clock clk (rise edge)
                          4.50    4.50   clock network delay (propagated)
                          0.00    4.50 v input external delay
                  0.05    0.00    4.50 v la_data_in[5] (in)
     2    0.00                           la_data_in[5] (net)
                  0.05    0.00    4.50 v hold111/A (sky130_fd_sc_hd__clkdlybuf4s50_1)
                  0.07    0.40    4.90 v hold111/X (sky130_fd_sc_hd__clkdlybuf4s50_1)
     1    0.01                           net548 (net)
                  0.07    0.00    4.90 v input28/A (sky130_fd_sc_hd__buf_6)
                  0.04    0.13    5.03 v input28/X (sky130_fd_sc_hd__buf_6)
     2    0.03                           net28 (net)
                  0.04    0.00    5.03 v hold112/A (sky130_fd_sc_hd__clkbuf_2)
                  0.10    0.15    5.18 v hold112/X (sky130_fd_sc_hd__clkbuf_2)
     1    0.02                           net549 (net)
                  0.10    0.00    5.18 v wire366/A (sky130_fd_sc_hd__buf_6)
                  0.06    0.15    5.33 v wire366/X (sky130_fd_sc_hd__buf_6)
     2    0.05                           net366 (net)
                  0.06    0.01    5.34 v hold113/A (sky130_fd_sc_hd__clkbuf_2)
                  0.17    0.20    5.54 v hold113/X (sky130_fd_sc_hd__clkbuf_2)
     2    0.04                           net550 (net)
                  0.17    0.01    5.55 v _452_/C (sky130_fd_sc_hd__and3b_1)
                  0.06    0.24    5.79 v _452_/X (sky130_fd_sc_hd__and3b_1)
     1    0.01                           _155_ (net)
                  0.06    0.00    5.79 v hold114/A (sky130_fd_sc_hd__clkdlybuf4s50_1)
                  0.10    0.44    6.23 v hold114/X (sky130_fd_sc_hd__clkdlybuf4s50_1)
     1    0.01                           net551 (net)
                  0.10    0.00    6.23 v _460_/A1 (sky130_fd_sc_hd__o21a_1)
                  0.03    0.19    6.42 v _460_/X (sky130_fd_sc_hd__o21a_1)
     1    0.00                           _036_ (net)
                  0.03    0.00    6.42 v hold876/A (sky130_fd_sc_hd__dlygate4sd3_1)
                  0.06    0.51    6.93 v hold876/X (sky130_fd_sc_hd__dlygate4sd3_1)
     1    0.00                           net1313 (net)
                  0.06    0.00    6.93 v hold532/A (sky130_fd_sc_hd__clkdlybuf4s25_1)
                  0.04    0.23    7.15 v hold532/X (sky130_fd_sc_hd__clkdlybuf4s25_1)
     1    0.00                           net969 (net)
                  0.04    0.00    7.15 v hold877/A (sky130_fd_sc_hd__dlygate4sd3_1)
                  0.06    0.51    7.67 v hold877/X (sky130_fd_sc_hd__dlygate4sd3_1)
     1    0.00                           net1314 (net)
                  0.06    0.00    7.67 v hold358/A (sky130_fd_sc_hd__clkdlybuf4s25_1)
                  0.04    0.23    7.89 v hold358/X (sky130_fd_sc_hd__clkdlybuf4s25_1)
     1    0.00                           net795 (net)
                  0.04    0.00    7.89 v hold878/A (sky130_fd_sc_hd__dlygate4sd3_1)
                  0.06    0.51    8.40 v hold878/X (sky130_fd_sc_hd__dlygate4sd3_1)
     1    0.00                           net1315 (net)
                  0.06    0.00    8.40 v hold533/A (sky130_fd_sc_hd__clkdlybuf4s25_1)
                  0.05    0.24    8.64 v hold533/X (sky130_fd_sc_hd__clkdlybuf4s25_1)
     1    0.00                           net970 (net)
                  0.05    0.00    8.64 v hold115/A (sky130_fd_sc_hd__clkdlybuf4s25_1)
                  0.06    0.24    8.88 v hold115/X (sky130_fd_sc_hd__clkdlybuf4s25_1)
     1    0.01                           net552 (net)
                  0.06    0.00    8.88 v hold359/A (sky130_fd_sc_hd__clkdlybuf4s25_1)
                  0.06    0.25    9.13 v hold359/X (sky130_fd_sc_hd__clkdlybuf4s25_1)
     1    0.01                           net796 (net)
                  0.06    0.00    9.13 v _678_/D (sky130_fd_sc_hd__dfxtp_2)
                                  9.13   data arrival time

                          0.00    0.00   clock clk (rise edge)
                          6.00    6.00   clock source latency
                  0.60    0.00    6.00 ^ wb_clk_i (in)
     2    0.02                           wb_clk_i (net)
                  0.60    0.00    6.00 ^ _320_/A1 (sky130_fd_sc_hd__mux2_2)
                  0.12    0.36    6.36 ^ _320_/X (sky130_fd_sc_hd__mux2_2)
     1    0.02                           _061_ (net)
                  0.12    0.00    6.37 ^ _321_/A (sky130_fd_sc_hd__buf_1)
                  0.08    0.14    6.50 ^ _321_/X (sky130_fd_sc_hd__buf_1)
     1    0.01                           count.clk (net)
                  0.08    0.00    6.50 ^ wire2/A (sky130_fd_sc_hd__buf_4)
                  0.17    0.23    6.73 ^ wire2/X (sky130_fd_sc_hd__buf_4)
     2    0.06                           net434 (net)
                  0.17    0.02    6.75 ^ wire1/A (sky130_fd_sc_hd__buf_8)
                  0.12    0.20    6.94 ^ wire1/X (sky130_fd_sc_hd__buf_8)
     2    0.07                           net433 (net)
                  0.13    0.02    6.97 ^ clkbuf_0_count.clk/A (sky130_fd_sc_hd__clkbuf_16)
                  0.10    0.21    7.17 ^ clkbuf_0_count.clk/X (sky130_fd_sc_hd__clkbuf_16)
     8    0.08                           clknet_0_count.clk (net)
                  0.10    0.02    7.19 ^ clkbuf_2_2_0_count.clk/A (sky130_fd_sc_hd__clkbuf_4)
                  0.15    0.26    7.45 ^ clkbuf_2_2_0_count.clk/X (sky130_fd_sc_hd__clkbuf_4)
     2    0.05                           clknet_2_2_0_count.clk (net)
                  0.15    0.00    7.45 ^ clkbuf_3_4__f_count.clk/A (sky130_fd_sc_hd__clkbuf_16)
                  0.05    0.18    7.63 ^ clkbuf_3_4__f_count.clk/X (sky130_fd_sc_hd__clkbuf_16)
     6    0.03                           clknet_3_4__leaf_count.clk (net)
                  0.05    0.00    7.63 ^ _678_/CLK (sky130_fd_sc_hd__dfxtp_2)
                          0.30    7.93   clock uncertainty
                          0.00    7.93   clock reconvergence pessimism
                         -0.05    7.88   library hold time
                                  7.88   data required time
-----------------------------------------------------------------------------
                                  7.88   data required time
                                 -9.13   data arrival time
-----------------------------------------------------------------------------
                                  1.25   slack (MET)


Startpoint: la_oenb[4] (input port clocked by clk)
Endpoint: _677_ (rising edge-triggered flip-flop clocked by clk)
Path Group: clk
Path Type: min

Fanout     Cap    Slew   Delay    Time   Description
-----------------------------------------------------------------------------
                          0.00    0.00   clock clk (rise edge)
                          4.50    4.50   clock network delay (propagated)
                          0.00    4.50 v input external delay
                  0.05    0.00    4.50 v la_oenb[4] (in)
     2    0.00                           la_oenb[4] (net)
                  0.05    0.00    4.50 v hold541/A (sky130_fd_sc_hd__clkdlybuf4s25_1)
                  0.04    0.23    4.73 v hold541/X (sky130_fd_sc_hd__clkdlybuf4s25_1)
     1    0.00                           net978 (net)
                  0.04    0.00    4.73 v input59/A (sky130_fd_sc_hd__buf_4)
                  0.08    0.16    4.89 v input59/X (sky130_fd_sc_hd__buf_4)
     4    0.05                           net59 (net)
                  0.08    0.01    4.90 v hold542/A (sky130_fd_sc_hd__buf_2)
                  0.09    0.18    5.08 v hold542/X (sky130_fd_sc_hd__buf_2)
     1    0.04                           net979 (net)
                  0.09    0.00    5.08 v _446_/A (sky130_fd_sc_hd__clkinv_4)
                  0.03    0.05    5.13 ^ _446_/Y (sky130_fd_sc_hd__clkinv_4)
     1    0.01                           _150_ (net)
                  0.03    0.00    5.13 ^ wire330/A (sky130_fd_sc_hd__buf_4)
                  0.23    0.22    5.35 ^ wire330/X (sky130_fd_sc_hd__buf_4)
     2    0.08                           net330 (net)
                  0.23    0.01    5.36 ^ _449_/A2 (sky130_fd_sc_hd__a32o_1)
                  0.07    0.20    5.56 ^ _449_/X (sky130_fd_sc_hd__a32o_1)
     1    0.01                           _153_ (net)
                  0.07    0.00    5.56 ^ hold543/A (sky130_fd_sc_hd__clkdlybuf4s25_1)
                  0.08    0.26    5.81 ^ hold543/X (sky130_fd_sc_hd__clkdlybuf4s25_1)
     1    0.01                           net980 (net)
                  0.08    0.00    5.81 ^ hold245/A (sky130_fd_sc_hd__clkdlybuf4s25_1)
                  0.05    0.24    6.05 ^ hold245/X (sky130_fd_sc_hd__clkdlybuf4s25_1)
     1    0.00                           net682 (net)
                  0.05    0.00    6.05 ^ _451_/A2 (sky130_fd_sc_hd__a22o_1)
                  0.05    0.12    6.17 ^ _451_/X (sky130_fd_sc_hd__a22o_1)
     1    0.00                           _035_ (net)
                  0.05    0.00    6.17 ^ hold665/A (sky130_fd_sc_hd__dlygate4sd3_1)
                  0.06    0.50    6.67 ^ hold665/X (sky130_fd_sc_hd__dlygate4sd3_1)
     1    0.00                           net1102 (net)
                  0.06    0.00    6.67 ^ hold544/A (sky130_fd_sc_hd__clkdlybuf4s25_1)
                  0.06    0.24    6.91 ^ hold544/X (sky130_fd_sc_hd__clkdlybuf4s25_1)
     1    0.00                           net981 (net)
                  0.06    0.00    6.91 ^ hold666/A (sky130_fd_sc_hd__dlygate4sd3_1)
                  0.06    0.50    7.41 ^ hold666/X (sky130_fd_sc_hd__dlygate4sd3_1)
     1    0.00                           net1103 (net)
                  0.06    0.00    7.41 ^ hold246/A (sky130_fd_sc_hd__clkdlybuf4s25_1)
                  0.05    0.23    7.64 ^ hold246/X (sky130_fd_sc_hd__clkdlybuf4s25_1)
     1    0.00                           net683 (net)
                  0.05    0.00    7.64 ^ hold667/A (sky130_fd_sc_hd__dlygate4sd3_1)
                  0.06    0.50    8.14 ^ hold667/X (sky130_fd_sc_hd__dlygate4sd3_1)
     1    0.00                           net1104 (net)
                  0.06    0.00    8.14 ^ hold85/A (sky130_fd_sc_hd__clkdlybuf4s25_1)
                  0.05    0.23    8.37 ^ hold85/X (sky130_fd_sc_hd__clkdlybuf4s25_1)
     1    0.00                           net522 (net)
                  0.05    0.00    8.37 ^ hold668/A (sky130_fd_sc_hd__dlygate4sd3_1)
                  0.07    0.51    8.88 ^ hold668/X (sky130_fd_sc_hd__dlygate4sd3_1)
     1    0.00                           net1105 (net)
                  0.07    0.00    8.88 ^ hold247/A (sky130_fd_sc_hd__clkdlybuf4s25_1)
                  0.08    0.25    9.13 ^ hold247/X (sky130_fd_sc_hd__clkdlybuf4s25_1)
     1    0.01                           net684 (net)
                  0.08    0.00    9.13 ^ _677_/D (sky130_fd_sc_hd__dfxtp_2)
                                  9.13   data arrival time

                          0.00    0.00   clock clk (rise edge)
                          6.00    6.00   clock source latency
                  0.60    0.00    6.00 ^ wb_clk_i (in)
     2    0.02                           wb_clk_i (net)
                  0.60    0.00    6.00 ^ _320_/A1 (sky130_fd_sc_hd__mux2_2)
                  0.12    0.36    6.36 ^ _320_/X (sky130_fd_sc_hd__mux2_2)
     1    0.02                           _061_ (net)
                  0.12    0.00    6.37 ^ _321_/A (sky130_fd_sc_hd__buf_1)
                  0.08    0.14    6.50 ^ _321_/X (sky130_fd_sc_hd__buf_1)
     1    0.01                           count.clk (net)
                  0.08    0.00    6.50 ^ wire2/A (sky130_fd_sc_hd__buf_4)
                  0.17    0.23    6.73 ^ wire2/X (sky130_fd_sc_hd__buf_4)
     2    0.06                           net434 (net)
                  0.17    0.02    6.75 ^ wire1/A (sky130_fd_sc_hd__buf_8)
                  0.12    0.20    6.94 ^ wire1/X (sky130_fd_sc_hd__buf_8)
     2    0.07                           net433 (net)
                  0.13    0.02    6.97 ^ clkbuf_0_count.clk/A (sky130_fd_sc_hd__clkbuf_16)
                  0.10    0.21    7.17 ^ clkbuf_0_count.clk/X (sky130_fd_sc_hd__clkbuf_16)
     8    0.08                           clknet_0_count.clk (net)
                  0.10    0.02    7.19 ^ clkbuf_2_1_0_count.clk/A (sky130_fd_sc_hd__clkbuf_4)
                  0.14    0.24    7.44 ^ clkbuf_2_1_0_count.clk/X (sky130_fd_sc_hd__clkbuf_4)
     2    0.04                           clknet_2_1_0_count.clk (net)
                  0.14    0.00    7.44 ^ clkbuf_3_3__f_count.clk/A (sky130_fd_sc_hd__clkbuf_16)
                  0.05    0.18    7.62 ^ clkbuf_3_3__f_count.clk/X (sky130_fd_sc_hd__clkbuf_16)
     8    0.03                           clknet_3_3__leaf_count.clk (net)
                  0.05    0.00    7.62 ^ _677_/CLK (sky130_fd_sc_hd__dfxtp_2)
                          0.30    7.92   clock uncertainty
                          0.00    7.92   clock reconvergence pessimism
                         -0.04    7.88   library hold time
                                  7.88   data required time
-----------------------------------------------------------------------------
                                  7.88   data required time
                                 -9.13   data arrival time
-----------------------------------------------------------------------------
                                  1.25   slack (MET)


Startpoint: wbs_we_i (input port clocked by clk)
Endpoint: _674_ (rising edge-triggered flip-flop clocked by clk)
Path Group: clk
Path Type: min

Fanout     Cap    Slew   Delay    Time   Description
-----------------------------------------------------------------------------
                          0.00    0.00   clock clk (rise edge)
                          4.50    4.50   clock network delay (propagated)
                          0.00    4.50 v input external delay
                  0.05    0.00    4.50 v wbs_we_i (in)
     2    0.00                           wbs_we_i (net)
                  0.05    0.00    4.50 v hold101/A (sky130_fd_sc_hd__clkdlybuf4s25_1)
                  0.04    0.22    4.72 v hold101/X (sky130_fd_sc_hd__clkdlybuf4s25_1)
     1    0.00                           net538 (net)
                  0.04    0.00    4.72 v input102/A (sky130_fd_sc_hd__clkbuf_1)
                  0.03    0.08    4.80 v input102/X (sky130_fd_sc_hd__clkbuf_1)
     1    0.00                           net102 (net)
                  0.03    0.00    4.80 v hold102/A (sky130_fd_sc_hd__clkdlybuf4s50_1)
                  0.06    0.39    5.19 v hold102/X (sky130_fd_sc_hd__clkdlybuf4s50_1)
     1    0.01                           net539 (net)
                  0.06    0.00    5.19 v wire382/A (sky130_fd_sc_hd__buf_6)
                  0.06    0.14    5.33 v wire382/X (sky130_fd_sc_hd__buf_6)
     2    0.05                           net382 (net)
                  0.07    0.01    5.35 v hold103/A (sky130_fd_sc_hd__buf_12)
                  0.09    0.16    5.51 v hold103/X (sky130_fd_sc_hd__buf_12)
    22    0.16                           net540 (net)
                  0.09    0.01    5.52 v _408_/A (sky130_fd_sc_hd__nand2_8)
                  0.20    0.18    5.70 ^ _408_/Y (sky130_fd_sc_hd__nand2_8)
    20    0.12                           _116_ (net)
                  0.20    0.01    5.71 ^ _426_/A1 (sky130_fd_sc_hd__a211o_1)
                  0.12    0.20    5.91 ^ _426_/X (sky130_fd_sc_hd__a211o_1)
     1    0.01                           _133_ (net)
                  0.12    0.00    5.91 ^ hold388/A (sky130_fd_sc_hd__clkbuf_1)
                  0.17    0.18    6.09 ^ hold388/X (sky130_fd_sc_hd__clkbuf_1)
     1    0.01                           net825 (net)
                  0.17    0.00    6.09 ^ wire205/A (sky130_fd_sc_hd__buf_6)
                  0.08    0.15    6.24 ^ wire205/X (sky130_fd_sc_hd__buf_6)
     1    0.04                           net205 (net)
                  0.08    0.01    6.24 ^ hold389/A (sky130_fd_sc_hd__buf_2)
                  0.16    0.19    6.43 ^ hold389/X (sky130_fd_sc_hd__buf_2)
     1    0.03                           net826 (net)
                  0.16    0.00    6.44 ^ _430_/A1 (sky130_fd_sc_hd__a21oi_2)
                  0.06    0.08    6.52 v _430_/Y (sky130_fd_sc_hd__a21oi_2)
     1    0.01                           _032_ (net)
                  0.06    0.00    6.52 v hold566/A (sky130_fd_sc_hd__dlygate4sd3_1)
                  0.08    0.55    7.07 v hold566/X (sky130_fd_sc_hd__dlygate4sd3_1)
     1    0.01                           net1003 (net)
                  0.08    0.00    7.07 v hold390/A (sky130_fd_sc_hd__dlymetal6s2s_1)
                  0.06    0.16    7.23 v hold390/X (sky130_fd_sc_hd__dlymetal6s2s_1)
     1    0.01                           net827 (net)
                  0.06    0.00    7.23 v hold567/A (sky130_fd_sc_hd__dlygate4sd3_1)
                  0.08    0.55    7.77 v hold567/X (sky130_fd_sc_hd__dlygate4sd3_1)
     1    0.01                           net1004 (net)
                  0.08    0.00    7.78 v hold150/A (sky130_fd_sc_hd__clkbuf_1)
                  0.06    0.12    7.89 v hold150/X (sky130_fd_sc_hd__clkbuf_1)
     1    0.01                           net587 (net)
                  0.06    0.00    7.89 v hold568/A (sky130_fd_sc_hd__dlygate4sd3_1)
                  0.08    0.54    8.44 v hold568/X (sky130_fd_sc_hd__dlygate4sd3_1)
     1    0.01                           net1005 (net)
                  0.08    0.00    8.44 v hold391/A (sky130_fd_sc_hd__dlymetal6s2s_1)
                  0.06    0.16    8.60 v hold391/X (sky130_fd_sc_hd__dlymetal6s2s_1)
     1    0.01                           net828 (net)
                  0.06    0.00    8.60 v hold569/A (sky130_fd_sc_hd__dlygate4sd3_1)
                  0.08    0.55    9.15 v hold569/X (sky130_fd_sc_hd__dlygate4sd3_1)
     1    0.01                           net1006 (net)
                  0.08    0.00    9.15 v _674_/D (sky130_fd_sc_hd__dfxtp_2)
                                  9.15   data arrival time

                          0.00    0.00   clock clk (rise edge)
                          6.00    6.00   clock source latency
                  0.60    0.00    6.00 ^ wb_clk_i (in)
     2    0.02                           wb_clk_i (net)
                  0.60    0.00    6.00 ^ _320_/A1 (sky130_fd_sc_hd__mux2_2)
                  0.12    0.36    6.36 ^ _320_/X (sky130_fd_sc_hd__mux2_2)
     1    0.02                           _061_ (net)
                  0.12    0.00    6.37 ^ _321_/A (sky130_fd_sc_hd__buf_1)
                  0.08    0.14    6.50 ^ _321_/X (sky130_fd_sc_hd__buf_1)
     1    0.01                           count.clk (net)
                  0.08    0.00    6.50 ^ wire2/A (sky130_fd_sc_hd__buf_4)
                  0.17    0.23    6.73 ^ wire2/X (sky130_fd_sc_hd__buf_4)
     2    0.06                           net434 (net)
                  0.17    0.02    6.75 ^ wire1/A (sky130_fd_sc_hd__buf_8)
                  0.12    0.20    6.94 ^ wire1/X (sky130_fd_sc_hd__buf_8)
     2    0.07                           net433 (net)
                  0.13    0.02    6.97 ^ clkbuf_0_count.clk/A (sky130_fd_sc_hd__clkbuf_16)
                  0.10    0.21    7.17 ^ clkbuf_0_count.clk/X (sky130_fd_sc_hd__clkbuf_16)
     8    0.08                           clknet_0_count.clk (net)
                  0.10    0.01    7.19 ^ clkbuf_2_3_0_count.clk/A (sky130_fd_sc_hd__clkbuf_4)
                  0.13    0.23    7.42 ^ clkbuf_2_3_0_count.clk/X (sky130_fd_sc_hd__clkbuf_4)
     2    0.04                           clknet_2_3_0_count.clk (net)
                  0.13    0.00    7.43 ^ clkbuf_3_7__f_count.clk/A (sky130_fd_sc_hd__clkbuf_16)
                  0.09    0.21    7.63 ^ clkbuf_3_7__f_count.clk/X (sky130_fd_sc_hd__clkbuf_16)
     8    0.07                           clknet_3_7__leaf_count.clk (net)
                  0.09    0.01    7.64 ^ _674_/CLK (sky130_fd_sc_hd__dfxtp_2)
                          0.30    7.94   clock uncertainty
                          0.00    7.94   clock reconvergence pessimism
                         -0.05    7.89   library hold time
                                  7.89   data required time
-----------------------------------------------------------------------------
                                  7.89   data required time
                                 -9.15   data arrival time
-----------------------------------------------------------------------------
                                  1.25   slack (MET)


Startpoint: la_oenb[11] (input port clocked by clk)
Endpoint: _684_ (rising edge-triggered flip-flop clocked by clk)
Path Group: clk
Path Type: min

Fanout     Cap    Slew   Delay    Time   Description
-----------------------------------------------------------------------------
                          0.00    0.00   clock clk (rise edge)
                          4.50    4.50   clock network delay (propagated)
                          0.00    4.50 v input external delay
                  0.05    0.00    4.50 v la_oenb[11] (in)
     2    0.00                           la_oenb[11] (net)
                  0.05    0.00    4.50 v hold300/A (sky130_fd_sc_hd__clkdlybuf4s25_1)
                  0.04    0.22    4.72 v hold300/X (sky130_fd_sc_hd__clkdlybuf4s25_1)
     1    0.00                           net737 (net)
                  0.04    0.00    4.72 v input35/A (sky130_fd_sc_hd__clkbuf_2)
                  0.11    0.15    4.87 v input35/X (sky130_fd_sc_hd__clkbuf_2)
     1    0.03                           net35 (net)
                  0.11    0.00    4.88 v hold301/A (sky130_fd_sc_hd__buf_2)
                  0.10    0.20    5.07 v hold301/X (sky130_fd_sc_hd__buf_2)
     3    0.04                           net738 (net)
                  0.10    0.00    5.08 v _499_/A (sky130_fd_sc_hd__clkinv_4)
                  0.08    0.10    5.17 ^ _499_/Y (sky130_fd_sc_hd__clkinv_4)
     1    0.04                           _196_ (net)
                  0.08    0.00    5.18 ^ hold302/A (sky130_fd_sc_hd__clkbuf_2)
                  0.19    0.20    5.38 ^ hold302/X (sky130_fd_sc_hd__clkbuf_2)
     1    0.04                           net739 (net)
                  0.19    0.00    5.39 ^ _502_/A2 (sky130_fd_sc_hd__a32o_1)
                  0.07    0.19    5.58 ^ _502_/X (sky130_fd_sc_hd__a32o_1)
     1    0.00                           _199_ (net)
                  0.07    0.00    5.58 ^ hold477/A (sky130_fd_sc_hd__clkdlybuf4s25_1)
                  0.05    0.24    5.81 ^ hold477/X (sky130_fd_sc_hd__clkdlybuf4s25_1)
     1    0.00                           net914 (net)
                  0.05    0.00    5.81 ^ hold303/A (sky130_fd_sc_hd__clkdlybuf4s25_1)
                  0.06    0.24    6.05 ^ hold303/X (sky130_fd_sc_hd__clkdlybuf4s25_1)
     1    0.00                           net740 (net)
                  0.06    0.00    6.05 ^ hold478/A (sky130_fd_sc_hd__clkdlybuf4s25_1)
                  0.07    0.25    6.30 ^ hold478/X (sky130_fd_sc_hd__clkdlybuf4s25_1)
     1    0.01                           net915 (net)
                  0.07    0.00    6.30 ^ _504_/A2 (sky130_fd_sc_hd__a22o_1)
                  0.08    0.15    6.45 ^ _504_/X (sky130_fd_sc_hd__a22o_1)
     1    0.01                           _042_ (net)
                  0.08    0.00    6.45 ^ hold765/A (sky130_fd_sc_hd__dlygate4sd3_1)
                  0.05    0.50    6.95 ^ hold765/X (sky130_fd_sc_hd__dlygate4sd3_1)
     1    0.00                           net1202 (net)
                  0.05    0.00    6.95 ^ hold479/A (sky130_fd_sc_hd__clkdlybuf4s25_1)
                  0.05    0.23    7.18 ^ hold479/X (sky130_fd_sc_hd__clkdlybuf4s25_1)
     1    0.00                           net916 (net)
                  0.05    0.00    7.18 ^ hold766/A (sky130_fd_sc_hd__dlygate4sd3_1)
                  0.07    0.50    7.68 ^ hold766/X (sky130_fd_sc_hd__dlygate4sd3_1)
     1    0.00                           net1203 (net)
                  0.07    0.00    7.68 ^ hold304/A (sky130_fd_sc_hd__clkdlybuf4s25_1)
                  0.06    0.24    7.92 ^ hold304/X (sky130_fd_sc_hd__clkdlybuf4s25_1)
     1    0.00                           net741 (net)
                  0.06    0.00    7.92 ^ hold767/A (sky130_fd_sc_hd__dlygate4sd3_1)
                  0.07    0.51    8.43 ^ hold767/X (sky130_fd_sc_hd__dlygate4sd3_1)
     1    0.00                           net1204 (net)
                  0.07    0.00    8.43 ^ hold480/A (sky130_fd_sc_hd__clkdlybuf4s25_1)
                  0.05    0.24    8.66 ^ hold480/X (sky130_fd_sc_hd__clkdlybuf4s25_1)
     1    0.00                           net917 (net)
                  0.05    0.00    8.66 ^ hold50/A (sky130_fd_sc_hd__clkdlybuf4s25_1)
                  0.08    0.25    8.92 ^ hold50/X (sky130_fd_sc_hd__clkdlybuf4s25_1)
     1    0.01                           net487 (net)
                  0.08    0.00    8.92 ^ hold305/A (sky130_fd_sc_hd__clkdlybuf4s25_1)
                  0.06    0.24    9.16 ^ hold305/X (sky130_fd_sc_hd__clkdlybuf4s25_1)
     1    0.00                           net742 (net)
                  0.06    0.00    9.16 ^ _684_/D (sky130_fd_sc_hd__dfxtp_1)
                                  9.16   data arrival time

                          0.00    0.00   clock clk (rise edge)
                          6.00    6.00   clock source latency
                  0.60    0.00    6.00 ^ wb_clk_i (in)
     2    0.02                           wb_clk_i (net)
                  0.60    0.00    6.00 ^ _320_/A1 (sky130_fd_sc_hd__mux2_2)
                  0.12    0.36    6.36 ^ _320_/X (sky130_fd_sc_hd__mux2_2)
     1    0.02                           _061_ (net)
                  0.12    0.00    6.37 ^ _321_/A (sky130_fd_sc_hd__buf_1)
                  0.08    0.14    6.50 ^ _321_/X (sky130_fd_sc_hd__buf_1)
     1    0.01                           count.clk (net)
                  0.08    0.00    6.50 ^ wire2/A (sky130_fd_sc_hd__buf_4)
                  0.17    0.23    6.73 ^ wire2/X (sky130_fd_sc_hd__buf_4)
     2    0.06                           net434 (net)
                  0.17    0.02    6.75 ^ wire1/A (sky130_fd_sc_hd__buf_8)
                  0.12    0.20    6.94 ^ wire1/X (sky130_fd_sc_hd__buf_8)
     2    0.07                           net433 (net)
                  0.13    0.02    6.97 ^ clkbuf_0_count.clk/A (sky130_fd_sc_hd__clkbuf_16)
                  0.10    0.21    7.17 ^ clkbuf_0_count.clk/X (sky130_fd_sc_hd__clkbuf_16)
     8    0.08                           clknet_0_count.clk (net)
                  0.10    0.02    7.19 ^ clkbuf_2_1_0_count.clk/A (sky130_fd_sc_hd__clkbuf_4)
                  0.14    0.24    7.44 ^ clkbuf_2_1_0_count.clk/X (sky130_fd_sc_hd__clkbuf_4)
     2    0.04                           clknet_2_1_0_count.clk (net)
                  0.14    0.00    7.44 ^ clkbuf_3_3__f_count.clk/A (sky130_fd_sc_hd__clkbuf_16)
                  0.05    0.18    7.62 ^ clkbuf_3_3__f_count.clk/X (sky130_fd_sc_hd__clkbuf_16)
     8    0.03                           clknet_3_3__leaf_count.clk (net)
                  0.05    0.00    7.62 ^ _684_/CLK (sky130_fd_sc_hd__dfxtp_1)
                          0.30    7.92   clock uncertainty
                          0.00    7.92   clock reconvergence pessimism
                         -0.03    7.89   library hold time
                                  7.89   data required time
-----------------------------------------------------------------------------
                                  7.89   data required time
                                 -9.16   data arrival time
-----------------------------------------------------------------------------
                                  1.27   slack (MET)


Startpoint: la_oenb[10] (input port clocked by clk)
Endpoint: _683_ (rising edge-triggered flip-flop clocked by clk)
Path Group: clk
Path Type: min

Fanout     Cap    Slew   Delay    Time   Description
-----------------------------------------------------------------------------
                          0.00    0.00   clock clk (rise edge)
                          4.50    4.50   clock network delay (propagated)
                          0.00    4.50 v input external delay
                  0.05    0.00    4.50 v la_oenb[10] (in)
     2    0.00                           la_oenb[10] (net)
                  0.05    0.00    4.50 v input34/A (sky130_fd_sc_hd__clkbuf_1)
                  0.04    0.09    4.59 v input34/X (sky130_fd_sc_hd__clkbuf_1)
     1    0.01                           net34 (net)
                  0.04    0.00    4.59 v wire361/A (sky130_fd_sc_hd__buf_6)
                  0.10    0.15    4.75 v wire361/X (sky130_fd_sc_hd__buf_6)
    14    0.11                           net361 (net)
                  0.12    0.03    4.78 v _496_/A_N (sky130_fd_sc_hd__and3b_1)
                  0.12    0.27    5.04 ^ _496_/X (sky130_fd_sc_hd__and3b_1)
     1    0.01                           _194_ (net)
                  0.12    0.00    5.05 ^ hold536/A (sky130_fd_sc_hd__clkdlybuf4s50_1)
                  0.13    0.51    5.56 ^ hold536/X (sky130_fd_sc_hd__clkdlybuf4s50_1)
     1    0.01                           net973 (net)
                  0.13    0.00    5.56 ^ _497_/B1 (sky130_fd_sc_hd__a31o_1)
                  0.07    0.12    5.68 ^ _497_/X (sky130_fd_sc_hd__a31o_1)
     1    0.01                           _195_ (net)
                  0.07    0.00    5.68 ^ hold537/A (sky130_fd_sc_hd__clkdlybuf4s25_1)
                  0.07    0.25    5.93 ^ hold537/X (sky130_fd_sc_hd__clkdlybuf4s25_1)
     1    0.01                           net974 (net)
                  0.07    0.00    5.93 ^ hold109/A (sky130_fd_sc_hd__clkdlybuf4s25_1)
                  0.06    0.24    6.17 ^ hold109/X (sky130_fd_sc_hd__clkdlybuf4s25_1)
     1    0.00                           net546 (net)
                  0.06    0.00    6.17 ^ hold538/A (sky130_fd_sc_hd__clkdlybuf4s25_1)
                  0.06    0.24    6.41 ^ hold538/X (sky130_fd_sc_hd__clkdlybuf4s25_1)
     1    0.00                           net975 (net)
                  0.06    0.00    6.41 ^ _498_/A2 (sky130_fd_sc_hd__o21a_1)
                  0.07    0.12    6.53 ^ _498_/X (sky130_fd_sc_hd__o21a_1)
     1    0.01                           _041_ (net)
                  0.07    0.00    6.53 ^ hold786/A (sky130_fd_sc_hd__dlygate4sd3_1)
                  0.06    0.51    7.04 ^ hold786/X (sky130_fd_sc_hd__dlygate4sd3_1)
     1    0.00                           net1223 (net)
                  0.06    0.00    7.04 ^ hold539/A (sky130_fd_sc_hd__clkdlybuf4s25_1)
                  0.05    0.23    7.27 ^ hold539/X (sky130_fd_sc_hd__clkdlybuf4s25_1)
     1    0.00                           net976 (net)
                  0.05    0.00    7.27 ^ hold787/A (sky130_fd_sc_hd__dlygate4sd3_1)
                  0.05    0.49    7.75 ^ hold787/X (sky130_fd_sc_hd__dlygate4sd3_1)
     1    0.00                           net1224 (net)
                  0.05    0.00    7.75 ^ hold328/A (sky130_fd_sc_hd__clkdlybuf4s25_1)
                  0.04    0.22    7.98 ^ hold328/X (sky130_fd_sc_hd__clkdlybuf4s25_1)
     1    0.00                           net765 (net)
                  0.04    0.00    7.98 ^ hold788/A (sky130_fd_sc_hd__dlygate4sd3_1)
                  0.06    0.50    8.48 ^ hold788/X (sky130_fd_sc_hd__dlygate4sd3_1)
     1    0.00                           net1225 (net)
                  0.06    0.00    8.48 ^ hold540/A (sky130_fd_sc_hd__clkdlybuf4s25_1)
                  0.06    0.24    8.72 ^ hold540/X (sky130_fd_sc_hd__clkdlybuf4s25_1)
     1    0.00                           net977 (net)
                  0.06    0.00    8.72 ^ hold110/A (sky130_fd_sc_hd__clkdlybuf4s25_1)
                  0.05    0.24    8.96 ^ hold110/X (sky130_fd_sc_hd__clkdlybuf4s25_1)
     1    0.00                           net547 (net)
                  0.05    0.00    8.96 ^ hold329/A (sky130_fd_sc_hd__clkdlybuf4s25_1)
                  0.06    0.24    9.20 ^ hold329/X (sky130_fd_sc_hd__clkdlybuf4s25_1)
     1    0.00                           net766 (net)
                  0.06    0.00    9.20 ^ _683_/D (sky130_fd_sc_hd__dfxtp_1)
                                  9.20   data arrival time

                          0.00    0.00   clock clk (rise edge)
                          6.00    6.00   clock source latency
                  0.60    0.00    6.00 ^ wb_clk_i (in)
     2    0.02                           wb_clk_i (net)
                  0.60    0.00    6.00 ^ _320_/A1 (sky130_fd_sc_hd__mux2_2)
                  0.12    0.36    6.36 ^ _320_/X (sky130_fd_sc_hd__mux2_2)
     1    0.02                           _061_ (net)
                  0.12    0.00    6.37 ^ _321_/A (sky130_fd_sc_hd__buf_1)
                  0.08    0.14    6.50 ^ _321_/X (sky130_fd_sc_hd__buf_1)
     1    0.01                           count.clk (net)
                  0.08    0.00    6.50 ^ wire2/A (sky130_fd_sc_hd__buf_4)
                  0.17    0.23    6.73 ^ wire2/X (sky130_fd_sc_hd__buf_4)
     2    0.06                           net434 (net)
                  0.17    0.02    6.75 ^ wire1/A (sky130_fd_sc_hd__buf_8)
                  0.12    0.20    6.94 ^ wire1/X (sky130_fd_sc_hd__buf_8)
     2    0.07                           net433 (net)
                  0.13    0.02    6.97 ^ clkbuf_0_count.clk/A (sky130_fd_sc_hd__clkbuf_16)
                  0.10    0.21    7.17 ^ clkbuf_0_count.clk/X (sky130_fd_sc_hd__clkbuf_16)
     8    0.08                           clknet_0_count.clk (net)
                  0.10    0.02    7.19 ^ clkbuf_2_1_0_count.clk/A (sky130_fd_sc_hd__clkbuf_4)
                  0.14    0.24    7.44 ^ clkbuf_2_1_0_count.clk/X (sky130_fd_sc_hd__clkbuf_4)
     2    0.04                           clknet_2_1_0_count.clk (net)
                  0.14    0.00    7.44 ^ clkbuf_3_3__f_count.clk/A (sky130_fd_sc_hd__clkbuf_16)
                  0.05    0.18    7.62 ^ clkbuf_3_3__f_count.clk/X (sky130_fd_sc_hd__clkbuf_16)
     8    0.03                           clknet_3_3__leaf_count.clk (net)
                  0.05    0.00    7.62 ^ _683_/CLK (sky130_fd_sc_hd__dfxtp_1)
                          0.30    7.92   clock uncertainty
                          0.00    7.92   clock reconvergence pessimism
                         -0.03    7.88   library hold time
                                  7.88   data required time
-----------------------------------------------------------------------------
                                  7.88   data required time
                                 -9.20   data arrival time
-----------------------------------------------------------------------------
                                  1.31   slack (MET)


