****************************************
Report : constraint
	-all_violators
	-path slack_only
Design : user_project_wrapper
Version: T-2022.03-SP3
Date   : Sun May  7 08:26:48 2023
****************************************


   max_delay/setup ('clk' group)

   Endpoint                                                  Slack
   -----------------------------------------------------------------
   user_projects[3].genblk1.user_project/_620_/D           -1.7831  (VIOLATED)
   user_projects[2].genblk1.user_project/_621_/D           -0.6157  (VIOLATED)
   user_projects[3].genblk1.user_project/_618_/D           -0.6075  (VIOLATED)
   io_oeb[1]                                               -0.3407  (VIOLATED)


   min_delay/hold ('clock_gating_default' group)

   Endpoint                                                  Slack
   -----------------------------------------------------------------
   _0663_/A_N                                             -15.8157  (VIOLATED)
   _0664_/A_N                                             -15.0170  (VIOLATED)
   _0664_/B                                               -14.5541  (VIOLATED)
   _0665_/C                                               -14.1030  (VIOLATED)
   _0666_/B                                               -14.0639  (VIOLATED)
   _0666_/A                                               -13.2300  (VIOLATED)
   _0665_/A                                               -13.0812  (VIOLATED)
   _0663_/B                                               -11.5010  (VIOLATED)



   clock_gating_hold

   Endpoint                                                  Slack
   -----------------------------------------------------------------
   _0663_/A_N                                             -15.8157  (VIOLATED)
   _0664_/A_N                                             -15.0170  (VIOLATED)
   _0664_/B                                               -14.5541  (VIOLATED)
   _0665_/C                                               -14.1030  (VIOLATED)
   _0666_/B                                               -14.0639  (VIOLATED)
   _0666_/A                                               -13.2300  (VIOLATED)
   _0665_/A                                               -13.0812  (VIOLATED)
   _0663_/B                                               -11.5010  (VIOLATED)


   max_capacitance

                             Required        Actual
   Pin                      Capacitance    Capacitance       Slack
   -----------------------------------------------------------------
   output402/X                0.1007         0.1214        -0.0207  (VIOLATED)
   output374/X                0.1007         0.1211        -0.0204  (VIOLATED)
   output375/X                0.1007         0.1167        -0.0160  (VIOLATED)
   output401/X                0.1007         0.1139        -0.0132  (VIOLATED)
   output358/X                0.1007         0.1126        -0.0119  (VIOLATED)
   output365/X                0.1007         0.1123        -0.0116  (VIOLATED)
   output403/X                0.1007         0.1112        -0.0105  (VIOLATED)
   output396/X                0.1007         0.1105        -0.0097  (VIOLATED)
   output394/X                0.1007         0.1098        -0.0090  (VIOLATED)
   output395/X                0.1007         0.1096        -0.0089  (VIOLATED)
   _1060_/Y                   0.0549         0.0633        -0.0084  (VIOLATED)
   output364/X                0.1007         0.1089        -0.0082  (VIOLATED)
   output363/X                0.1007         0.1077        -0.0070  (VIOLATED)
   _1214_/Y                   0.0549         0.0614        -0.0064  (VIOLATED)
   output356/X                0.1007         0.1065        -0.0058  (VIOLATED)
   output393/X                0.1007         0.1064        -0.0057  (VIOLATED)
   _1427_/Y                   0.0549         0.0585        -0.0036  (VIOLATED)
   _1208_/Y                   0.0549         0.0560        -0.0011  (VIOLATED)
   _1072_/Y                   0.0549         0.0551        -0.0002  (VIOLATED)


   max_transition

                             Required        Actual
   Pin                      Transition     Transition        Slack
   -----------------------------------------------------------------
   output402/X                1.4904         1.8087        -0.3183  (VIOLATED)
   io_out[23]                 1.5000         1.8102        -0.3102  (VIOLATED)
   output374/X                1.4904         1.8005        -0.3101  (VIOLATED)
   io_oeb[30]                 1.5000         1.8014        -0.3014  (VIOLATED)
   output375/X                1.4904         1.7362        -0.2458  (VIOLATED)
   io_oeb[31]                 1.5000         1.7369        -0.2369  (VIOLATED)
   output401/X                1.4904         1.6962        -0.2058  (VIOLATED)
   _1060_/Y                   1.4940         1.6951        -0.2011  (VIOLATED)
   wire4529/A                 1.5000         1.6991        -0.1991  (VIOLATED)
   ANTENNA_wire4529_A/DIODE   1.5000         1.6991        -0.1991  (VIOLATED)
   io_out[22]                 1.5000         1.6968        -0.1968  (VIOLATED)
   output358/X                1.4904         1.6766        -0.1862  (VIOLATED)
   output365/X                1.4904         1.6720        -0.1815  (VIOLATED)
   io_oeb[16]                 1.5000         1.6772        -0.1772  (VIOLATED)
   io_oeb[22]                 1.5000         1.6725        -0.1725  (VIOLATED)
   output403/X                1.4904         1.6548        -0.1644  (VIOLATED)
   io_out[24]                 1.5000         1.6552        -0.1552  (VIOLATED)
   output396/X                1.4904         1.6447        -0.1543  (VIOLATED)
   _1214_/Y                   1.4940         1.6441        -0.1501  (VIOLATED)
   wire4648/A                 1.5000         1.6482        -0.1482  (VIOLATED)
   ANTENNA_wire4648_A/DIODE   1.5000         1.6482        -0.1482  (VIOLATED)
   io_out[18]                 1.5000         1.6453        -0.1453  (VIOLATED)
   output394/X                1.4904         1.6339        -0.1435  (VIOLATED)
   output395/X                1.4904         1.6320        -0.1416  (VIOLATED)
   io_out[16]                 1.5000         1.6344        -0.1344  (VIOLATED)
   io_out[17]                 1.5000         1.6325        -0.1325  (VIOLATED)
   output364/X                1.4904         1.6202        -0.1298  (VIOLATED)
   io_oeb[21]                 1.5000         1.6206        -0.1206  (VIOLATED)
   output363/X                1.4904         1.6031        -0.1127  (VIOLATED)
   io_oeb[20]                 1.5000         1.6034        -0.1034  (VIOLATED)
   output356/X                1.4904         1.5883        -0.0979  (VIOLATED)
   output393/X                1.4904         1.5874        -0.0970  (VIOLATED)
   io_oeb[14]                 1.5000         1.5840        -0.0840  (VIOLATED)
   io_out[15]                 1.5000         1.5825        -0.0825  (VIOLATED)
   _1427_/Y                   1.4940         1.5716        -0.0776  (VIOLATED)
   wire4632/A                 1.5000         1.5748        -0.0748  (VIOLATED)
   ANTENNA_wire4632_A/DIODE   1.5000         1.5748        -0.0748  (VIOLATED)
   _1208_/Y                   1.4940         1.5108        -0.0168  (VIOLATED)
   wire4987/A                 1.5000         1.5131        -0.0131  (VIOLATED)
   ANTENNA_wire4987_A/DIODE   1.5000         1.5131        -0.0131  (VIOLATED)


1
