****************************************
Report : constraint
	-all_violators
	-path slack_only
Design : user_project_wrapper
Version: T-2022.03-SP3
Date   : Sun May  7 08:26:14 2023
****************************************


   max_delay/setup ('clk' group)

   Endpoint                                                  Slack
   -----------------------------------------------------------------
   user_projects[3].genblk1.user_project/_620_/D           -3.3919  (VIOLATED)
   io_oeb[1]                                               -2.4658  (VIOLATED)
   user_projects[3].genblk1.user_project/_618_/D           -2.1767  (VIOLATED)
   io_oeb[5]                                               -1.7936  (VIOLATED)
   user_projects[2].genblk1.user_project/_621_/D           -1.7872  (VIOLATED)
   io_oeb[4]                                               -1.6013  (VIOLATED)
   io_oeb[26]                                              -1.4954  (VIOLATED)
   io_oeb[0]                                               -1.3510  (VIOLATED)
   io_oeb[2]                                               -1.1158  (VIOLATED)
   io_oeb[16]                                              -1.0151  (VIOLATED)
   io_oeb[28]                                              -0.9620  (VIOLATED)
   io_oeb[29]                                              -0.8709  (VIOLATED)
   io_oeb[3]                                               -0.7940  (VIOLATED)
   io_oeb[27]                                              -0.7781  (VIOLATED)
   io_oeb[10]                                              -0.7378  (VIOLATED)
   user_projects[3].genblk1.user_project/_621_/D           -0.7255  (VIOLATED)
   io_oeb[21]                                              -0.6226  (VIOLATED)
   user_projects[2].genblk1.user_project/_614_/D           -0.5590  (VIOLATED)
   user_projects[2].genblk1.user_project/_610_/D           -0.2385  (VIOLATED)
   io_oeb[9]                                               -0.2372  (VIOLATED)
   io_oeb[25]                                              -0.1367  (VIOLATED)
   io_oeb[7]                                               -0.0840  (VIOLATED)
   user_projects[2].genblk1.user_project/_606_/D           -0.0717  (VIOLATED)


   min_delay/hold ('clock_gating_default' group)

   Endpoint                                                  Slack
   -----------------------------------------------------------------
   _0663_/A_N                                             -15.8376  (VIOLATED)
   _0664_/A_N                                             -14.9947  (VIOLATED)
   _0664_/B                                               -14.5164  (VIOLATED)
   _0665_/C                                               -13.9794  (VIOLATED)
   _0666_/B                                               -13.9657  (VIOLATED)
   _0666_/A                                               -13.0842  (VIOLATED)
   _0665_/A                                               -12.7944  (VIOLATED)
   _0663_/B                                               -11.0251  (VIOLATED)



   clock_gating_hold

   Endpoint                                                  Slack
   -----------------------------------------------------------------
   _0663_/A_N                                             -15.8376  (VIOLATED)
   _0664_/A_N                                             -14.9947  (VIOLATED)
   _0664_/B                                               -14.5164  (VIOLATED)
   _0665_/C                                               -13.9794  (VIOLATED)
   _0666_/B                                               -13.9657  (VIOLATED)
   _0666_/A                                               -13.0842  (VIOLATED)
   _0665_/A                                               -12.7944  (VIOLATED)
   _0663_/B                                               -11.0251  (VIOLATED)


   max_capacitance

                             Required        Actual
   Pin                      Capacitance    Capacitance       Slack
   -----------------------------------------------------------------
   output374/X                0.1007         0.1253        -0.0246  (VIOLATED)
   output402/X                0.1007         0.1242        -0.0235  (VIOLATED)
   _1060_/Y                   0.0549         0.0763        -0.0214  (VIOLATED)
   output375/X                0.1007         0.1203        -0.0195  (VIOLATED)
   _1214_/Y                   0.0549         0.0733        -0.0183  (VIOLATED)
   output401/X                0.1007         0.1159        -0.0152  (VIOLATED)
   _1427_/Y                   0.0549         0.0699        -0.0149  (VIOLATED)
   output358/X                0.1007         0.1143        -0.0136  (VIOLATED)
   output365/X                0.1007         0.1138        -0.0131  (VIOLATED)
   output403/X                0.1007         0.1130        -0.0123  (VIOLATED)
   output396/X                0.1007         0.1120        -0.0113  (VIOLATED)
   _1072_/Y                   0.0549         0.0661        -0.0111  (VIOLATED)
   _1208_/Y                   0.0549         0.0660        -0.0111  (VIOLATED)
   output394/X                0.1007         0.1110        -0.0103  (VIOLATED)
   output395/X                0.1007         0.1109        -0.0102  (VIOLATED)
   output364/X                0.1007         0.1101        -0.0094  (VIOLATED)
   _1219_/Y                   0.0549         0.0643        -0.0093  (VIOLATED)
   _1421_/Y                   0.0549         0.0631        -0.0081  (VIOLATED)
   user_projects[0].genblk1.user_project/hold931/X   0.1007   0.1088  -0.0081 (VIOLATED)
   output363/X                0.1007         0.1088        -0.0080  (VIOLATED)
   _1225_/Y                   0.0549         0.0626        -0.0076  (VIOLATED)
   output356/X                0.1007         0.1074        -0.0066  (VIOLATED)
   output393/X                0.1007         0.1071        -0.0064  (VIOLATED)
   _1130_/Y                   0.0549         0.0602        -0.0052  (VIOLATED)
   fanout5024/X               0.1007         0.1040        -0.0033  (VIOLATED)
   user_projects[0].genblk1.user_project/hold929/X   0.1007   0.1025  -0.0018 (VIOLATED)


   max_transition

                             Required        Actual
   Pin                      Transition     Transition        Slack
   -----------------------------------------------------------------
   _1060_/Y                   1.4940         2.0264        -0.5324  (VIOLATED)
   ANTENNA_wire4529_A/DIODE   1.5000         2.0270        -0.5270  (VIOLATED)
   wire4529/A                 1.5000         2.0270        -0.5270  (VIOLATED)
   _1214_/Y                   1.4940         1.9459        -0.4519  (VIOLATED)
   ANTENNA_wire4648_A/DIODE   1.5000         1.9462        -0.4462  (VIOLATED)
   wire4648/A                 1.5000         1.9462        -0.4462  (VIOLATED)
   output374/X                1.4904         1.8778        -0.3874  (VIOLATED)
   io_oeb[30]                 1.5000         1.8807        -0.3807  (VIOLATED)
   output402/X                1.4904         1.8591        -0.3687  (VIOLATED)
   _1427_/Y                   1.4940         1.8607        -0.3667  (VIOLATED)
   io_out[23]                 1.5000         1.8619        -0.3619  (VIOLATED)
   ANTENNA_wire4632_A/DIODE   1.5000         1.8611        -0.3611  (VIOLATED)
   wire4632/A                 1.5000         1.8611        -0.3611  (VIOLATED)
   output375/X                1.4904         1.8002        -0.3098  (VIOLATED)
   io_oeb[31]                 1.5000         1.8025        -0.3025  (VIOLATED)
   _1208_/Y                   1.4940         1.7652        -0.2712  (VIOLATED)
   _1072_/Y                   1.4940         1.7652        -0.2712  (VIOLATED)
   wire4987/A                 1.5000         1.7706        -0.2706  (VIOLATED)
   ANTENNA_wire4987_A/DIODE   1.5000         1.7706        -0.2706  (VIOLATED)
   ANTENNA_wire92_A/DIODE     1.5000         1.7655        -0.2655  (VIOLATED)
   wire92/A                   1.5000         1.7655        -0.2655  (VIOLATED)
   output401/X                1.4904         1.7330        -0.2426  (VIOLATED)
   io_out[22]                 1.5000         1.7344        -0.2344  (VIOLATED)
   _1219_/Y                   1.4940         1.7188        -0.2247  (VIOLATED)
   wire4984/A                 1.5000         1.7244        -0.2244  (VIOLATED)
   ANTENNA_wire4984_A/DIODE   1.5000         1.7244        -0.2244  (VIOLATED)
   output358/X                1.4904         1.7086        -0.2182  (VIOLATED)
   output365/X                1.4904         1.7011        -0.2107  (VIOLATED)
   io_oeb[16]                 1.5000         1.7099        -0.2099  (VIOLATED)
   io_oeb[22]                 1.5000         1.7023        -0.2023  (VIOLATED)
   output403/X                1.4904         1.6889        -0.1985  (VIOLATED)
   _1421_/Y                   1.4940         1.6906        -0.1966  (VIOLATED)
   ANTENNA_wire98_A/DIODE     1.5000         1.6909        -0.1909  (VIOLATED)
   wire98/A                   1.5000         1.6909        -0.1909  (VIOLATED)
   io_out[24]                 1.5000         1.6899        -0.1899  (VIOLATED)
   output396/X                1.4904         1.6771        -0.1867  (VIOLATED)
   _1225_/Y                   1.4940         1.6781        -0.1841  (VIOLATED)
   wire4592/A                 1.5000         1.6824        -0.1824  (VIOLATED)
   ANTENNA_wire4592_A/DIODE   1.5000         1.6824        -0.1824  (VIOLATED)
   io_out[18]                 1.5000         1.6786        -0.1786  (VIOLATED)
   output394/X                1.4904         1.6594        -0.1690  (VIOLATED)
   output395/X                1.4904         1.6571        -0.1667  (VIOLATED)
   io_out[16]                 1.5000         1.6604        -0.1604  (VIOLATED)
   io_out[17]                 1.5000         1.6581        -0.1581  (VIOLATED)
   output364/X                1.4904         1.6446        -0.1542  (VIOLATED)
   user_projects[0].genblk1.user_project/ANTENNA_hold216_A/DIODE   1.5000   1.6512  -0.1512 (VIOLATED)
   user_projects[0].genblk1.user_project/hold216/A   1.5000   1.6512  -0.1512 (VIOLATED)
   user_projects[0].genblk1.user_project/hold931/X   1.4989   1.6499  -0.1510 (VIOLATED)
   user_projects[0].genblk1.user_project/ANTENNA__362__A1/DIODE   1.5000   1.6500  -0.1500 (VIOLATED)
   user_projects[0].genblk1.user_project/_362_/A1   1.5000   1.6500  -0.1500 (VIOLATED)
   io_oeb[21]                 1.5000         1.6454        -0.1454  (VIOLATED)
   output363/X                1.4904         1.6245        -0.1341  (VIOLATED)
   _1130_/Y                   1.4940         1.6204        -0.1264  (VIOLATED)
   ANTENNA_wire1759_A/DIODE   1.5000         1.6260        -0.1260  (VIOLATED)
   io_oeb[20]                 1.5000         1.6252        -0.1252  (VIOLATED)
   wire1759/A                 1.5000         1.6207        -0.1207  (VIOLATED)
   output356/X                1.4904         1.6023        -0.1118  (VIOLATED)
   output393/X                1.4904         1.5991        -0.1087  (VIOLATED)
   io_oeb[14]                 1.5000         1.6028        -0.1028  (VIOLATED)
   io_out[15]                 1.5000         1.5996        -0.0996  (VIOLATED)
   fanout5024/X               1.4904         1.5788        -0.0883  (VIOLATED)
   ANTENNA_wire6056_A/DIODE   1.5000         1.5816        -0.0816  (VIOLATED)
   wire6056/A                 1.5000         1.5816        -0.0816  (VIOLATED)
   user_projects[0].genblk1.user_project/hold929/X   1.4989   1.5487  -0.0498 (VIOLATED)
   user_projects[0].genblk1.user_project/ANTENNA_hold217_A/DIODE   1.5000   1.5494  -0.0494 (VIOLATED)
   user_projects[0].genblk1.user_project/hold217/A   1.5000   1.5494  -0.0494 (VIOLATED)
   user_projects[0].genblk1.user_project/ANTENNA__364__A1/DIODE   1.5000   1.5488  -0.0488 (VIOLATED)
   user_projects[0].genblk1.user_project/_364_/A1   1.5000   1.5488  -0.0488 (VIOLATED)


1
