****************************************
Report : global_timing
	-format { narrow }
	-separate_all_groups
Design : caravel
Version: T-2022.03-SP3
Date   : Sun May  7 05:08:13 2023
****************************************

Setup violations for paths in clk
--------------------------------------------------------------
          Total   reg->reg    in->reg   reg->out    in->out
--------------------------------------------------------------
WNS    -13.4214   -13.4214     0.0000     0.0000     0.0000
TNS  -1164.7203 -1164.7203     0.0000     0.0000     0.0000
NUM         295        295          0          0          0
--------------------------------------------------------------

Setup violations for paths in **clock_gating_default**
---------------------------------------------------------
         Total  reg->reg   in->reg  reg->out   in->out
---------------------------------------------------------
WNS    -0.8618   -0.8618    0.0000    0.0000    0.0000
TNS  -102.9090 -102.9090    0.0000    0.0000    0.0000
NUM        237       237         0         0         0
---------------------------------------------------------


1
