
===========================================================================
report_parasitic_annotation -report_unannotated
============================================================================
Found 71 unannotated nets.
 io_in[0]
 io_in[10]
 io_in[11]
 io_in[12]
 io_in[13]
 io_in[14]
 io_in[15]
 io_in[16]
 io_in[17]
 io_in[18]
 io_in[19]
 io_in[1]
 io_in[20]
 io_in[21]
 io_in[22]
 io_in[23]
 io_in[24]
 io_in[25]
 io_in[26]
 io_in[27]
 io_in[28]
 io_in[29]
 io_in[2]
 io_in[30]
 io_in[31]
 io_in[32]
 io_in[33]
 io_in[34]
 io_in[35]
 io_in[3]
 io_in[4]
 io_in[5]
 io_in[6]
 io_in[7]
 io_in[8]
 io_in[9]
 user_clock2
 wbs_adr_i[0]
 wbs_adr_i[10]
 wbs_adr_i[11]
 wbs_adr_i[12]
 wbs_adr_i[13]
 wbs_adr_i[14]
 wbs_adr_i[15]
 wbs_adr_i[16]
 wbs_adr_i[17]
 wbs_adr_i[18]
 wbs_adr_i[19]
 wbs_adr_i[1]
 wbs_adr_i[20]
 wbs_adr_i[21]
 wbs_adr_i[22]
 wbs_adr_i[23]
 wbs_adr_i[24]
 wbs_adr_i[25]
 wbs_adr_i[26]
 wbs_adr_i[27]
 wbs_adr_i[28]
 wbs_adr_i[29]
 wbs_adr_i[2]
 wbs_adr_i[30]
 wbs_adr_i[31]
 wbs_adr_i[3]
 wbs_adr_i[4]
 wbs_adr_i[5]
 wbs_adr_i[6]
 wbs_adr_i[7]
 wbs_adr_i[8]
 wbs_adr_i[9]
 wbs_dat_i[30]
 wbs_dat_i[31]
Found 0 partially unannotated nets.
parastic_annotation_check
check_slew

===========================================================================
 report_check_types -max_slew -max_cap -max_fanout -violators
============================================================================
max fanout

Pin                                   Limit Fanout  Slack
---------------------------------------------------------
wire321/X                                14     32    -18 (VIOLATED)
_318_/X                                  14     28    -14 (VIOLATED)
hold120/X                                14     28    -14 (VIOLATED)
_398_/X                                  14     24    -10 (VIOLATED)
fanout299/X                              14     22     -8 (VIOLATED)
_523_/Y                                  14     18     -4 (VIOLATED)
wire301/X                                14     18     -4 (VIOLATED)
wire349/X                                14     17     -3 (VIOLATED)
_576_/Y                                  14     16     -2 (VIOLATED)
hold109/X                                14     16     -2 (VIOLATED)
wire302/X                                14     16     -2 (VIOLATED)


===========================================================================
max slew violation count 0
max fanout violation count 11
max cap violation count 0
============================================================================
check_slew_end
tns_report

===========================================================================
 report_tns
============================================================================
tns 0.00
tns_report_end
wns_report

===========================================================================
 report_wns
============================================================================
wns 0.00
wns_report_end
worst_slack

===========================================================================
 report_worst_slack -max (Setup)
============================================================================
worst slack 5.37

===========================================================================
 report_worst_slack -min (Hold)
============================================================================
worst slack 1.15
worst_slack_end
clock_skew

===========================================================================
 report_clock_skew
============================================================================
Clock clk
Latency      CRPR       Skew
_681_/CLK ^
  18.43
_650_/CLK ^
   5.75      0.00      12.69

clock_skew_end
power_report

===========================================================================
 report_power
============================================================================
Group                  Internal  Switching    Leakage      Total
                          Power      Power      Power      Power (Watts)
----------------------------------------------------------------
Sequential             8.78e-05   1.19e-05   5.18e-10   9.97e-05  14.4%
Combinational          2.23e-04   3.72e-04   1.07e-07   5.94e-04  85.6%
Macro                  0.00e+00   0.00e+00   0.00e+00   0.00e+00   0.0%
Pad                    0.00e+00   0.00e+00   0.00e+00   0.00e+00   0.0%
----------------------------------------------------------------
Total                  3.10e-04   3.84e-04   1.08e-07   6.94e-04 100.0%
                          44.7%      55.3%       0.0%
power_report_end
area_report

===========================================================================
 report_design_area
============================================================================
Design area 55942 u^2 3% utilization.
area_report_end
Setting global connections for newly added cells...
[WARNING] Did not save OpenROAD database!
Writing SDF to /home/hosni/mpc/openlane/user_project_3/runs/23_04_23_18_17/results/routing/mca/process_corner_nom/user_project_3.sdf...
Writing timing model to /home/hosni/mpc/openlane/user_project_3/runs/23_04_23_18_17/results/routing/mca/process_corner_nom/user_project_3.lib...

