
===========================================================================
report_parasitic_annotation -report_unannotated
============================================================================
Found 221 unannotated nets.
 analog_io[0]
 analog_io[10]
 analog_io[11]
 analog_io[12]
 analog_io[13]
 analog_io[14]
 analog_io[15]
 analog_io[16]
 analog_io[17]
 analog_io[18]
 analog_io[19]
 analog_io[1]
 analog_io[20]
 analog_io[21]
 analog_io[22]
 analog_io[23]
 analog_io[24]
 analog_io[25]
 analog_io[26]
 analog_io[27]
 analog_io[28]
 analog_io[2]
 analog_io[3]
 analog_io[4]
 analog_io[5]
 analog_io[6]
 analog_io[7]
 analog_io[8]
 analog_io[9]
 la_data_in[100]
 la_data_in[101]
 la_data_in[102]
 la_data_in[103]
 la_data_in[104]
 la_data_in[105]
 la_data_in[106]
 la_data_in[107]
 la_data_in[108]
 la_data_in[109]
 la_data_in[110]
 la_data_in[111]
 la_data_in[112]
 la_data_in[113]
 la_data_in[114]
 la_data_in[115]
 la_data_in[116]
 la_data_in[117]
 la_data_in[118]
 la_data_in[119]
 la_data_in[120]
 la_data_in[121]
 la_data_in[122]
 la_data_in[123]
 la_data_in[124]
 la_data_in[125]
 la_data_in[126]
 la_data_in[127]
 la_data_in[32]
 la_data_in[33]
 la_data_in[34]
 la_data_in[35]
 la_data_in[36]
 la_data_in[37]
 la_data_in[38]
 la_data_in[39]
 la_data_in[40]
 la_data_in[41]
 la_data_in[42]
 la_data_in[43]
 la_data_in[44]
 la_data_in[45]
 la_data_in[46]
 la_data_in[47]
 la_data_in[48]
 la_data_in[49]
 la_data_in[50]
 la_data_in[51]
 la_data_in[52]
 la_data_in[53]
 la_data_in[54]
 la_data_in[55]
 la_data_in[56]
 la_data_in[57]
 la_data_in[58]
 la_data_in[59]
 la_data_in[60]
 la_data_in[61]
 la_data_in[62]
 la_data_in[63]
 la_data_in[64]
 la_data_in[65]
 la_data_in[66]
 la_data_in[67]
 la_data_in[68]
 la_data_in[69]
 la_data_in[70]
 la_data_in[71]
 la_data_in[72]
 la_data_in[73]
 la_data_in[74]
 la_data_in[75]
 la_data_in[76]
 la_data_in[77]
 la_data_in[78]
 la_data_in[79]
 la_data_in[80]
 la_data_in[81]
 la_data_in[82]
 la_data_in[83]
 la_data_in[84]
 la_data_in[85]
 la_data_in[86]
 la_data_in[87]
 la_data_in[88]
 la_data_in[89]
 la_data_in[90]
 la_data_in[91]
 la_data_in[92]
 la_data_in[93]
 la_data_in[94]
 la_data_in[95]
 la_data_in[96]
 la_data_in[97]
 la_data_in[98]
 la_data_in[99]
 la_oenb[100]
 la_oenb[101]
 la_oenb[102]
 la_oenb[103]
 la_oenb[104]
 la_oenb[105]
 la_oenb[106]
 la_oenb[107]
 la_oenb[108]
 la_oenb[109]
 la_oenb[110]
 la_oenb[111]
 la_oenb[112]
 la_oenb[113]
 la_oenb[114]
 la_oenb[115]
 la_oenb[116]
 la_oenb[117]
 la_oenb[118]
 la_oenb[119]
 la_oenb[120]
 la_oenb[121]
 la_oenb[122]
 la_oenb[123]
 la_oenb[124]
 la_oenb[125]
 la_oenb[126]
 la_oenb[127]
 la_oenb[32]
 la_oenb[33]
 la_oenb[34]
 la_oenb[35]
 la_oenb[36]
 la_oenb[37]
 la_oenb[38]
 la_oenb[39]
 la_oenb[40]
 la_oenb[41]
 la_oenb[42]
 la_oenb[43]
 la_oenb[44]
 la_oenb[45]
 la_oenb[46]
 la_oenb[47]
 la_oenb[48]
 la_oenb[49]
 la_oenb[50]
 la_oenb[51]
 la_oenb[52]
 la_oenb[53]
 la_oenb[54]
 la_oenb[55]
 la_oenb[56]
 la_oenb[57]
 la_oenb[58]
 la_oenb[59]
 la_oenb[60]
 la_oenb[61]
 la_oenb[62]
 la_oenb[63]
 la_oenb[64]
 la_oenb[65]
 la_oenb[66]
 la_oenb[67]
 la_oenb[68]
 la_oenb[69]
 la_oenb[70]
 la_oenb[71]
 la_oenb[72]
 la_oenb[73]
 la_oenb[74]
 la_oenb[75]
 la_oenb[76]
 la_oenb[77]
 la_oenb[78]
 la_oenb[79]
 la_oenb[80]
 la_oenb[81]
 la_oenb[82]
 la_oenb[83]
 la_oenb[84]
 la_oenb[85]
 la_oenb[86]
 la_oenb[87]
 la_oenb[88]
 la_oenb[89]
 la_oenb[90]
 la_oenb[91]
 la_oenb[92]
 la_oenb[93]
 la_oenb[94]
 la_oenb[95]
 la_oenb[96]
 la_oenb[97]
 la_oenb[98]
 la_oenb[99]
Found 672 partially unannotated nets.
 net6
  ANTENNA_user_projects\[3\].genblk1.user_project_io_in[14]/DIODE
 net27
  ANTENNA_user_projects\[0\].genblk1.user_project_io_in[33]/DIODE
 net33
  ANTENNA_user_projects\[1\].genblk1.user_project_io_in[4]/DIODE
 net34
  ANTENNA_user_projects\[1\].genblk1.user_project_io_in[5]/DIODE
 net35
  ANTENNA_user_projects\[1\].genblk1.user_project_io_in[6]/DIODE
 net4204
  ANTENNA_user_projects\[0\].genblk1.user_project_la_oenb[6]/DIODE
 net4206
  ANTENNA_user_projects\[3\].genblk1.user_project_la_oenb[5]/DIODE
 net4212
  ANTENNA_user_projects\[0\].genblk1.user_project_la_oenb[5]/DIODE
 net4214
  ANTENNA_user_projects\[3\].genblk1.user_project_la_oenb[4]/DIODE
 net4218
  ANTENNA_user_projects\[1\].genblk1.user_project_la_oenb[4]/DIODE
 net4220
  ANTENNA_user_projects\[0\].genblk1.user_project_la_oenb[4]/DIODE
 net4222
  ANTENNA_user_projects\[3\].genblk1.user_project_la_oenb[3]/DIODE
 net4226
  ANTENNA_user_projects\[1\].genblk1.user_project_la_oenb[3]/DIODE
 net4228
  ANTENNA_user_projects\[0\].genblk1.user_project_la_oenb[3]/DIODE
 net4246
  ANTENNA_user_projects\[3\].genblk1.user_project_la_oenb[2]/DIODE
 net4250
  ANTENNA_user_projects\[1\].genblk1.user_project_la_oenb[2]/DIODE
 net4252
  ANTENNA_user_projects\[0\].genblk1.user_project_la_oenb[2]/DIODE
 net4268
  ANTENNA_user_projects\[0\].genblk1.user_project_la_oenb[28]/DIODE
 net4341
  ANTENNA_user_projects\[3\].genblk1.user_project_la_oenb[1]/DIODE
 net4345
  ANTENNA_user_projects\[1\].genblk1.user_project_la_oenb[1]/DIODE
 net4347
  ANTENNA_user_projects\[0\].genblk1.user_project_la_oenb[1]/DIODE
 net4363
  ANTENNA_user_projects\[0\].genblk1.user_project_la_oenb[18]/DIODE
 net4365
  ANTENNA_user_projects\[2\].genblk1.user_project_io_in[16]/DIODE
 net4367
  ANTENNA_user_projects\[0\].genblk1.user_project_io_in[16]/DIODE
 net4371
  ANTENNA_user_projects\[3\].genblk1.user_project_io_in[16]/DIODE
 net4378
  ANTENNA_user_projects\[0\].genblk1.user_project_la_oenb[17]/DIODE
 net4386
  ANTENNA_user_projects\[0\].genblk1.user_project_la_oenb[16]/DIODE
 net4394
  ANTENNA_user_projects\[0\].genblk1.user_project_la_oenb[15]/DIODE
 net4402
  ANTENNA_user_projects\[0\].genblk1.user_project_la_oenb[14]/DIODE
 net4410
  ANTENNA_user_projects\[0\].genblk1.user_project_la_oenb[13]/DIODE
 net4418
  ANTENNA_user_projects\[0\].genblk1.user_project_la_oenb[12]/DIODE
 net4426
  ANTENNA_user_projects\[0\].genblk1.user_project_la_oenb[11]/DIODE
 net4434
  ANTENNA_user_projects\[0\].genblk1.user_project_la_oenb[10]/DIODE
 net4436
  ANTENNA_user_projects\[3\].genblk1.user_project_la_oenb[0]/DIODE
 net4440
  ANTENNA_user_projects\[1\].genblk1.user_project_la_oenb[0]/DIODE
 net4442
  ANTENNA_user_projects\[0\].genblk1.user_project_la_oenb[0]/DIODE
 net4449
  ANTENNA_user_projects\[1\].genblk1.user_project_la_data_in[9]/DIODE
 net4451
  ANTENNA_user_projects\[2\].genblk1.user_project_io_in[15]/DIODE
 net4453
  ANTENNA_user_projects\[0\].genblk1.user_project_io_in[15]/DIODE
 net4457
  ANTENNA_user_projects\[3\].genblk1.user_project_io_in[15]/DIODE
 net4463
  ANTENNA_user_projects\[1\].genblk1.user_project_la_data_in[8]/DIODE
 net4470
  ANTENNA_user_projects\[1\].genblk1.user_project_la_data_in[7]/DIODE
 net4477
  ANTENNA_user_projects\[1\].genblk1.user_project_la_data_in[6]/DIODE
 net4500
  ANTENNA_user_projects\[2\].genblk1.user_project_la_data_in[31]/DIODE
 net4502
  ANTENNA_user_projects\[0\].genblk1.user_project_la_data_in[31]/DIODE
 net4504
  ANTENNA_user_projects\[3\].genblk1.user_project_la_data_in[31]/DIODE
 net4506
  ANTENNA_user_projects\[1\].genblk1.user_project_la_data_in[31]/DIODE
 net4507
  ANTENNA_user_projects\[2\].genblk1.user_project_la_data_in[30]/DIODE
 net4512
  ANTENNA_user_projects\[1\].genblk1.user_project_la_data_in[30]/DIODE
 net4521
  ANTENNA_user_projects\[2\].genblk1.user_project_la_data_in[29]/DIODE
 net4526
  ANTENNA_user_projects\[1\].genblk1.user_project_la_data_in[29]/DIODE
 net4528
  ANTENNA_user_projects\[0\].genblk1.user_project_io_in[14]/DIODE
 net4530
  ANTENNA_user_projects\[1\].genblk1.user_project_io_in[14]/DIODE
 net4532
  ANTENNA_user_projects\[2\].genblk1.user_project_io_in[14]/DIODE
 net4535
  ANTENNA_user_projects\[2\].genblk1.user_project_la_data_in[28]/DIODE
 net4540
  ANTENNA_user_projects\[1\].genblk1.user_project_la_data_in[28]/DIODE
 net4542
  ANTENNA_user_projects\[2\].genblk1.user_project_la_data_in[27]/DIODE
 net4547
  ANTENNA_user_projects\[1\].genblk1.user_project_la_data_in[27]/DIODE
 net4549
  ANTENNA_user_projects\[2\].genblk1.user_project_la_data_in[26]/DIODE
 net4554
  ANTENNA_user_projects\[1\].genblk1.user_project_la_data_in[26]/DIODE
 net4556
  ANTENNA_user_projects\[2\].genblk1.user_project_la_data_in[25]/DIODE
 net4563
  ANTENNA_user_projects\[2\].genblk1.user_project_la_data_in[24]/DIODE
 net4570
  ANTENNA_user_projects\[2\].genblk1.user_project_la_data_in[23]/DIODE
 net4596
  ANTENNA_user_projects\[1\].genblk1.user_project_la_data_in[20]/DIODE
 net4607
  ANTENNA_user_projects\[1\].genblk1.user_project_io_in[13]/DIODE
 net4611
  ANTENNA_user_projects\[3\].genblk1.user_project_io_in[13]/DIODE
 net4624
  ANTENNA_user_projects\[1\].genblk1.user_project_la_data_in[18]/DIODE
 net4631
  ANTENNA_user_projects\[1\].genblk1.user_project_la_data_in[17]/DIODE
 net4645
  ANTENNA_user_projects\[1\].genblk1.user_project_la_data_in[15]/DIODE
 net4659
  ANTENNA_user_projects\[1\].genblk1.user_project_la_data_in[13]/DIODE
 net4666
  ANTENNA_user_projects\[1\].genblk1.user_project_la_data_in[12]/DIODE
 net4673
  ANTENNA_user_projects\[1\].genblk1.user_project_la_data_in[11]/DIODE
 net4680
  ANTENNA_user_projects\[1\].genblk1.user_project_la_data_in[10]/DIODE
 net4684
  ANTENNA_user_projects\[1\].genblk1.user_project_io_in[12]/DIODE
 net4688
  ANTENNA_user_projects\[3\].genblk1.user_project_io_in[12]/DIODE
 net4721
  ANTENNA_user_projects\[3\].genblk1.user_project_io_in[6]/DIODE
 net4728
  ANTENNA_user_projects\[3\].genblk1.user_project_io_in[5]/DIODE
 net4745
  ANTENNA_user_projects\[1\].genblk1.user_project_io_in[3]/DIODE
 net4955
  ANTENNA_user_projects\[3\].genblk1.user_project_io_in[11]/DIODE
 net4963
  ANTENNA_user_projects\[0\].genblk1.user_project_io_in[35]/DIODE
 net4971
  ANTENNA_user_projects\[0\].genblk1.user_project_io_in[34]/DIODE
 net4976
  ANTENNA_user_projects\[2\].genblk1.user_project_io_in[33]/DIODE
 net4983
  ANTENNA_user_projects\[2\].genblk1.user_project_io_in[32]/DIODE
 net5007
  ANTENNA_user_projects\[1\].genblk1.user_project_io_in[2]/DIODE
 net5027
  ANTENNA_user_projects\[2\].genblk1.user_project_io_in[27]/DIODE
 net5038
  ANTENNA_user_projects\[0\].genblk1.user_project_io_in[26]/DIODE
 net5042
  ANTENNA_user_projects\[2\].genblk1.user_project_io_in[26]/DIODE
 net5043
  ANTENNA_user_projects\[1\].genblk1.user_project_io_in[25]/DIODE
 net5045
  ANTENNA_user_projects\[0\].genblk1.user_project_io_in[25]/DIODE
 net5047
  ANTENNA_user_projects\[3\].genblk1.user_project_io_in[25]/DIODE
 net5049
  ANTENNA_user_projects\[2\].genblk1.user_project_io_in[25]/DIODE
 net5064
  ANTENNA_user_projects\[3\].genblk1.user_project_wbs_sel_i[3]/DIODE
 net5068
  ANTENNA_user_projects\[1\].genblk1.user_project_wbs_sel_i[3]/DIODE
 net5070
  ANTENNA_user_projects\[0\].genblk1.user_project_wbs_sel_i[3]/DIODE
 net5071
  ANTENNA_user_projects\[3\].genblk1.user_project_wbs_sel_i[2]/DIODE
 net5075
  ANTENNA_user_projects\[1\].genblk1.user_project_wbs_sel_i[2]/DIODE
 net5077
  ANTENNA_user_projects\[0\].genblk1.user_project_wbs_sel_i[2]/DIODE
 net5078
  ANTENNA_user_projects\[3\].genblk1.user_project_wbs_sel_i[1]/DIODE
 net5082
  ANTENNA_user_projects\[1\].genblk1.user_project_wbs_sel_i[1]/DIODE
 net5084
  ANTENNA_user_projects\[0\].genblk1.user_project_wbs_sel_i[1]/DIODE
 net5085
  ANTENNA_user_projects\[3\].genblk1.user_project_wbs_sel_i[0]/DIODE
 net5089
  ANTENNA_user_projects\[1\].genblk1.user_project_wbs_sel_i[0]/DIODE
 net5091
  ANTENNA_user_projects\[0\].genblk1.user_project_wbs_sel_i[0]/DIODE
 net5092
  ANTENNA_user_projects\[1\].genblk1.user_project_io_in[24]/DIODE
 net5096
  ANTENNA_user_projects\[3\].genblk1.user_project_io_in[24]/DIODE
 net5098
  ANTENNA_user_projects\[2\].genblk1.user_project_io_in[24]/DIODE
 net5099
  ANTENNA_user_projects\[3\].genblk1.user_project_wbs_dat_i[9]/DIODE
 net5103
  ANTENNA_user_projects\[1\].genblk1.user_project_wbs_dat_i[9]/DIODE
 net5107
  ANTENNA_user_projects\[3\].genblk1.user_project_wbs_dat_i[8]/DIODE
 net5111
  ANTENNA_user_projects\[1\].genblk1.user_project_wbs_dat_i[8]/DIODE
 net5113
  ANTENNA_user_projects\[0\].genblk1.user_project_wbs_dat_i[8]/DIODE
 net5115
  ANTENNA_user_projects\[3\].genblk1.user_project_wbs_dat_i[7]/DIODE
 net5119
  ANTENNA_user_projects\[1\].genblk1.user_project_wbs_dat_i[7]/DIODE
 net5121
  ANTENNA_user_projects\[0\].genblk1.user_project_wbs_dat_i[7]/DIODE
 net5123
  ANTENNA_user_projects\[3\].genblk1.user_project_wbs_dat_i[6]/DIODE
 net5127
  ANTENNA_user_projects\[1\].genblk1.user_project_wbs_dat_i[6]/DIODE
 net5129
  ANTENNA_user_projects\[0\].genblk1.user_project_wbs_dat_i[6]/DIODE
 net5131
  ANTENNA_user_projects\[3\].genblk1.user_project_wbs_dat_i[5]/DIODE
 net5135
  ANTENNA_user_projects\[1\].genblk1.user_project_wbs_dat_i[5]/DIODE
 net5137
  ANTENNA_user_projects\[0\].genblk1.user_project_wbs_dat_i[5]/DIODE
 net5138
  ANTENNA_user_projects\[3\].genblk1.user_project_wbs_dat_i[4]/DIODE
 net5142
  ANTENNA_user_projects\[1\].genblk1.user_project_wbs_dat_i[4]/DIODE
 net5144
  ANTENNA_user_projects\[0\].genblk1.user_project_wbs_dat_i[4]/DIODE
 net5145
  ANTENNA_user_projects\[3\].genblk1.user_project_wbs_dat_i[3]/DIODE
 net5149
  ANTENNA_user_projects\[1\].genblk1.user_project_wbs_dat_i[3]/DIODE
 net5151
  ANTENNA_user_projects\[0\].genblk1.user_project_wbs_dat_i[3]/DIODE
 net5152
  ANTENNA_user_projects\[3\].genblk1.user_project_wbs_dat_i[31]/DIODE
 net5156
  ANTENNA_user_projects\[1\].genblk1.user_project_wbs_dat_i[31]/DIODE
 net5158
  ANTENNA_user_projects\[0\].genblk1.user_project_wbs_dat_i[31]/DIODE
 net5160
  ANTENNA_user_projects\[3\].genblk1.user_project_wbs_dat_i[30]/DIODE
 net5164
  ANTENNA_user_projects\[1\].genblk1.user_project_wbs_dat_i[30]/DIODE
 net5166
  ANTENNA_user_projects\[0\].genblk1.user_project_wbs_dat_i[30]/DIODE
 net5168
  ANTENNA_user_projects\[3\].genblk1.user_project_wbs_dat_i[2]/DIODE
 net5172
  ANTENNA_user_projects\[1\].genblk1.user_project_wbs_dat_i[2]/DIODE
 net5174
  ANTENNA_user_projects\[0\].genblk1.user_project_wbs_dat_i[2]/DIODE
 net5175
  ANTENNA_user_projects\[1\].genblk1.user_project_io_in[23]/DIODE
 net5179
  ANTENNA_user_projects\[3\].genblk1.user_project_io_in[23]/DIODE
 net5181
  ANTENNA_user_projects\[2\].genblk1.user_project_io_in[23]/DIODE
 net5182
  ANTENNA_user_projects\[3\].genblk1.user_project_wbs_dat_i[29]/DIODE
 net5186
  ANTENNA_user_projects\[1\].genblk1.user_project_wbs_dat_i[29]/DIODE
 net5188
  ANTENNA_user_projects\[0\].genblk1.user_project_wbs_dat_i[29]/DIODE
 net5190
  ANTENNA_user_projects\[3\].genblk1.user_project_wbs_dat_i[28]/DIODE
 net5194
  ANTENNA_user_projects\[1\].genblk1.user_project_wbs_dat_i[28]/DIODE
 net5198
  ANTENNA_user_projects\[3\].genblk1.user_project_wbs_dat_i[27]/DIODE
 net5202
  ANTENNA_user_projects\[1\].genblk1.user_project_wbs_dat_i[27]/DIODE
 net5204
  ANTENNA_user_projects\[0\].genblk1.user_project_wbs_dat_i[27]/DIODE
 net5206
  ANTENNA_user_projects\[3\].genblk1.user_project_wbs_dat_i[26]/DIODE
 net5210
  ANTENNA_user_projects\[1\].genblk1.user_project_wbs_dat_i[26]/DIODE
 net5212
  ANTENNA_user_projects\[0\].genblk1.user_project_wbs_dat_i[26]/DIODE
 net5214
  ANTENNA_user_projects\[3\].genblk1.user_project_wbs_dat_i[25]/DIODE
 net5218
  ANTENNA_user_projects\[1\].genblk1.user_project_wbs_dat_i[25]/DIODE
 net5220
  ANTENNA_user_projects\[0\].genblk1.user_project_wbs_dat_i[25]/DIODE
 net5222
  ANTENNA_user_projects\[3\].genblk1.user_project_wbs_dat_i[24]/DIODE
 net5226
  ANTENNA_user_projects\[1\].genblk1.user_project_wbs_dat_i[24]/DIODE
 net5228
  ANTENNA_user_projects\[0\].genblk1.user_project_wbs_dat_i[24]/DIODE
 net5230
  ANTENNA_user_projects\[3\].genblk1.user_project_wbs_dat_i[23]/DIODE
 net5234
  ANTENNA_user_projects\[1\].genblk1.user_project_wbs_dat_i[23]/DIODE
 net5236
  ANTENNA_user_projects\[0\].genblk1.user_project_wbs_dat_i[23]/DIODE
 net5238
  ANTENNA_user_projects\[3\].genblk1.user_project_wbs_dat_i[22]/DIODE
 net5242
  ANTENNA_user_projects\[1\].genblk1.user_project_wbs_dat_i[22]/DIODE
 net5246
  ANTENNA_user_projects\[3\].genblk1.user_project_wbs_dat_i[21]/DIODE
 net5250
  ANTENNA_user_projects\[1\].genblk1.user_project_wbs_dat_i[21]/DIODE
 net5254
  ANTENNA_user_projects\[3\].genblk1.user_project_wbs_dat_i[20]/DIODE
 net5258
  ANTENNA_user_projects\[1\].genblk1.user_project_wbs_dat_i[20]/DIODE
 net5262
  ANTENNA_user_projects\[1\].genblk1.user_project_io_in[22]/DIODE
 net5266
  ANTENNA_user_projects\[2\].genblk1.user_project_io_in[22]/DIODE
 net5267
  ANTENNA_user_projects\[3\].genblk1.user_project_io_in[22]/DIODE
 net5269
  ANTENNA_user_projects\[3\].genblk1.user_project_wbs_dat_i[1]/DIODE
 net5273
  ANTENNA_user_projects\[1\].genblk1.user_project_wbs_dat_i[1]/DIODE
 net5275
  ANTENNA_user_projects\[0\].genblk1.user_project_wbs_dat_i[1]/DIODE
 net5276
  ANTENNA_user_projects\[3\].genblk1.user_project_wbs_dat_i[19]/DIODE
 net5280
  ANTENNA_user_projects\[1\].genblk1.user_project_wbs_dat_i[19]/DIODE
 net5284
  ANTENNA_user_projects\[3\].genblk1.user_project_wbs_dat_i[18]/DIODE
 net5288
  ANTENNA_user_projects\[1\].genblk1.user_project_wbs_dat_i[18]/DIODE
 net5292
  ANTENNA_user_projects\[3\].genblk1.user_project_wbs_dat_i[17]/DIODE
 net5296
  ANTENNA_user_projects\[1\].genblk1.user_project_wbs_dat_i[17]/DIODE
 net5300
  ANTENNA_user_projects\[3\].genblk1.user_project_wbs_dat_i[16]/DIODE
 net5304
  ANTENNA_user_projects\[1\].genblk1.user_project_wbs_dat_i[16]/DIODE
 net5308
  ANTENNA_user_projects\[3\].genblk1.user_project_wbs_dat_i[15]/DIODE
 net5312
  ANTENNA_user_projects\[1\].genblk1.user_project_wbs_dat_i[15]/DIODE
 net5316
  ANTENNA_user_projects\[3\].genblk1.user_project_wbs_dat_i[14]/DIODE
 net5320
  ANTENNA_user_projects\[1\].genblk1.user_project_wbs_dat_i[14]/DIODE
 net5322
  ANTENNA_user_projects\[0\].genblk1.user_project_wbs_dat_i[14]/DIODE
 net5324
  ANTENNA_user_projects\[3\].genblk1.user_project_wbs_dat_i[13]/DIODE
 net5328
  ANTENNA_user_projects\[1\].genblk1.user_project_wbs_dat_i[13]/DIODE
 net5332
  ANTENNA_user_projects\[3\].genblk1.user_project_wbs_dat_i[12]/DIODE
 net5336
  ANTENNA_user_projects\[1\].genblk1.user_project_wbs_dat_i[12]/DIODE
 net5340
  ANTENNA_user_projects\[3\].genblk1.user_project_wbs_dat_i[11]/DIODE
 net5344
  ANTENNA_user_projects\[1\].genblk1.user_project_wbs_dat_i[11]/DIODE
 net5346
  ANTENNA_user_projects\[0\].genblk1.user_project_wbs_dat_i[11]/DIODE
 net5355
  ANTENNA_user_projects\[3\].genblk1.user_project_wbs_dat_i[10]/DIODE
 net5359
  ANTENNA_user_projects\[1\].genblk1.user_project_wbs_dat_i[10]/DIODE
 net5363
  ANTENNA_user_projects\[3\].genblk1.user_project_wbs_dat_i[0]/DIODE
 net5367
  ANTENNA_user_projects\[1\].genblk1.user_project_wbs_dat_i[0]/DIODE
 net5369
  ANTENNA_user_projects\[0\].genblk1.user_project_wbs_dat_i[0]/DIODE
 net5377
  ANTENNA_user_projects\[3\].genblk1.user_project_wbs_adr_i[9]/DIODE
 net5381
  ANTENNA_user_projects\[1\].genblk1.user_project_wbs_adr_i[9]/DIODE
 net5383
  ANTENNA_user_projects\[0\].genblk1.user_project_wbs_adr_i[9]/DIODE
 net5385
  ANTENNA_user_projects\[3\].genblk1.user_project_wbs_adr_i[8]/DIODE
 net5389
  ANTENNA_user_projects\[1\].genblk1.user_project_wbs_adr_i[8]/DIODE
 net5391
  ANTENNA_user_projects\[0\].genblk1.user_project_wbs_adr_i[8]/DIODE
 net5393
  ANTENNA_user_projects\[3\].genblk1.user_project_wbs_adr_i[7]/DIODE
 net5397
  ANTENNA_user_projects\[1\].genblk1.user_project_wbs_adr_i[7]/DIODE
 net5399
  ANTENNA_user_projects\[0\].genblk1.user_project_wbs_adr_i[7]/DIODE
 net5401
  ANTENNA_user_projects\[3\].genblk1.user_project_wbs_adr_i[6]/DIODE
 net5405
  ANTENNA_user_projects\[1\].genblk1.user_project_wbs_adr_i[6]/DIODE
 net5407
  ANTENNA_user_projects\[0\].genblk1.user_project_wbs_adr_i[6]/DIODE
 net5409
  ANTENNA_user_projects\[3\].genblk1.user_project_wbs_adr_i[5]/DIODE
 net5413
  ANTENNA_user_projects\[1\].genblk1.user_project_wbs_adr_i[5]/DIODE
 net5415
  ANTENNA_user_projects\[0\].genblk1.user_project_wbs_adr_i[5]/DIODE
 net5416
  ANTENNA_user_projects\[3\].genblk1.user_project_wbs_adr_i[4]/DIODE
 net5420
  ANTENNA_user_projects\[1\].genblk1.user_project_wbs_adr_i[4]/DIODE
 net5422
  ANTENNA_user_projects\[0\].genblk1.user_project_wbs_adr_i[4]/DIODE
 net5423
  ANTENNA_user_projects\[3\].genblk1.user_project_wbs_adr_i[3]/DIODE
 net5427
  ANTENNA_user_projects\[1\].genblk1.user_project_wbs_adr_i[3]/DIODE
 net5429
  ANTENNA_user_projects\[0\].genblk1.user_project_wbs_adr_i[3]/DIODE
 net5430
  ANTENNA_user_projects\[0\].genblk1.user_project_io_in[20]/DIODE
 net5436
  ANTENNA_user_projects\[3\].genblk1.user_project_wbs_adr_i[31]/DIODE
 net5440
  ANTENNA_user_projects\[1\].genblk1.user_project_wbs_adr_i[31]/DIODE
 net5442
  ANTENNA_user_projects\[0\].genblk1.user_project_wbs_adr_i[31]/DIODE
 net5444
  ANTENNA_user_projects\[3\].genblk1.user_project_wbs_adr_i[30]/DIODE
 net5448
  ANTENNA_user_projects\[1\].genblk1.user_project_wbs_adr_i[30]/DIODE
 net5450
  ANTENNA_user_projects\[0\].genblk1.user_project_wbs_adr_i[30]/DIODE
 net5452
  ANTENNA_user_projects\[3\].genblk1.user_project_wbs_adr_i[2]/DIODE
 net5456
  ANTENNA_user_projects\[1\].genblk1.user_project_wbs_adr_i[2]/DIODE
 net5458
  ANTENNA_user_projects\[0\].genblk1.user_project_wbs_adr_i[2]/DIODE
 net5459
  ANTENNA_user_projects\[3\].genblk1.user_project_wbs_adr_i[29]/DIODE
 net5463
  ANTENNA_user_projects\[1\].genblk1.user_project_wbs_adr_i[29]/DIODE
 net5467
  ANTENNA_user_projects\[3\].genblk1.user_project_wbs_adr_i[28]/DIODE
 net5471
  ANTENNA_user_projects\[1\].genblk1.user_project_wbs_adr_i[28]/DIODE
 net5473
  ANTENNA_user_projects\[0\].genblk1.user_project_wbs_adr_i[28]/DIODE
 net5475
  ANTENNA_user_projects\[3\].genblk1.user_project_wbs_adr_i[27]/DIODE
 net5479
  ANTENNA_user_projects\[1\].genblk1.user_project_wbs_adr_i[27]/DIODE
 net5481
  ANTENNA_user_projects\[0\].genblk1.user_project_wbs_adr_i[27]/DIODE
 net5483
  ANTENNA_user_projects\[3\].genblk1.user_project_wbs_adr_i[26]/DIODE
 net5487
  ANTENNA_user_projects\[1\].genblk1.user_project_wbs_adr_i[26]/DIODE
 net5489
  ANTENNA_user_projects\[0\].genblk1.user_project_wbs_adr_i[26]/DIODE
 net5491
  ANTENNA_user_projects\[3\].genblk1.user_project_wbs_adr_i[25]/DIODE
 net5495
  ANTENNA_user_projects\[1\].genblk1.user_project_wbs_adr_i[25]/DIODE
 net5497
  ANTENNA_user_projects\[0\].genblk1.user_project_wbs_adr_i[25]/DIODE
 net5499
  ANTENNA_user_projects\[3\].genblk1.user_project_wbs_adr_i[24]/DIODE
 net5503
  ANTENNA_user_projects\[1\].genblk1.user_project_wbs_adr_i[24]/DIODE
 net5505
  ANTENNA_user_projects\[0\].genblk1.user_project_wbs_adr_i[24]/DIODE
 net5507
  ANTENNA_user_projects\[3\].genblk1.user_project_wbs_adr_i[23]/DIODE
 net5511
  ANTENNA_user_projects\[1\].genblk1.user_project_wbs_adr_i[23]/DIODE
 net5513
  ANTENNA_user_projects\[0\].genblk1.user_project_wbs_adr_i[23]/DIODE
 net5515
  ANTENNA_user_projects\[0\].genblk1.user_project_io_in[1]/DIODE
 net5522
  ANTENNA_user_projects\[1\].genblk1.user_project_io_in[1]/DIODE
 net5523
  ANTENNA_user_projects\[3\].genblk1.user_project_wbs_adr_i[22]/DIODE
 net5527
  ANTENNA_user_projects\[1\].genblk1.user_project_wbs_adr_i[22]/DIODE
 net5531
  ANTENNA_user_projects\[3\].genblk1.user_project_wbs_adr_i[21]/DIODE
 net5535
  ANTENNA_user_projects\[1\].genblk1.user_project_wbs_adr_i[21]/DIODE
 net5539
  ANTENNA_user_projects\[3\].genblk1.user_project_wbs_adr_i[20]/DIODE
 net5543
  ANTENNA_user_projects\[1\].genblk1.user_project_wbs_adr_i[20]/DIODE
 net5547
  ANTENNA_user_projects\[3\].genblk1.user_project_wbs_adr_i[1]/DIODE
 net5551
  ANTENNA_user_projects\[1\].genblk1.user_project_wbs_adr_i[1]/DIODE
 net5553
  ANTENNA_user_projects\[0\].genblk1.user_project_wbs_adr_i[1]/DIODE
 net5554
  ANTENNA_user_projects\[3\].genblk1.user_project_wbs_adr_i[19]/DIODE
 net5558
  ANTENNA_user_projects\[1\].genblk1.user_project_wbs_adr_i[19]/DIODE
 net5562
  ANTENNA_user_projects\[3\].genblk1.user_project_wbs_adr_i[18]/DIODE
 net5566
  ANTENNA_user_projects\[1\].genblk1.user_project_wbs_adr_i[18]/DIODE
 net5570
  ANTENNA_user_projects\[3\].genblk1.user_project_wbs_adr_i[17]/DIODE
 net5574
  ANTENNA_user_projects\[1\].genblk1.user_project_wbs_adr_i[17]/DIODE
 net5578
  ANTENNA_user_projects\[3\].genblk1.user_project_wbs_adr_i[16]/DIODE
 net5582
  ANTENNA_user_projects\[1\].genblk1.user_project_wbs_adr_i[16]/DIODE
 net5586
  ANTENNA_user_projects\[3\].genblk1.user_project_wbs_adr_i[15]/DIODE
 net5590
  ANTENNA_user_projects\[1\].genblk1.user_project_wbs_adr_i[15]/DIODE
 net5594
  ANTENNA_user_projects\[3\].genblk1.user_project_wbs_adr_i[14]/DIODE
 net5598
  ANTENNA_user_projects\[1\].genblk1.user_project_wbs_adr_i[14]/DIODE
 net5608
  ANTENNA_user_projects\[3\].genblk1.user_project_wbs_adr_i[13]/DIODE
 net5612
  ANTENNA_user_projects\[1\].genblk1.user_project_wbs_adr_i[13]/DIODE
 net5616
  ANTENNA_user_projects\[3\].genblk1.user_project_wbs_adr_i[12]/DIODE
 net5620
  ANTENNA_user_projects\[1\].genblk1.user_project_wbs_adr_i[12]/DIODE
 net5624
  ANTENNA_user_projects\[3\].genblk1.user_project_wbs_adr_i[11]/DIODE
 net5628
  ANTENNA_user_projects\[1\].genblk1.user_project_wbs_adr_i[11]/DIODE
 net5632
  ANTENNA_user_projects\[3\].genblk1.user_project_wbs_adr_i[10]/DIODE
 net5636
  ANTENNA_user_projects\[1\].genblk1.user_project_wbs_adr_i[10]/DIODE
 net5640
  ANTENNA_user_projects\[3\].genblk1.user_project_wbs_adr_i[0]/DIODE
 net5644
  ANTENNA_user_projects\[1\].genblk1.user_project_wbs_adr_i[0]/DIODE
 net5646
  ANTENNA_user_projects\[0\].genblk1.user_project_wbs_adr_i[0]/DIODE
 net5667
  ANTENNA_user_projects\[0\].genblk1.user_project_la_oenb[9]/DIODE
 net5675
  ANTENNA_user_projects\[0\].genblk1.user_project_la_oenb[8]/DIODE
 net5683
  ANTENNA_user_projects\[0\].genblk1.user_project_la_oenb[7]/DIODE
 net6582
  ANTENNA_user_projects\[2\].genblk1.user_project_io_in[0]/DIODE
 net6583
  ANTENNA_user_projects\[3\].genblk1.user_project_la_oenb[7]/DIODE
 net6584
  ANTENNA_user_projects\[3\].genblk1.user_project_la_oenb[8]/DIODE
 net6585
  ANTENNA_user_projects\[3\].genblk1.user_project_la_oenb[9]/DIODE
 net6586
  ANTENNA_user_projects\[2\].genblk1.user_project_io_in[1]/DIODE
 net6587
  ANTENNA_user_projects\[2\].genblk1.user_project_io_in[2]/DIODE
 net6588
  ANTENNA_user_projects\[3\].genblk1.user_project_io_in[35]/DIODE
 net6594
  ANTENNA_user_projects\[2\].genblk1.user_project_io_in[3]/DIODE
 net6595
  ANTENNA_user_projects\[3\].genblk1.user_project_la_data_in[0]/DIODE
 net6596
  ANTENNA_user_projects\[2\].genblk1.user_project_la_data_in[10]/DIODE
 net6597
  ANTENNA_user_projects\[3\].genblk1.user_project_la_data_in[1]/DIODE
 net6598
  ANTENNA_user_projects\[3\].genblk1.user_project_la_data_in[2]/DIODE
 net6599
  ANTENNA_user_projects\[3\].genblk1.user_project_la_data_in[3]/DIODE
 net6600
  ANTENNA_user_projects\[3\].genblk1.user_project_la_data_in[4]/DIODE
 net6601
  ANTENNA_user_projects\[3\].genblk1.user_project_la_data_in[5]/DIODE
 net6602
  ANTENNA_user_projects\[2\].genblk1.user_project_la_data_in[6]/DIODE
 net6603
  ANTENNA_user_projects\[2\].genblk1.user_project_la_data_in[7]/DIODE
 net6604
  ANTENNA_user_projects\[2\].genblk1.user_project_la_data_in[8]/DIODE
 net6605
  ANTENNA_user_projects\[2\].genblk1.user_project_la_data_in[9]/DIODE
 net6606
  ANTENNA_user_projects\[3\].genblk1.user_project_la_oenb[10]/DIODE
 net6607
  ANTENNA_user_projects\[3\].genblk1.user_project_la_oenb[11]/DIODE
 net6608
  ANTENNA_user_projects\[3\].genblk1.user_project_la_oenb[12]/DIODE
 net6609
  ANTENNA_user_projects\[3\].genblk1.user_project_la_oenb[13]/DIODE
 net6610
  ANTENNA_user_projects\[3\].genblk1.user_project_la_oenb[14]/DIODE
 net6611
  ANTENNA_user_projects\[3\].genblk1.user_project_la_oenb[15]/DIODE
 net6612
  ANTENNA_user_projects\[3\].genblk1.user_project_la_oenb[16]/DIODE
 net6613
  ANTENNA_user_projects\[3\].genblk1.user_project_la_oenb[17]/DIODE
 net6614
  ANTENNA_user_projects\[3\].genblk1.user_project_la_oenb[18]/DIODE
 net6615
  ANTENNA_user_projects\[3\].genblk1.user_project_la_oenb[19]/DIODE
 net6616
  ANTENNA_user_projects\[3\].genblk1.user_project_la_oenb[20]/DIODE
 net6617
  ANTENNA_user_projects\[3\].genblk1.user_project_la_oenb[21]/DIODE
 net6618
  ANTENNA_user_projects\[3\].genblk1.user_project_la_oenb[22]/DIODE
 net6619
  ANTENNA_user_projects\[3\].genblk1.user_project_la_oenb[23]/DIODE
 net6620
  ANTENNA_user_projects\[3\].genblk1.user_project_la_oenb[24]/DIODE
 net6621
  ANTENNA_user_projects\[3\].genblk1.user_project_la_oenb[25]/DIODE
 net6622
  ANTENNA_user_projects\[3\].genblk1.user_project_la_oenb[26]/DIODE
 net6623
  ANTENNA_user_projects\[3\].genblk1.user_project_la_oenb[27]/DIODE
 net6624
  ANTENNA_user_projects\[3\].genblk1.user_project_la_oenb[28]/DIODE
 net6625
  ANTENNA_user_projects\[3\].genblk1.user_project_la_oenb[29]/DIODE
 net6626
  ANTENNA_user_projects\[3\].genblk1.user_project_la_oenb[30]/DIODE
 net6627
  ANTENNA_user_projects\[3\].genblk1.user_project_la_oenb[31]/DIODE
 net6628
  ANTENNA_user_projects\[3\].genblk1.user_project_la_oenb[6]/DIODE
 net6634
  ANTENNA_user_projects\[3\].genblk1.user_project_io_in[33]/DIODE
 net6636
  ANTENNA_user_projects\[3\].genblk1.user_project_io_in[34]/DIODE
 net6641
  ANTENNA_user_projects\[2\].genblk1.user_project_io_in[4]/DIODE
 net6642
  ANTENNA_user_projects\[2\].genblk1.user_project_io_in[5]/DIODE
 net6643
  ANTENNA_user_projects\[2\].genblk1.user_project_io_in[6]/DIODE
 net6645
  ANTENNA_user_projects\[2\].genblk1.user_project_la_data_in[0]/DIODE
 net6646
  ANTENNA_user_projects\[3\].genblk1.user_project_la_data_in[10]/DIODE
 net6648
  ANTENNA_user_projects\[2\].genblk1.user_project_la_data_in[1]/DIODE
 net6650
  ANTENNA_user_projects\[2\].genblk1.user_project_la_data_in[2]/DIODE
 net6652
  ANTENNA_user_projects\[2\].genblk1.user_project_la_data_in[3]/DIODE
 net6654
  ANTENNA_user_projects\[2\].genblk1.user_project_la_data_in[4]/DIODE
 net6656
  ANTENNA_user_projects\[2\].genblk1.user_project_la_data_in[5]/DIODE
 net6657
  ANTENNA_user_projects\[3\].genblk1.user_project_la_data_in[6]/DIODE
 net6659
  ANTENNA_user_projects\[3\].genblk1.user_project_la_data_in[7]/DIODE
 net6661
  ANTENNA_user_projects\[3\].genblk1.user_project_la_data_in[8]/DIODE
 net6663
  ANTENNA_user_projects\[3\].genblk1.user_project_la_data_in[9]/DIODE
 net6669
  ANTENNA_user_projects\[3\].genblk1.user_project_io_in[0]/DIODE
 net6672
  ANTENNA_user_projects\[2\].genblk1.user_project_la_oenb[7]/DIODE
 net6674
  ANTENNA_user_projects\[2\].genblk1.user_project_la_oenb[8]/DIODE
 net6676
  ANTENNA_user_projects\[2\].genblk1.user_project_la_oenb[9]/DIODE
 net6677
  ANTENNA_user_projects\[2\].genblk1.user_project_wbs_adr_i[10]/DIODE
 net6678
  ANTENNA_user_projects\[2\].genblk1.user_project_wbs_adr_i[11]/DIODE
 net6679
  ANTENNA_user_projects\[2\].genblk1.user_project_wbs_adr_i[12]/DIODE
 net6681
  ANTENNA_user_projects\[2\].genblk1.user_project_wbs_adr_i[13]/DIODE
 net6683
  ANTENNA_user_projects\[2\].genblk1.user_project_wbs_adr_i[14]/DIODE
 net6685
  ANTENNA_user_projects\[2\].genblk1.user_project_wbs_adr_i[15]/DIODE
 net6687
  ANTENNA_user_projects\[2\].genblk1.user_project_wbs_adr_i[16]/DIODE
 net6689
  ANTENNA_user_projects\[2\].genblk1.user_project_wbs_adr_i[17]/DIODE
 net6691
  ANTENNA_user_projects\[2\].genblk1.user_project_wbs_adr_i[18]/DIODE
 net6693
  ANTENNA_user_projects\[2\].genblk1.user_project_wbs_adr_i[19]/DIODE
 net6695
  ANTENNA_user_projects\[2\].genblk1.user_project_wbs_adr_i[20]/DIODE
 net6697
  ANTENNA_user_projects\[2\].genblk1.user_project_wbs_adr_i[21]/DIODE
 net6699
  ANTENNA_user_projects\[2\].genblk1.user_project_wbs_adr_i[22]/DIODE
 net6701
  ANTENNA_user_projects\[3\].genblk1.user_project_io_in[1]/DIODE
 net6703
  ANTENNA_user_projects\[2\].genblk1.user_project_wbs_adr_i[23]/DIODE
 net6705
  ANTENNA_user_projects\[2\].genblk1.user_project_wbs_adr_i[24]/DIODE
 net6707
  ANTENNA_user_projects\[2\].genblk1.user_project_wbs_adr_i[25]/DIODE
 net6709
  ANTENNA_user_projects\[2\].genblk1.user_project_wbs_adr_i[26]/DIODE
 net6711
  ANTENNA_user_projects\[2\].genblk1.user_project_wbs_adr_i[27]/DIODE
 net6713
  ANTENNA_user_projects\[2\].genblk1.user_project_wbs_adr_i[28]/DIODE
 net6715
  ANTENNA_user_projects\[2\].genblk1.user_project_wbs_adr_i[29]/DIODE
 net6717
  ANTENNA_user_projects\[2\].genblk1.user_project_wbs_adr_i[30]/DIODE
 net6719
  ANTENNA_user_projects\[2\].genblk1.user_project_wbs_adr_i[31]/DIODE
 net6721
  ANTENNA_user_projects\[2\].genblk1.user_project_wbs_adr_i[6]/DIODE
 net6722
  ANTENNA_user_projects\[2\].genblk1.user_project_wbs_adr_i[7]/DIODE
 net6723
  ANTENNA_user_projects\[2\].genblk1.user_project_wbs_adr_i[8]/DIODE
 net6724
  ANTENNA_user_projects\[2\].genblk1.user_project_wbs_adr_i[9]/DIODE
 net6725
  ANTENNA_user_projects\[2\].genblk1.user_project_wbs_dat_i[10]/DIODE
 net6726
  ANTENNA_user_projects\[1\].genblk1.user_project_io_in[21]/DIODE
 net6727
  ANTENNA_user_projects\[0\].genblk1.user_project_io_in[21]/DIODE
 net6728
  ANTENNA_user_projects\[2\].genblk1.user_project_wbs_dat_i[11]/DIODE
 net6729
  ANTENNA_user_projects\[2\].genblk1.user_project_wbs_dat_i[12]/DIODE
 net6731
  ANTENNA_user_projects\[2\].genblk1.user_project_wbs_dat_i[13]/DIODE
 net6733
  ANTENNA_user_projects\[2\].genblk1.user_project_wbs_dat_i[14]/DIODE
 net6735
  ANTENNA_user_projects\[2\].genblk1.user_project_wbs_dat_i[15]/DIODE
 net6737
  ANTENNA_user_projects\[2\].genblk1.user_project_wbs_dat_i[16]/DIODE
 net6739
  ANTENNA_user_projects\[2\].genblk1.user_project_wbs_dat_i[17]/DIODE
 net6741
  ANTENNA_user_projects\[2\].genblk1.user_project_wbs_dat_i[18]/DIODE
 net6743
  ANTENNA_user_projects\[2\].genblk1.user_project_wbs_dat_i[19]/DIODE
 net6745
  ANTENNA_user_projects\[2\].genblk1.user_project_wbs_dat_i[20]/DIODE
 net6747
  ANTENNA_user_projects\[2\].genblk1.user_project_wbs_dat_i[21]/DIODE
 net6749
  ANTENNA_user_projects\[2\].genblk1.user_project_wbs_dat_i[22]/DIODE
 net6751
  ANTENNA_user_projects\[2\].genblk1.user_project_wbs_dat_i[23]/DIODE
 net6753
  ANTENNA_user_projects\[2\].genblk1.user_project_wbs_dat_i[24]/DIODE
 net6755
  ANTENNA_user_projects\[2\].genblk1.user_project_wbs_dat_i[25]/DIODE
 net6757
  ANTENNA_user_projects\[2\].genblk1.user_project_wbs_dat_i[26]/DIODE
 net6759
  ANTENNA_user_projects\[2\].genblk1.user_project_wbs_dat_i[27]/DIODE
 net6761
  ANTENNA_user_projects\[2\].genblk1.user_project_wbs_dat_i[28]/DIODE
 net6763
  ANTENNA_user_projects\[2\].genblk1.user_project_wbs_dat_i[29]/DIODE
 net6765
  ANTENNA_user_projects\[2\].genblk1.user_project_wbs_dat_i[30]/DIODE
 net6767
  ANTENNA_user_projects\[2\].genblk1.user_project_wbs_dat_i[31]/DIODE
 net6769
  ANTENNA_user_projects\[2\].genblk1.user_project_wbs_dat_i[6]/DIODE
 net6770
  ANTENNA_user_projects\[2\].genblk1.user_project_wbs_dat_i[7]/DIODE
 net6771
  ANTENNA_user_projects\[2\].genblk1.user_project_wbs_dat_i[8]/DIODE
 net6772
  ANTENNA_user_projects\[2\].genblk1.user_project_wbs_dat_i[9]/DIODE
 net6773
  ANTENNA_user_projects\[1\].genblk1.user_project_io_in[26]/DIODE
 net6774
  ANTENNA_user_projects\[2\].genblk1.user_project_io_in[10]/DIODE
 net6775
  ANTENNA_user_projects\[0\].genblk1.user_project_io_in[10]/DIODE
 net6776
  ANTENNA_user_projects\[3\].genblk1.user_project_io_in[27]/DIODE
 net6777
  ANTENNA_user_projects\[1\].genblk1.user_project_io_in[27]/DIODE
 net6778
  ANTENNA_user_projects\[3\].genblk1.user_project_io_in[28]/DIODE
 net6779
  ANTENNA_user_projects\[1\].genblk1.user_project_io_in[28]/DIODE
 net6780
  ANTENNA_user_projects\[3\].genblk1.user_project_io_in[29]/DIODE
 net6781
  ANTENNA_user_projects\[1\].genblk1.user_project_io_in[29]/DIODE
 net6782
  ANTENNA_user_projects\[3\].genblk1.user_project_io_in[2]/DIODE
 net6784
  ANTENNA_user_projects\[3\].genblk1.user_project_io_in[30]/DIODE
 net6785
  ANTENNA_user_projects\[1\].genblk1.user_project_io_in[30]/DIODE
 net6786
  ANTENNA_user_projects\[3\].genblk1.user_project_io_in[31]/DIODE
 net6787
  ANTENNA_user_projects\[3\].genblk1.user_project_io_in[32]/DIODE
 net6789
  ANTENNA_user_projects\[2\].genblk1.user_project_io_in[35]/DIODE
 net6791
  ANTENNA_user_projects\[2\].genblk1.user_project_io_in[11]/DIODE
 net6792
  ANTENNA_user_projects\[0\].genblk1.user_project_io_in[11]/DIODE
 net6795
  ANTENNA_user_projects\[3\].genblk1.user_project_io_in[3]/DIODE
 net6799
  ANTENNA_user_projects\[2\].genblk1.user_project_io_in[7]/DIODE
 net6800
  ANTENNA_user_projects\[2\].genblk1.user_project_io_in[8]/DIODE
 net6801
  ANTENNA_user_projects\[2\].genblk1.user_project_io_in[9]/DIODE
 net6802
  ANTENNA_user_projects\[0\].genblk1.user_project_io_in[9]/DIODE
 net6803
  ANTENNA_user_projects\[1\].genblk1.user_project_la_data_in[0]/DIODE
 net6805
  ANTENNA_user_projects\[0\].genblk1.user_project_io_in[12]/DIODE
 net6807
  ANTENNA_user_projects\[0\].genblk1.user_project_la_data_in[10]/DIODE
 net6808
  ANTENNA_user_projects\[3\].genblk1.user_project_la_data_in[11]/DIODE
 net6809
  ANTENNA_user_projects\[2\].genblk1.user_project_la_data_in[11]/DIODE
 net6810
  ANTENNA_user_projects\[3\].genblk1.user_project_la_data_in[12]/DIODE
 net6811
  ANTENNA_user_projects\[2\].genblk1.user_project_la_data_in[12]/DIODE
 net6812
  ANTENNA_user_projects\[3\].genblk1.user_project_la_data_in[13]/DIODE
 net6813
  ANTENNA_user_projects\[2\].genblk1.user_project_la_data_in[13]/DIODE
 net6814
  ANTENNA_user_projects\[3\].genblk1.user_project_la_data_in[14]/DIODE
 net6815
  ANTENNA_user_projects\[2\].genblk1.user_project_la_data_in[14]/DIODE
 net6816
  ANTENNA_user_projects\[3\].genblk1.user_project_la_data_in[15]/DIODE
 net6817
  ANTENNA_user_projects\[2\].genblk1.user_project_la_data_in[15]/DIODE
 net6818
  ANTENNA_user_projects\[3\].genblk1.user_project_la_data_in[16]/DIODE
 net6819
  ANTENNA_user_projects\[2\].genblk1.user_project_la_data_in[16]/DIODE
 net6820
  ANTENNA_user_projects\[3\].genblk1.user_project_la_data_in[17]/DIODE
 net6821
  ANTENNA_user_projects\[2\].genblk1.user_project_la_data_in[17]/DIODE
 net6822
  ANTENNA_user_projects\[3\].genblk1.user_project_la_data_in[18]/DIODE
 net6823
  ANTENNA_user_projects\[2\].genblk1.user_project_la_data_in[18]/DIODE
 net6824
  ANTENNA_user_projects\[3\].genblk1.user_project_la_data_in[19]/DIODE
 net6825
  ANTENNA_user_projects\[2\].genblk1.user_project_la_data_in[19]/DIODE
 net6826
  ANTENNA_user_projects\[0\].genblk1.user_project_io_in[13]/DIODE
 net6827
  ANTENNA_user_projects\[1\].genblk1.user_project_la_data_in[1]/DIODE
 net6829
  ANTENNA_user_projects\[3\].genblk1.user_project_la_data_in[20]/DIODE
 net6830
  ANTENNA_user_projects\[2\].genblk1.user_project_la_data_in[20]/DIODE
 net6831
  ANTENNA_user_projects\[3\].genblk1.user_project_la_data_in[21]/DIODE
 net6832
  ANTENNA_user_projects\[2\].genblk1.user_project_la_data_in[21]/DIODE
 net6833
  ANTENNA_user_projects\[3\].genblk1.user_project_la_data_in[22]/DIODE
 net6834
  ANTENNA_user_projects\[2\].genblk1.user_project_la_data_in[22]/DIODE
 net6835
  ANTENNA_user_projects\[3\].genblk1.user_project_la_data_in[23]/DIODE
 net6836
  ANTENNA_user_projects\[3\].genblk1.user_project_la_data_in[24]/DIODE
 net6837
  ANTENNA_user_projects\[3\].genblk1.user_project_la_data_in[25]/DIODE
 net6838
  ANTENNA_user_projects\[3\].genblk1.user_project_la_data_in[26]/DIODE
 net6839
  ANTENNA_user_projects\[3\].genblk1.user_project_la_data_in[27]/DIODE
 net6840
  ANTENNA_user_projects\[3\].genblk1.user_project_la_data_in[28]/DIODE
 net6841
  ANTENNA_user_projects\[3\].genblk1.user_project_la_data_in[29]/DIODE
 net6842
  ANTENNA_user_projects\[1\].genblk1.user_project_la_data_in[2]/DIODE
 net6844
  ANTENNA_user_projects\[3\].genblk1.user_project_la_data_in[30]/DIODE
 net6845
  ANTENNA_user_projects\[1\].genblk1.user_project_la_data_in[3]/DIODE
 net6847
  ANTENNA_user_projects\[1\].genblk1.user_project_la_data_in[4]/DIODE
 net6849
  ANTENNA_user_projects\[1\].genblk1.user_project_la_data_in[5]/DIODE
 net6852
  ANTENNA_user_projects\[0\].genblk1.user_project_la_data_in[6]/DIODE
 net6854
  ANTENNA_user_projects\[0\].genblk1.user_project_la_data_in[7]/DIODE
 net6856
  ANTENNA_user_projects\[0\].genblk1.user_project_la_data_in[8]/DIODE
 net6857
  ANTENNA_user_projects\[0\].genblk1.user_project_la_data_in[9]/DIODE
 net6859
  ANTENNA_user_projects\[2\].genblk1.user_project_la_oenb[0]/DIODE
 net6861
  ANTENNA_user_projects\[2\].genblk1.user_project_la_oenb[10]/DIODE
 net6862
  ANTENNA_user_projects\[2\].genblk1.user_project_la_oenb[11]/DIODE
 net6864
  ANTENNA_user_projects\[2\].genblk1.user_project_la_oenb[12]/DIODE
 net6866
  ANTENNA_user_projects\[2\].genblk1.user_project_la_oenb[13]/DIODE
 net6868
  ANTENNA_user_projects\[2\].genblk1.user_project_la_oenb[14]/DIODE
 net6870
  ANTENNA_user_projects\[2\].genblk1.user_project_la_oenb[15]/DIODE
 net6872
  ANTENNA_user_projects\[2\].genblk1.user_project_la_oenb[16]/DIODE
 net6874
  ANTENNA_user_projects\[2\].genblk1.user_project_la_oenb[17]/DIODE
 net6876
  ANTENNA_user_projects\[2\].genblk1.user_project_la_oenb[18]/DIODE
 net6878
  ANTENNA_user_projects\[2\].genblk1.user_project_la_oenb[19]/DIODE
 net6881
  ANTENNA_user_projects\[2\].genblk1.user_project_la_oenb[1]/DIODE
 net6882
  ANTENNA_user_projects\[2\].genblk1.user_project_la_oenb[20]/DIODE
 net6884
  ANTENNA_user_projects\[2\].genblk1.user_project_la_oenb[21]/DIODE
 net6886
  ANTENNA_user_projects\[2\].genblk1.user_project_la_oenb[22]/DIODE
 net6888
  ANTENNA_user_projects\[2\].genblk1.user_project_la_oenb[23]/DIODE
 net6890
  ANTENNA_user_projects\[2\].genblk1.user_project_la_oenb[24]/DIODE
 net6892
  ANTENNA_user_projects\[2\].genblk1.user_project_la_oenb[25]/DIODE
 net6894
  ANTENNA_user_projects\[2\].genblk1.user_project_la_oenb[26]/DIODE
 net6896
  ANTENNA_user_projects\[1\].genblk1.user_project_io_in[17]/DIODE
 net6897
  ANTENNA_user_projects\[0\].genblk1.user_project_io_in[17]/DIODE
 net6898
  ANTENNA_user_projects\[2\].genblk1.user_project_la_oenb[27]/DIODE
 net6900
  ANTENNA_user_projects\[2\].genblk1.user_project_la_oenb[28]/DIODE
 net6902
  ANTENNA_user_projects\[2\].genblk1.user_project_la_oenb[29]/DIODE
 net6905
  ANTENNA_user_projects\[2\].genblk1.user_project_la_oenb[2]/DIODE
 net6906
  ANTENNA_user_projects\[2\].genblk1.user_project_la_oenb[30]/DIODE
 net6908
  ANTENNA_user_projects\[2\].genblk1.user_project_la_oenb[31]/DIODE
 net6911
  ANTENNA_user_projects\[2\].genblk1.user_project_la_oenb[3]/DIODE
 net6913
  ANTENNA_user_projects\[2\].genblk1.user_project_la_oenb[4]/DIODE
 net6915
  ANTENNA_user_projects\[2\].genblk1.user_project_la_oenb[5]/DIODE
 net6917
  ANTENNA_user_projects\[2\].genblk1.user_project_la_oenb[6]/DIODE
 net6919
  ANTENNA_user_projects\[0\].genblk1.user_project_io_in[0]/DIODE
 net6920
  ANTENNA_user_projects\[1\].genblk1.user_project_io_in[18]/DIODE
 net6921
  ANTENNA_user_projects\[0\].genblk1.user_project_io_in[18]/DIODE
 net6922
  ANTENNA_user_projects\[1\].genblk1.user_project_la_oenb[7]/DIODE
 net6923
  ANTENNA_user_projects\[1\].genblk1.user_project_la_oenb[8]/DIODE
 net6924
  ANTENNA_user_projects\[1\].genblk1.user_project_la_oenb[9]/DIODE
 net6926
  ANTENNA_user_projects\[2\].genblk1.user_project_wbs_adr_i[0]/DIODE
 net6929
  ANTENNA_user_projects\[1\].genblk1.user_project_io_in[19]/DIODE
 net6930
  ANTENNA_user_projects\[0\].genblk1.user_project_io_in[19]/DIODE
 net6931
  ANTENNA_user_projects\[2\].genblk1.user_project_wbs_adr_i[1]/DIODE
 net6932
  ANTENNA_user_projects\[2\].genblk1.user_project_wbs_adr_i[2]/DIODE
 net6933
  ANTENNA_user_projects\[1\].genblk1.user_project_io_in[20]/DIODE
 net6935
  ANTENNA_user_projects\[2\].genblk1.user_project_wbs_adr_i[3]/DIODE
 net6936
  ANTENNA_user_projects\[2\].genblk1.user_project_wbs_adr_i[4]/DIODE
 net6937
  ANTENNA_user_projects\[2\].genblk1.user_project_wbs_adr_i[5]/DIODE
 net6939
  ANTENNA_user_projects\[2\].genblk1.user_project_wbs_dat_i[0]/DIODE
 net6941
  ANTENNA_user_projects\[2\].genblk1.user_project_wbs_dat_i[1]/DIODE
 net6942
  ANTENNA_user_projects\[0\].genblk1.user_project_io_in[22]/DIODE
 net6943
  ANTENNA_user_projects\[0\].genblk1.user_project_io_in[23]/DIODE
 net6944
  ANTENNA_user_projects\[2\].genblk1.user_project_wbs_dat_i[2]/DIODE
 net6945
  ANTENNA_user_projects\[2\].genblk1.user_project_wbs_dat_i[3]/DIODE
 net6946
  ANTENNA_user_projects\[2\].genblk1.user_project_wbs_dat_i[4]/DIODE
 net6947
  ANTENNA_user_projects\[2\].genblk1.user_project_wbs_dat_i[5]/DIODE
 net6950
  ANTENNA_user_projects\[0\].genblk1.user_project_io_in[24]/DIODE
 net6951
  ANTENNA_user_projects\[2\].genblk1.user_project_wbs_sel_i[0]/DIODE
 net6952
  ANTENNA_user_projects\[2\].genblk1.user_project_wbs_sel_i[1]/DIODE
 net6953
  ANTENNA_user_projects\[2\].genblk1.user_project_wbs_sel_i[2]/DIODE
 net6954
  ANTENNA_user_projects\[2\].genblk1.user_project_wbs_sel_i[3]/DIODE
 net6957
  ANTENNA_user_projects\[3\].genblk1.user_project_io_in[26]/DIODE
 net6958
  ANTENNA_user_projects\[0\].genblk1.user_project_io_in[2]/DIODE
 net6959
  ANTENNA_user_projects\[1\].genblk1.user_project_io_in[31]/DIODE
 net6961
  ANTENNA_user_projects\[1\].genblk1.user_project_io_in[32]/DIODE
 net6964
  ANTENNA_user_projects\[2\].genblk1.user_project_io_in[34]/DIODE
 net6966
  ANTENNA_user_projects\[1\].genblk1.user_project_io_in[35]/DIODE
 net6970
  ANTENNA_user_projects\[0\].genblk1.user_project_io_in[3]/DIODE
 net6971
  ANTENNA_user_projects\[3\].genblk1.user_project_io_in[4]/DIODE
 net6978
  ANTENNA_user_projects\[0\].genblk1.user_project_io_in[7]/DIODE
 net6979
  ANTENNA_user_projects\[0\].genblk1.user_project_io_in[8]/DIODE
 net6980
  ANTENNA_user_projects\[0\].genblk1.user_project_la_data_in[0]/DIODE
 net6981
  ANTENNA_user_projects\[2\].genblk1.user_project_io_in[12]/DIODE
 net7000
  ANTENNA_user_projects\[2\].genblk1.user_project_io_in[13]/DIODE
 net7001
  ANTENNA_user_projects\[0\].genblk1.user_project_la_data_in[1]/DIODE
 net7014
  ANTENNA_user_projects\[0\].genblk1.user_project_la_data_in[2]/DIODE
 net7016
  ANTENNA_user_projects\[0\].genblk1.user_project_la_data_in[3]/DIODE
 net7017
  ANTENNA_user_projects\[0\].genblk1.user_project_la_data_in[4]/DIODE
 net7018
  ANTENNA_user_projects\[0\].genblk1.user_project_la_data_in[5]/DIODE
 net7023
  ANTENNA_user_projects\[1\].genblk1.user_project_io_in[15]/DIODE
 net7025
  ANTENNA_user_projects\[1\].genblk1.user_project_la_oenb[10]/DIODE
 net7026
  ANTENNA_user_projects\[1\].genblk1.user_project_la_oenb[11]/DIODE
 net7027
  ANTENNA_user_projects\[1\].genblk1.user_project_la_oenb[12]/DIODE
 net7028
  ANTENNA_user_projects\[1\].genblk1.user_project_la_oenb[13]/DIODE
 net7029
  ANTENNA_user_projects\[1\].genblk1.user_project_la_oenb[14]/DIODE
 net7030
  ANTENNA_user_projects\[1\].genblk1.user_project_la_oenb[15]/DIODE
 net7031
  ANTENNA_user_projects\[1\].genblk1.user_project_la_oenb[16]/DIODE
 net7032
  ANTENNA_user_projects\[1\].genblk1.user_project_la_oenb[17]/DIODE
 net7033
  ANTENNA_user_projects\[1\].genblk1.user_project_io_in[16]/DIODE
 net7034
  ANTENNA_user_projects\[1\].genblk1.user_project_la_oenb[18]/DIODE
 net7035
  ANTENNA_user_projects\[1\].genblk1.user_project_la_oenb[19]/DIODE
 net7036
  ANTENNA_user_projects\[1\].genblk1.user_project_la_oenb[20]/DIODE
 net7037
  ANTENNA_user_projects\[1\].genblk1.user_project_la_oenb[21]/DIODE
 net7038
  ANTENNA_user_projects\[1\].genblk1.user_project_la_oenb[22]/DIODE
 net7039
  ANTENNA_user_projects\[1\].genblk1.user_project_la_oenb[23]/DIODE
 net7040
  ANTENNA_user_projects\[1\].genblk1.user_project_la_oenb[24]/DIODE
 net7041
  ANTENNA_user_projects\[1\].genblk1.user_project_la_oenb[25]/DIODE
 net7042
  ANTENNA_user_projects\[1\].genblk1.user_project_la_oenb[26]/DIODE
 net7043
  ANTENNA_user_projects\[1\].genblk1.user_project_la_oenb[27]/DIODE
 net7044
  ANTENNA_user_projects\[1\].genblk1.user_project_la_oenb[28]/DIODE
 net7045
  ANTENNA_user_projects\[1\].genblk1.user_project_la_oenb[29]/DIODE
 net7046
  ANTENNA_user_projects\[1\].genblk1.user_project_la_oenb[30]/DIODE
 net7047
  ANTENNA_user_projects\[1\].genblk1.user_project_la_oenb[31]/DIODE
 net7048
  ANTENNA_user_projects\[1\].genblk1.user_project_la_oenb[5]/DIODE
 net7049
  ANTENNA_user_projects\[1\].genblk1.user_project_la_oenb[6]/DIODE
 net7076
  ANTENNA_user_projects\[3\].genblk1.user_project_io_in[21]/DIODE
 net7079
  ANTENNA_user_projects\[2\].genblk1.user_project_io_in[21]/DIODE
 net7083
  ANTENNA_user_projects\[3\].genblk1.user_project_io_in[10]/DIODE
 net7085
  ANTENNA_user_projects\[1\].genblk1.user_project_io_in[10]/DIODE
 net7088
  ANTENNA_user_projects\[0\].genblk1.user_project_io_in[27]/DIODE
 net7090
  ANTENNA_user_projects\[2\].genblk1.user_project_io_in[28]/DIODE
 net7092
  ANTENNA_user_projects\[0\].genblk1.user_project_io_in[28]/DIODE
 net7094
  ANTENNA_user_projects\[2\].genblk1.user_project_io_in[29]/DIODE
 net7095
  ANTENNA_user_projects\[0\].genblk1.user_project_io_in[29]/DIODE
 net7099
  ANTENNA_user_projects\[2\].genblk1.user_project_io_in[30]/DIODE
 net7100
  ANTENNA_user_projects\[0\].genblk1.user_project_io_in[30]/DIODE
 net7103
  ANTENNA_user_projects\[2\].genblk1.user_project_io_in[31]/DIODE
 net7108
  ANTENNA_user_projects\[1\].genblk1.user_project_io_in[33]/DIODE
 net7109
  ANTENNA_user_projects\[1\].genblk1.user_project_io_in[34]/DIODE
 net7113
  ANTENNA_user_projects\[1\].genblk1.user_project_io_in[11]/DIODE
 net7117
  ANTENNA_user_projects\[0\].genblk1.user_project_io_in[4]/DIODE
 net7118
  ANTENNA_user_projects\[0\].genblk1.user_project_io_in[5]/DIODE
 net7119
  ANTENNA_user_projects\[0\].genblk1.user_project_io_in[6]/DIODE
 net7121
  ANTENNA_user_projects\[3\].genblk1.user_project_io_in[7]/DIODE
 net7123
  ANTENNA_user_projects\[3\].genblk1.user_project_io_in[8]/DIODE
 net7125
  ANTENNA_user_projects\[3\].genblk1.user_project_io_in[9]/DIODE
 net7126
  ANTENNA_user_projects\[1\].genblk1.user_project_io_in[9]/DIODE
 net7129
  ANTENNA_user_projects\[0\].genblk1.user_project_la_data_in[11]/DIODE
 net7131
  ANTENNA_user_projects\[0\].genblk1.user_project_la_data_in[12]/DIODE
 net7133
  ANTENNA_user_projects\[0\].genblk1.user_project_la_data_in[13]/DIODE
 net7135
  ANTENNA_user_projects\[1\].genblk1.user_project_la_data_in[14]/DIODE
 net7136
  ANTENNA_user_projects\[0\].genblk1.user_project_la_data_in[14]/DIODE
 net7138
  ANTENNA_user_projects\[0\].genblk1.user_project_la_data_in[15]/DIODE
 net7140
  ANTENNA_user_projects\[1\].genblk1.user_project_la_data_in[16]/DIODE
 net7141
  ANTENNA_user_projects\[0\].genblk1.user_project_la_data_in[16]/DIODE
 net7143
  ANTENNA_user_projects\[0\].genblk1.user_project_la_data_in[17]/DIODE
 net7145
  ANTENNA_user_projects\[0\].genblk1.user_project_la_data_in[18]/DIODE
 net7147
  ANTENNA_user_projects\[1\].genblk1.user_project_la_data_in[19]/DIODE
 net7148
  ANTENNA_user_projects\[0\].genblk1.user_project_la_data_in[19]/DIODE
 net7151
  ANTENNA_user_projects\[0\].genblk1.user_project_la_data_in[20]/DIODE
 net7153
  ANTENNA_user_projects\[1\].genblk1.user_project_la_data_in[21]/DIODE
 net7154
  ANTENNA_user_projects\[0\].genblk1.user_project_la_data_in[21]/DIODE
 net7156
  ANTENNA_user_projects\[1\].genblk1.user_project_la_data_in[22]/DIODE
 net7157
  ANTENNA_user_projects\[0\].genblk1.user_project_la_data_in[22]/DIODE
 net7159
  ANTENNA_user_projects\[1\].genblk1.user_project_la_data_in[23]/DIODE
 net7160
  ANTENNA_user_projects\[0\].genblk1.user_project_la_data_in[23]/DIODE
 net7162
  ANTENNA_user_projects\[1\].genblk1.user_project_la_data_in[24]/DIODE
 net7163
  ANTENNA_user_projects\[0\].genblk1.user_project_la_data_in[24]/DIODE
 net7165
  ANTENNA_user_projects\[1\].genblk1.user_project_la_data_in[25]/DIODE
 net7166
  ANTENNA_user_projects\[0\].genblk1.user_project_la_data_in[25]/DIODE
 net7168
  ANTENNA_user_projects\[0\].genblk1.user_project_la_data_in[26]/DIODE
 net7170
  ANTENNA_user_projects\[0\].genblk1.user_project_la_data_in[27]/DIODE
 net7172
  ANTENNA_user_projects\[0\].genblk1.user_project_la_data_in[28]/DIODE
 net7175
  ANTENNA_user_projects\[0\].genblk1.user_project_la_data_in[29]/DIODE
 net7178
  ANTENNA_user_projects\[0\].genblk1.user_project_la_data_in[30]/DIODE
 net7182
  ANTENNA_user_projects\[3\].genblk1.user_project_io_in[17]/DIODE
 net7184
  ANTENNA_user_projects\[2\].genblk1.user_project_io_in[17]/DIODE
 net7188
  ANTENNA_user_projects\[0\].genblk1.user_project_wbs_adr_i[10]/DIODE
 net7190
  ANTENNA_user_projects\[0\].genblk1.user_project_wbs_adr_i[11]/DIODE
 net7192
  ANTENNA_user_projects\[0\].genblk1.user_project_wbs_adr_i[12]/DIODE
 net7194
  ANTENNA_user_projects\[0\].genblk1.user_project_wbs_adr_i[13]/DIODE
 net7196
  ANTENNA_user_projects\[0\].genblk1.user_project_wbs_adr_i[14]/DIODE
 net7198
  ANTENNA_user_projects\[0\].genblk1.user_project_wbs_adr_i[15]/DIODE
 net7200
  ANTENNA_user_projects\[0\].genblk1.user_project_wbs_adr_i[16]/DIODE
 net7202
  ANTENNA_user_projects\[0\].genblk1.user_project_wbs_adr_i[17]/DIODE
 net7204
  ANTENNA_user_projects\[0\].genblk1.user_project_wbs_adr_i[18]/DIODE
 net7206
  ANTENNA_user_projects\[0\].genblk1.user_project_wbs_adr_i[19]/DIODE
 net7208
  ANTENNA_user_projects\[0\].genblk1.user_project_wbs_adr_i[20]/DIODE
 net7210
  ANTENNA_user_projects\[0\].genblk1.user_project_wbs_adr_i[21]/DIODE
 net7212
  ANTENNA_user_projects\[0\].genblk1.user_project_wbs_adr_i[22]/DIODE
 net7219
  ANTENNA_user_projects\[0\].genblk1.user_project_wbs_adr_i[29]/DIODE
 net7225
  ANTENNA_user_projects\[0\].genblk1.user_project_wbs_dat_i[10]/DIODE
 net7228
  ANTENNA_user_projects\[0\].genblk1.user_project_wbs_dat_i[12]/DIODE
 net7230
  ANTENNA_user_projects\[0\].genblk1.user_project_wbs_dat_i[13]/DIODE
 net7234
  ANTENNA_user_projects\[0\].genblk1.user_project_wbs_dat_i[15]/DIODE
 net7236
  ANTENNA_user_projects\[0\].genblk1.user_project_wbs_dat_i[16]/DIODE
 net7238
  ANTENNA_user_projects\[0\].genblk1.user_project_wbs_dat_i[17]/DIODE
 net7240
  ANTENNA_user_projects\[0\].genblk1.user_project_wbs_dat_i[18]/DIODE
 net7242
  ANTENNA_user_projects\[0\].genblk1.user_project_wbs_dat_i[19]/DIODE
 net7244
  ANTENNA_user_projects\[0\].genblk1.user_project_wbs_dat_i[20]/DIODE
 net7246
  ANTENNA_user_projects\[0\].genblk1.user_project_wbs_dat_i[21]/DIODE
 net7248
  ANTENNA_user_projects\[0\].genblk1.user_project_wbs_dat_i[22]/DIODE
 net7254
  ANTENNA_user_projects\[0\].genblk1.user_project_wbs_dat_i[28]/DIODE
 net7259
  ANTENNA_user_projects\[0\].genblk1.user_project_wbs_dat_i[9]/DIODE
 net7260
  ANTENNA_user_projects\[0\].genblk1.user_project_la_oenb[19]/DIODE
 net7261
  ANTENNA_user_projects\[0\].genblk1.user_project_la_oenb[20]/DIODE
 net7262
  ANTENNA_user_projects\[0\].genblk1.user_project_la_oenb[21]/DIODE
 net7263
  ANTENNA_user_projects\[0\].genblk1.user_project_la_oenb[22]/DIODE
 net7264
  ANTENNA_user_projects\[0\].genblk1.user_project_la_oenb[23]/DIODE
 net7265
  ANTENNA_user_projects\[0\].genblk1.user_project_la_oenb[24]/DIODE
 net7266
  ANTENNA_user_projects\[0\].genblk1.user_project_la_oenb[25]/DIODE
 net7267
  ANTENNA_user_projects\[0\].genblk1.user_project_la_oenb[26]/DIODE
 net7268
  ANTENNA_user_projects\[0\].genblk1.user_project_la_oenb[27]/DIODE
 net7270
  ANTENNA_user_projects\[0\].genblk1.user_project_la_oenb[29]/DIODE
 net7271
  ANTENNA_user_projects\[0\].genblk1.user_project_la_oenb[30]/DIODE
 net7272
  ANTENNA_user_projects\[0\].genblk1.user_project_la_oenb[31]/DIODE
 net7274
  ANTENNA_user_projects\[1\].genblk1.user_project_io_in[0]/DIODE
 net7276
  ANTENNA_user_projects\[3\].genblk1.user_project_io_in[18]/DIODE
 net7277
  ANTENNA_user_projects\[2\].genblk1.user_project_io_in[18]/DIODE
 net7279
  ANTENNA_user_projects\[3\].genblk1.user_project_io_in[19]/DIODE
 net7281
  ANTENNA_user_projects\[2\].genblk1.user_project_io_in[19]/DIODE
 net7286
  ANTENNA_user_projects\[3\].genblk1.user_project_io_in[20]/DIODE
 net7288
  ANTENNA_user_projects\[2\].genblk1.user_project_io_in[20]/DIODE
 net7293
  ANTENNA_user_projects\[0\].genblk1.user_project_io_in[31]/DIODE
 net7302
  ANTENNA_user_projects\[1\].genblk1.user_project_io_in[8]/DIODE
 net7338
  ANTENNA_user_projects\[0\].genblk1.user_project_io_in[32]/DIODE
 net7340
  ANTENNA_user_projects\[1\].genblk1.user_project_io_in[7]/DIODE
parastic_annotation_check
check_slew

===========================================================================
 report_check_types -max_slew -max_cap -max_fanout -violators
============================================================================
max slew

Pin                                    Limit    Slew   Slack
------------------------------------------------------------
user_projects[1].genblk1.user_project/wb_clk_i    0.10    0.78   -0.68 (VIOLATED)
user_projects[0].genblk1.user_project/wb_clk_i    0.10    0.66   -0.56 (VIOLATED)
user_projects[2].genblk1.user_project/wb_clk_i    0.10    0.64   -0.54 (VIOLATED)
user_projects[3].genblk1.user_project/wb_clk_i    0.10    0.26   -0.16 (VIOLATED)

max fanout

Pin                                   Limit Fanout  Slack
---------------------------------------------------------
wire4535/X                               18     35    -17 (VIOLATED)
wire4549/X                               18     35    -17 (VIOLATED)
wire4556/X                               18     35    -17 (VIOLATED)
wire4563/X                               18     35    -17 (VIOLATED)
wire4570/X                               18     32    -14 (VIOLATED)
wire5636/X                               18     29    -11 (VIOLATED)
wire6083/X                               18     26     -8 (VIOLATED)
wire6090/X                               18     26     -8 (VIOLATED)
wire6092/X                               18     26     -8 (VIOLATED)
wire6222/X                               18     26     -8 (VIOLATED)
fanout4139/X                             18     24     -6 (VIOLATED)
fanout4170/X                             18     24     -6 (VIOLATED)
fanout4746/X                             18     24     -6 (VIOLATED)
fanout4747/X                             18     24     -6 (VIOLATED)
fanout4749/X                             18     24     -6 (VIOLATED)
fanout4764/X                             18     24     -6 (VIOLATED)
fanout4770/X                             18     24     -6 (VIOLATED)
fanout4771/X                             18     24     -6 (VIOLATED)
fanout4772/X                             18     24     -6 (VIOLATED)
fanout4773/X                             18     24     -6 (VIOLATED)
fanout4776/X                             18     24     -6 (VIOLATED)
fanout4779/X                             18     24     -6 (VIOLATED)
fanout4781/X                             18     24     -6 (VIOLATED)
fanout4785/X                             18     24     -6 (VIOLATED)
fanout4803/X                             18     24     -6 (VIOLATED)
fanout4817/X                             18     24     -6 (VIOLATED)
fanout4821/X                             18     24     -6 (VIOLATED)
fanout4849/X                             18     24     -6 (VIOLATED)
fanout4850/X                             18     24     -6 (VIOLATED)
fanout4851/X                             18     24     -6 (VIOLATED)
fanout4853/X                             18     24     -6 (VIOLATED)
fanout4867/X                             18     24     -6 (VIOLATED)
fanout4868/X                             18     24     -6 (VIOLATED)
fanout4876/X                             18     24     -6 (VIOLATED)
fanout4882/X                             18     24     -6 (VIOLATED)
fanout4883/X                             18     24     -6 (VIOLATED)
fanout4885/X                             18     24     -6 (VIOLATED)
fanout4887/X                             18     24     -6 (VIOLATED)
fanout4889/X                             18     24     -6 (VIOLATED)
fanout4905/X                             18     24     -6 (VIOLATED)
fanout4916/X                             18     24     -6 (VIOLATED)
fanout4920/X                             18     24     -6 (VIOLATED)
wire5834/X                               18     24     -6 (VIOLATED)
wire5888/X                               18     24     -6 (VIOLATED)
wire4500/X                               18     23     -5 (VIOLATED)
wire5381/X                               18     23     -5 (VIOLATED)
wire5405/X                               18     23     -5 (VIOLATED)
wire6047/X                               18     23     -5 (VIOLATED)
fanout4171/X                             18     22     -4 (VIOLATED)
fanout4750/X                             18     22     -4 (VIOLATED)
fanout4852/X                             18     22     -4 (VIOLATED)
max_length5188/X                         18     22     -4 (VIOLATED)
fanout4777/X                             18     20     -2 (VIOLATED)
fanout4801/X                             18     20     -2 (VIOLATED)
fanout4822/X                             18     20     -2 (VIOLATED)
wire4848/X                               18     20     -2 (VIOLATED)
wire4870/X                               18     20     -2 (VIOLATED)
wire5103/X                               18     20     -2 (VIOLATED)
wire5111/X                               18     20     -2 (VIOLATED)
wire5119/X                               18     20     -2 (VIOLATED)
wire5344/X                               18     20     -2 (VIOLATED)
wire5389/X                               18     20     -2 (VIOLATED)
wire5397/X                               18     20     -2 (VIOLATED)
wire6071/X                               18     20     -2 (VIOLATED)
wire6081/X                               18     20     -2 (VIOLATED)
wire6227/X                               18     20     -2 (VIOLATED)
wire6401/X                               18     19        (VIOLATED)


===========================================================================
max slew violation count 4
max fanout violation count 67
max cap violation count 0
============================================================================
check_slew_end
tns_report

===========================================================================
 report_tns
============================================================================
tns 0.00
tns_report_end
wns_report

===========================================================================
 report_wns
============================================================================
wns 0.00
wns_report_end
worst_slack

===========================================================================
 report_worst_slack -max (Setup)
============================================================================
worst slack 4.79

===========================================================================
 report_worst_slack -min (Hold)
============================================================================
worst slack 0.95
worst_slack_end
clock_skew

===========================================================================
 report_clock_skew
============================================================================
Clock clk
No launch/capture paths found.

clock_skew_end
power_report

===========================================================================
 report_power
============================================================================
Group                  Internal  Switching    Leakage      Total
                          Power      Power      Power      Power (Watts)
----------------------------------------------------------------
Sequential             0.00e+00   0.00e+00   0.00e+00   0.00e+00   0.0%
Combinational          1.05e-03   2.34e-03   1.85e-07   3.39e-03 100.0%
Macro                  0.00e+00   0.00e+00   0.00e+00   0.00e+00   0.0%
Pad                    0.00e+00   0.00e+00   0.00e+00   0.00e+00   0.0%
----------------------------------------------------------------
Total                  1.05e-03   2.34e-03   1.85e-07   3.39e-03 100.0%
                          31.0%      69.0%       0.0%
power_report_end
area_report

===========================================================================
 report_design_area
============================================================================
Design area 8474134 u^2 83% utilization.
area_report_end
Setting global connections for newly added cells...
[WARNING] Did not save OpenROAD database!
Writing SDF to /home/hosni/mpc/openlane/user_project_wrapper/runs/23_04_13_05_52/results/routing/mca/process_corner_nom/user_project_wrapper.sdf...

