
===========================================================================
 report_check_types -max_slew -max_cap -max_fanout -violators
============================================================================
max slew

Pin                                    Limit    Slew   Slack
------------------------------------------------------------
user_projects[3].genblk1.user_project/wb_clk_i    0.10    0.30   -0.20 (VIOLATED)
user_projects[1].genblk1.user_project/wb_clk_i    0.10    0.29   -0.19 (VIOLATED)
user_projects[0].genblk1.user_project/wb_clk_i    0.10    0.24   -0.14 (VIOLATED)
user_projects[2].genblk1.user_project/wb_clk_i    0.10    0.22   -0.12 (VIOLATED)

max fanout

Pin                                   Limit Fanout  Slack
---------------------------------------------------------
max_length6509/X                         18     37    -19 (VIOLATED)
max_length6792/X                         18     37    -19 (VIOLATED)
wire5949/X                               18     35    -17 (VIOLATED)
wire7147/X                               18     35    -17 (VIOLATED)
wire7145/X                               18     32    -14 (VIOLATED)
wire7146/X                               18     32    -14 (VIOLATED)
wire5713/X                               18     29    -11 (VIOLATED)
wire5725/X                               18     29    -11 (VIOLATED)
wire7135/X                               18     29    -11 (VIOLATED)
wire7140/X                               18     29    -11 (VIOLATED)
wire7143/X                               18     29    -11 (VIOLATED)
wire7144/X                               18     29    -11 (VIOLATED)
wire7544/X                               18     29    -11 (VIOLATED)
wire7545/X                               18     29    -11 (VIOLATED)
max_length6434/X                         18     28    -10 (VIOLATED)
wire7385/X                               18     28    -10 (VIOLATED)
wire7434/X                               18     27     -9 (VIOLATED)
max_length6737/X                         18     26     -8 (VIOLATED)
max_length6752/X                         18     26     -8 (VIOLATED)
wire5627/X                               18     26     -8 (VIOLATED)
wire5861/X                               18     26     -8 (VIOLATED)
wire6472/X                               18     26     -8 (VIOLATED)
wire7141/X                               18     26     -8 (VIOLATED)
wire7142/X                               18     26     -8 (VIOLATED)
wire7313/X                               18     26     -8 (VIOLATED)
wire7317/X                               18     26     -8 (VIOLATED)
wire7323/X                               18     26     -8 (VIOLATED)
wire7542/X                               18     26     -8 (VIOLATED)
wire7543/X                               18     26     -8 (VIOLATED)
wire7247/X                               18     25     -7 (VIOLATED)
wire5903/X                               18     23     -5 (VIOLATED)
wire6411/X                               18     23     -5 (VIOLATED)
wire6418/X                               18     23     -5 (VIOLATED)
wire6425/X                               18     23     -5 (VIOLATED)
wire6539/X                               18     23     -5 (VIOLATED)
wire6665/X                               18     23     -5 (VIOLATED)
wire6679/X                               18     23     -5 (VIOLATED)
wire6686/X                               18     23     -5 (VIOLATED)
wire6936/X                               18     23     -5 (VIOLATED)
wire7133/X                               18     23     -5 (VIOLATED)
wire7648/X                               18     22     -4 (VIOLATED)
fanout6006/X                             18     20     -2 (VIOLATED)
fanout6008/X                             18     20     -2 (VIOLATED)
fanout6012/X                             18     20     -2 (VIOLATED)
fanout6017/X                             18     20     -2 (VIOLATED)
fanout6018/X                             18     20     -2 (VIOLATED)
fanout6020/X                             18     20     -2 (VIOLATED)
fanout6022/X                             18     20     -2 (VIOLATED)
fanout6024/X                             18     20     -2 (VIOLATED)
fanout6036/X                             18     20     -2 (VIOLATED)
fanout6037/X                             18     20     -2 (VIOLATED)
fanout6041/X                             18     20     -2 (VIOLATED)
fanout6046/X                             18     20     -2 (VIOLATED)
fanout6048/X                             18     20     -2 (VIOLATED)
fanout6050/X                             18     20     -2 (VIOLATED)
fanout6051/X                             18     20     -2 (VIOLATED)
fanout6053/X                             18     20     -2 (VIOLATED)
fanout6055/X                             18     20     -2 (VIOLATED)
fanout6071/X                             18     20     -2 (VIOLATED)
fanout6074/X                             18     20     -2 (VIOLATED)
fanout6076/X                             18     20     -2 (VIOLATED)
fanout6081/X                             18     20     -2 (VIOLATED)
fanout6095/X                             18     20     -2 (VIOLATED)
fanout6096/X                             18     20     -2 (VIOLATED)
fanout6098/X                             18     20     -2 (VIOLATED)
fanout6101/X                             18     20     -2 (VIOLATED)
fanout6103/X                             18     20     -2 (VIOLATED)
fanout6129/X                             18     20     -2 (VIOLATED)
fanout6131/X                             18     20     -2 (VIOLATED)
fanout6135/X                             18     20     -2 (VIOLATED)
fanout6136/X                             18     20     -2 (VIOLATED)
fanout6140/X                             18     20     -2 (VIOLATED)
fanout6142/X                             18     20     -2 (VIOLATED)
fanout6143/X                             18     20     -2 (VIOLATED)
fanout6144/X                             18     20     -2 (VIOLATED)
fanout6146/X                             18     20     -2 (VIOLATED)
fanout6156/X                             18     20     -2 (VIOLATED)
fanout6161/X                             18     20     -2 (VIOLATED)
fanout6162/X                             18     20     -2 (VIOLATED)
fanout6170/X                             18     20     -2 (VIOLATED)
fanout6172/X                             18     20     -2 (VIOLATED)
fanout6174/X                             18     20     -2 (VIOLATED)
fanout6176/X                             18     20     -2 (VIOLATED)
fanout6178/X                             18     20     -2 (VIOLATED)
fanout6180/X                             18     20     -2 (VIOLATED)
fanout6182/X                             18     20     -2 (VIOLATED)
fanout6186/X                             18     20     -2 (VIOLATED)
fanout6199/X                             18     20     -2 (VIOLATED)
fanout6200/X                             18     20     -2 (VIOLATED)
fanout6204/X                             18     20     -2 (VIOLATED)
fanout6206/X                             18     20     -2 (VIOLATED)
fanout6221/X                             18     20     -2 (VIOLATED)
fanout6222/X                             18     20     -2 (VIOLATED)
fanout6226/X                             18     20     -2 (VIOLATED)
fanout6229/X                             18     20     -2 (VIOLATED)
max_length7583/X                         18     20     -2 (VIOLATED)
wire5482/X                               18     20     -2 (VIOLATED)
wire5506/X                               18     20     -2 (VIOLATED)
wire6176/X                               18     20     -2 (VIOLATED)
wire6446/X                               18     20     -2 (VIOLATED)
wire6469/X                               18     20     -2 (VIOLATED)
wire6570/X                               18     20     -2 (VIOLATED)
wire6658/X                               18     20     -2 (VIOLATED)
wire6700/X                               18     20     -2 (VIOLATED)
wire6714/X                               18     20     -2 (VIOLATED)
wire6838/X                               18     20     -2 (VIOLATED)
wire6926/X                               18     20     -2 (VIOLATED)
wire7132/X                               18     20     -2 (VIOLATED)
wire7134/X                               18     20     -2 (VIOLATED)
wire7137/X                               18     20     -2 (VIOLATED)
wire7138/X                               18     20     -2 (VIOLATED)
wire7281/X                               18     20     -2 (VIOLATED)
wire7321/X                               18     20     -2 (VIOLATED)
wire7467/X                               18     20     -2 (VIOLATED)
wire7646/X                               18     19        (VIOLATED)


===========================================================================
max slew violation count 4
max fanout violation count 115
max cap violation count 0
============================================================================
