
===========================================================================
report_checks -path_delay max (Setup)
============================================================================
Startpoint: wb_rst_i (input port clocked by clk)
Endpoint: user_projects[3].genblk1.user_project
          (recovery check against rising-edge clock clk)
Path Group: **async_default**
Path Type: max

Fanout     Cap    Slew   Delay    Time   Description
-----------------------------------------------------------------------------
                          0.00    0.00   clock clk (rise edge)
                          7.25    7.25   clock network delay (propagated)
                          1.72    8.97 ^ input external delay
                  0.12    0.00    8.97 ^ wb_rst_i (in)
     2    0.01                           wb_rst_i (net)
                  0.12    0.00    8.97 ^ hold11/A (sky130_fd_sc_hd__clkdlybuf4s50_2)
                  0.08    0.57    9.54 ^ hold11/X (sky130_fd_sc_hd__clkdlybuf4s50_2)
     1    0.01                           net5944 (net)
                  0.08    0.00    9.54 ^ input279/A (sky130_fd_sc_hd__dlymetal6s2s_1)
                  0.14    0.17    9.71 ^ input279/X (sky130_fd_sc_hd__dlymetal6s2s_1)
     1    0.01                           net6237 (net)
                  0.14    0.00    9.71 ^ hold7/A (sky130_fd_sc_hd__dlymetal6s2s_1)
                  0.11    0.17    9.89 ^ hold7/X (sky130_fd_sc_hd__dlymetal6s2s_1)
     1    0.01                           net6130 (net)
                  0.11    0.00    9.89 ^ hold4/A (sky130_fd_sc_hd__dlymetal6s2s_1)
                  0.10    0.16   10.04 ^ hold4/X (sky130_fd_sc_hd__dlymetal6s2s_1)
     1    0.01                           net6027 (net)
                  0.10    0.00   10.04 ^ hold8/A (sky130_fd_sc_hd__dlymetal6s2s_1)
                  0.13    0.17   10.22 ^ hold8/X (sky130_fd_sc_hd__dlymetal6s2s_1)
     1    0.01                           net6131 (net)
                  0.13    0.00   10.22 ^ hold1/A (sky130_fd_sc_hd__dlymetal6s2s_1)
                  0.14    0.19   10.41 ^ hold1/X (sky130_fd_sc_hd__dlymetal6s2s_1)
     1    0.01                           net6024 (net)
                  0.14    0.00   10.41 ^ hold9/A (sky130_fd_sc_hd__dlymetal6s2s_1)
                  0.14    0.19   10.60 ^ hold9/X (sky130_fd_sc_hd__dlymetal6s2s_1)
     1    0.01                           net6132 (net)
                  0.14    0.00   10.60 ^ hold5/A (sky130_fd_sc_hd__dlymetal6s2s_1)
                  0.15    0.20   10.81 ^ hold5/X (sky130_fd_sc_hd__dlymetal6s2s_1)
     1    0.01                           net6028 (net)
                  0.15    0.00   10.81 ^ hold10/A (sky130_fd_sc_hd__dlygate4sd1_1)
                  0.17    0.32   11.13 ^ hold10/X (sky130_fd_sc_hd__dlygate4sd1_1)
     1    0.02                           net6133 (net)
                  0.17    0.00   11.13 ^ input104/A (sky130_fd_sc_hd__buf_6)
                  0.04    0.14   11.27 ^ input104/X (sky130_fd_sc_hd__buf_6)
     1    0.02                           net104 (net)
                  0.04    0.00   11.27 ^ hold6/A (sky130_fd_sc_hd__dlymetal6s2s_1)
                  0.20    0.21   11.48 ^ hold6/X (sky130_fd_sc_hd__dlymetal6s2s_1)
     1    0.02                           net6029 (net)
                  0.20    0.00   11.48 ^ hold2/A (sky130_fd_sc_hd__buf_6)
                  0.22    0.28   11.76 ^ hold2/X (sky130_fd_sc_hd__buf_6)
     4    0.11                           net6025 (net)
                  0.22    0.00   11.76 ^ max_length5867/A (sky130_fd_sc_hd__buf_6)
                  0.12    0.21   11.97 ^ max_length5867/X (sky130_fd_sc_hd__buf_6)
     2    0.06                           net5867 (net)
                  0.12    0.01   11.98 ^ hold3/A (sky130_fd_sc_hd__buf_6)
                  0.26    0.27   12.25 ^ hold3/X (sky130_fd_sc_hd__buf_6)
     4    0.13                           net6026 (net)
                  0.27    0.05   12.30 ^ wire5951/A (sky130_fd_sc_hd__buf_6)
                  0.15    0.25   12.54 ^ wire5951/X (sky130_fd_sc_hd__buf_6)
     2    0.08                           net6735 (net)
                  0.16    0.01   12.55 ^ wire5864/A (sky130_fd_sc_hd__buf_6)
                  0.14    0.20   12.75 ^ wire5864/X (sky130_fd_sc_hd__buf_6)
     2    0.07                           net5864 (net)
                  0.14    0.02   12.77 ^ wire5863/A (sky130_fd_sc_hd__buf_6)
                  0.14    0.20   12.97 ^ wire5863/X (sky130_fd_sc_hd__buf_6)
     2    0.07                           net5863 (net)
                  0.15    0.02   12.98 ^ wire5409/A (sky130_fd_sc_hd__buf_12)
                  0.22    0.21   13.19 ^ wire5409/X (sky130_fd_sc_hd__buf_12)
     4    0.19                           net6636 (net)
                  0.28    0.10   13.29 ^ wire5862/A (sky130_fd_sc_hd__buf_6)
                  0.23    0.28   13.57 ^ wire5862/X (sky130_fd_sc_hd__buf_6)
     2    0.11                           net5862 (net)
                  0.24    0.04   13.61 ^ wire5861/A (sky130_fd_sc_hd__buf_6)
                  0.22    0.27   13.88 ^ wire5861/X (sky130_fd_sc_hd__buf_6)
     2    0.11                           net5861 (net)
                  0.23    0.04   13.92 ^ user_projects[3].genblk1.user_project/wb_rst_i (user_project)
                                 13.92   data arrival time

                         30.00   30.00   clock clk (rise edge)
                          6.00   36.00   clock source latency
                  1.16    0.00   36.00 ^ wb_clk_i (in)
     2    0.02                           wb_clk_i (net)
                  1.16    0.00   36.00 ^ wire3/A (sky130_fd_sc_hd__buf_6)
                  0.07    0.21   36.21 ^ wire3/X (sky130_fd_sc_hd__buf_6)
     1    0.02                           net6015 (net)
                  0.07    0.00   36.21 ^ wire2/A (sky130_fd_sc_hd__buf_8)
                  0.04    0.10   36.31 ^ wire2/X (sky130_fd_sc_hd__buf_8)
     1    0.02                           net6014 (net)
                  0.04    0.00   36.31 ^ wire1/A (sky130_fd_sc_hd__buf_8)
                  0.05    0.10   36.41 ^ wire1/X (sky130_fd_sc_hd__buf_8)
     2    0.03                           net6013 (net)
                  0.05    0.00   36.42 ^ clkbuf_0_wb_clk_i/A (sky130_fd_sc_hd__clkbuf_16)
                  0.09    0.16   36.58 ^ clkbuf_0_wb_clk_i/X (sky130_fd_sc_hd__clkbuf_16)
     4    0.08                           clknet_0_wb_clk_i (net)
                  0.10    0.02   36.59 ^ clkbuf_1_1_0_wb_clk_i/A (sky130_fd_sc_hd__clkbuf_4)
                  0.18    0.24   36.83 ^ clkbuf_1_1_0_wb_clk_i/X (sky130_fd_sc_hd__clkbuf_4)
     2    0.06                           clknet_1_1_0_wb_clk_i (net)
                  0.19    0.02   36.84 ^ wire11/A (sky130_fd_sc_hd__buf_8)
                  0.11    0.17   37.02 ^ wire11/X (sky130_fd_sc_hd__buf_8)
     2    0.06                           net6023 (net)
                  0.12    0.02   37.03 ^ wire86/A (sky130_fd_sc_hd__buf_6)
                  0.03    0.11   37.14 ^ wire86/X (sky130_fd_sc_hd__buf_6)
     1    0.01                           net5914 (net)
                  0.03    0.00   37.14 ^ wire129/A (sky130_fd_sc_hd__buf_6)
                  0.21    0.18   37.33 ^ wire129/X (sky130_fd_sc_hd__buf_6)
     2    0.10                           net5945 (net)
                  0.22    0.03   37.36 ^ clkbuf_0_net6023/A (sky130_fd_sc_hd__clkbuf_16)
                  0.10    0.22   37.57 ^ clkbuf_0_net6023/X (sky130_fd_sc_hd__clkbuf_16)
     4    0.08                           clknet_0_net6023 (net)
                  0.11    0.02   37.59 ^ clkbuf_1_1__f_net6023/A (sky130_fd_sc_hd__clkbuf_16)
                  0.07    0.16   37.75 ^ clkbuf_1_1__f_net6023/X (sky130_fd_sc_hd__clkbuf_16)
     2    0.05                           clknet_1_1__leaf_net6023 (net)
                  0.07    0.01   37.76 ^ wire10/A (sky130_fd_sc_hd__buf_6)
                  0.11    0.15   37.91 ^ wire10/X (sky130_fd_sc_hd__buf_6)
     2    0.05                           net6022 (net)
                  0.11    0.01   37.92 ^ _0666_/C (sky130_fd_sc_hd__and3_4)
                  0.13    0.25   38.17 ^ _0666_/X (sky130_fd_sc_hd__and3_4)
     2    0.04                           _0003_ (net)
                  0.13    0.00   38.17 ^ wire5/A (sky130_fd_sc_hd__buf_6)
                  0.08    0.15   38.32 ^ wire5/X (sky130_fd_sc_hd__buf_6)
     2    0.04                           net6017 (net)
                  0.08    0.01   38.33 ^ wire4/A (sky130_fd_sc_hd__buf_12)
                  0.23    0.22   38.55 ^ wire4/X (sky130_fd_sc_hd__buf_12)
     2    0.20                           net6016 (net)
                  0.24    0.03   38.58 ^ user_projects[3].genblk1.user_project/wb_clk_i (user_project)
                         -0.10   38.48   clock uncertainty
                          0.00   38.48   clock reconvergence pessimism
                         -2.77   35.71   library recovery time
                                 35.71   data required time
-----------------------------------------------------------------------------
                                 35.71   data required time
                                -13.92   data arrival time
-----------------------------------------------------------------------------
                                 21.79   slack (MET)


Startpoint: wb_rst_i (input port clocked by clk)
Endpoint: user_projects[2].genblk1.user_project
          (recovery check against rising-edge clock clk)
Path Group: **async_default**
Path Type: max

Fanout     Cap    Slew   Delay    Time   Description
-----------------------------------------------------------------------------
                          0.00    0.00   clock clk (rise edge)
                          7.25    7.25   clock network delay (propagated)
                          1.72    8.97 ^ input external delay
                  0.12    0.00    8.97 ^ wb_rst_i (in)
     2    0.01                           wb_rst_i (net)
                  0.12    0.00    8.97 ^ hold11/A (sky130_fd_sc_hd__clkdlybuf4s50_2)
                  0.08    0.57    9.54 ^ hold11/X (sky130_fd_sc_hd__clkdlybuf4s50_2)
     1    0.01                           net5944 (net)
                  0.08    0.00    9.54 ^ input279/A (sky130_fd_sc_hd__dlymetal6s2s_1)
                  0.14    0.17    9.71 ^ input279/X (sky130_fd_sc_hd__dlymetal6s2s_1)
     1    0.01                           net6237 (net)
                  0.14    0.00    9.71 ^ hold7/A (sky130_fd_sc_hd__dlymetal6s2s_1)
                  0.11    0.17    9.89 ^ hold7/X (sky130_fd_sc_hd__dlymetal6s2s_1)
     1    0.01                           net6130 (net)
                  0.11    0.00    9.89 ^ hold4/A (sky130_fd_sc_hd__dlymetal6s2s_1)
                  0.10    0.16   10.04 ^ hold4/X (sky130_fd_sc_hd__dlymetal6s2s_1)
     1    0.01                           net6027 (net)
                  0.10    0.00   10.04 ^ hold8/A (sky130_fd_sc_hd__dlymetal6s2s_1)
                  0.13    0.17   10.22 ^ hold8/X (sky130_fd_sc_hd__dlymetal6s2s_1)
     1    0.01                           net6131 (net)
                  0.13    0.00   10.22 ^ hold1/A (sky130_fd_sc_hd__dlymetal6s2s_1)
                  0.14    0.19   10.41 ^ hold1/X (sky130_fd_sc_hd__dlymetal6s2s_1)
     1    0.01                           net6024 (net)
                  0.14    0.00   10.41 ^ hold9/A (sky130_fd_sc_hd__dlymetal6s2s_1)
                  0.14    0.19   10.60 ^ hold9/X (sky130_fd_sc_hd__dlymetal6s2s_1)
     1    0.01                           net6132 (net)
                  0.14    0.00   10.60 ^ hold5/A (sky130_fd_sc_hd__dlymetal6s2s_1)
                  0.15    0.20   10.81 ^ hold5/X (sky130_fd_sc_hd__dlymetal6s2s_1)
     1    0.01                           net6028 (net)
                  0.15    0.00   10.81 ^ hold10/A (sky130_fd_sc_hd__dlygate4sd1_1)
                  0.17    0.32   11.13 ^ hold10/X (sky130_fd_sc_hd__dlygate4sd1_1)
     1    0.02                           net6133 (net)
                  0.17    0.00   11.13 ^ input104/A (sky130_fd_sc_hd__buf_6)
                  0.04    0.14   11.27 ^ input104/X (sky130_fd_sc_hd__buf_6)
     1    0.02                           net104 (net)
                  0.04    0.00   11.27 ^ hold6/A (sky130_fd_sc_hd__dlymetal6s2s_1)
                  0.20    0.21   11.48 ^ hold6/X (sky130_fd_sc_hd__dlymetal6s2s_1)
     1    0.02                           net6029 (net)
                  0.20    0.00   11.48 ^ hold2/A (sky130_fd_sc_hd__buf_6)
                  0.22    0.28   11.76 ^ hold2/X (sky130_fd_sc_hd__buf_6)
     4    0.11                           net6025 (net)
                  0.22    0.00   11.76 ^ max_length5867/A (sky130_fd_sc_hd__buf_6)
                  0.12    0.21   11.97 ^ max_length5867/X (sky130_fd_sc_hd__buf_6)
     2    0.06                           net5867 (net)
                  0.12    0.01   11.98 ^ hold3/A (sky130_fd_sc_hd__buf_6)
                  0.26    0.27   12.25 ^ hold3/X (sky130_fd_sc_hd__buf_6)
     4    0.13                           net6026 (net)
                  0.27    0.05   12.30 ^ wire5951/A (sky130_fd_sc_hd__buf_6)
                  0.15    0.25   12.54 ^ wire5951/X (sky130_fd_sc_hd__buf_6)
     2    0.08                           net6735 (net)
                  0.16    0.01   12.55 ^ wire5864/A (sky130_fd_sc_hd__buf_6)
                  0.14    0.20   12.75 ^ wire5864/X (sky130_fd_sc_hd__buf_6)
     2    0.07                           net5864 (net)
                  0.14    0.02   12.77 ^ wire5863/A (sky130_fd_sc_hd__buf_6)
                  0.14    0.20   12.97 ^ wire5863/X (sky130_fd_sc_hd__buf_6)
     2    0.07                           net5863 (net)
                  0.15    0.02   12.98 ^ wire5409/A (sky130_fd_sc_hd__buf_12)
                  0.22    0.21   13.19 ^ wire5409/X (sky130_fd_sc_hd__buf_12)
     4    0.19                           net6636 (net)
                  0.25    0.07   13.26 ^ user_projects[2].genblk1.user_project/wb_rst_i (user_project)
                                 13.26   data arrival time

                         30.00   30.00   clock clk (rise edge)
                          6.00   36.00   clock source latency
                  1.16    0.00   36.00 ^ wb_clk_i (in)
     2    0.02                           wb_clk_i (net)
                  1.16    0.00   36.00 ^ wire3/A (sky130_fd_sc_hd__buf_6)
                  0.07    0.21   36.21 ^ wire3/X (sky130_fd_sc_hd__buf_6)
     1    0.02                           net6015 (net)
                  0.07    0.00   36.21 ^ wire2/A (sky130_fd_sc_hd__buf_8)
                  0.04    0.10   36.31 ^ wire2/X (sky130_fd_sc_hd__buf_8)
     1    0.02                           net6014 (net)
                  0.04    0.00   36.31 ^ wire1/A (sky130_fd_sc_hd__buf_8)
                  0.05    0.10   36.41 ^ wire1/X (sky130_fd_sc_hd__buf_8)
     2    0.03                           net6013 (net)
                  0.05    0.00   36.42 ^ clkbuf_0_wb_clk_i/A (sky130_fd_sc_hd__clkbuf_16)
                  0.09    0.16   36.58 ^ clkbuf_0_wb_clk_i/X (sky130_fd_sc_hd__clkbuf_16)
     4    0.08                           clknet_0_wb_clk_i (net)
                  0.10    0.02   36.59 ^ clkbuf_1_1_0_wb_clk_i/A (sky130_fd_sc_hd__clkbuf_4)
                  0.18    0.24   36.83 ^ clkbuf_1_1_0_wb_clk_i/X (sky130_fd_sc_hd__clkbuf_4)
     2    0.06                           clknet_1_1_0_wb_clk_i (net)
                  0.19    0.02   36.84 ^ wire11/A (sky130_fd_sc_hd__buf_8)
                  0.11    0.17   37.02 ^ wire11/X (sky130_fd_sc_hd__buf_8)
     2    0.06                           net6023 (net)
                  0.12    0.02   37.03 ^ wire86/A (sky130_fd_sc_hd__buf_6)
                  0.03    0.11   37.14 ^ wire86/X (sky130_fd_sc_hd__buf_6)
     1    0.01                           net5914 (net)
                  0.03    0.00   37.14 ^ wire129/A (sky130_fd_sc_hd__buf_6)
                  0.21    0.18   37.33 ^ wire129/X (sky130_fd_sc_hd__buf_6)
     2    0.10                           net5945 (net)
                  0.22    0.03   37.36 ^ clkbuf_0_net6023/A (sky130_fd_sc_hd__clkbuf_16)
                  0.10    0.22   37.57 ^ clkbuf_0_net6023/X (sky130_fd_sc_hd__clkbuf_16)
     4    0.08                           clknet_0_net6023 (net)
                  0.10    0.01   37.58 ^ clkbuf_1_0__f_net6023/A (sky130_fd_sc_hd__clkbuf_16)
                  0.04    0.14   37.72 ^ clkbuf_1_0__f_net6023/X (sky130_fd_sc_hd__clkbuf_16)
     1    0.02                           clknet_1_0__leaf_net6023 (net)
                  0.04    0.00   37.72 ^ wire9/A (sky130_fd_sc_hd__buf_8)
                  0.04    0.09   37.82 ^ wire9/X (sky130_fd_sc_hd__buf_8)
     1    0.02                           net6021 (net)
                  0.04    0.00   37.82 ^ _0665_/B (sky130_fd_sc_hd__and3_4)
                  0.58    0.53   38.35 ^ _0665_/X (sky130_fd_sc_hd__and3_4)
     2    0.20                           _0001_ (net)
                  0.58    0.03   38.38 ^ user_projects[2].genblk1.user_project/wb_clk_i (user_project)
                         -0.10   38.28   clock uncertainty
                          0.00   38.28   clock reconvergence pessimism
                         -2.72   35.56   library recovery time
                                 35.56   data required time
-----------------------------------------------------------------------------
                                 35.56   data required time
                                -13.26   data arrival time
-----------------------------------------------------------------------------
                                 22.30   slack (MET)


Startpoint: wb_rst_i (input port clocked by clk)
Endpoint: user_projects[0].genblk1.user_project
          (recovery check against rising-edge clock clk)
Path Group: **async_default**
Path Type: max

Fanout     Cap    Slew   Delay    Time   Description
-----------------------------------------------------------------------------
                          0.00    0.00   clock clk (rise edge)
                          7.25    7.25   clock network delay (propagated)
                          1.72    8.97 ^ input external delay
                  0.12    0.00    8.97 ^ wb_rst_i (in)
     2    0.01                           wb_rst_i (net)
                  0.12    0.00    8.97 ^ hold11/A (sky130_fd_sc_hd__clkdlybuf4s50_2)
                  0.08    0.57    9.54 ^ hold11/X (sky130_fd_sc_hd__clkdlybuf4s50_2)
     1    0.01                           net5944 (net)
                  0.08    0.00    9.54 ^ input279/A (sky130_fd_sc_hd__dlymetal6s2s_1)
                  0.14    0.17    9.71 ^ input279/X (sky130_fd_sc_hd__dlymetal6s2s_1)
     1    0.01                           net6237 (net)
                  0.14    0.00    9.71 ^ hold7/A (sky130_fd_sc_hd__dlymetal6s2s_1)
                  0.11    0.17    9.89 ^ hold7/X (sky130_fd_sc_hd__dlymetal6s2s_1)
     1    0.01                           net6130 (net)
                  0.11    0.00    9.89 ^ hold4/A (sky130_fd_sc_hd__dlymetal6s2s_1)
                  0.10    0.16   10.04 ^ hold4/X (sky130_fd_sc_hd__dlymetal6s2s_1)
     1    0.01                           net6027 (net)
                  0.10    0.00   10.04 ^ hold8/A (sky130_fd_sc_hd__dlymetal6s2s_1)
                  0.13    0.17   10.22 ^ hold8/X (sky130_fd_sc_hd__dlymetal6s2s_1)
     1    0.01                           net6131 (net)
                  0.13    0.00   10.22 ^ hold1/A (sky130_fd_sc_hd__dlymetal6s2s_1)
                  0.14    0.19   10.41 ^ hold1/X (sky130_fd_sc_hd__dlymetal6s2s_1)
     1    0.01                           net6024 (net)
                  0.14    0.00   10.41 ^ hold9/A (sky130_fd_sc_hd__dlymetal6s2s_1)
                  0.14    0.19   10.60 ^ hold9/X (sky130_fd_sc_hd__dlymetal6s2s_1)
     1    0.01                           net6132 (net)
                  0.14    0.00   10.60 ^ hold5/A (sky130_fd_sc_hd__dlymetal6s2s_1)
                  0.15    0.20   10.81 ^ hold5/X (sky130_fd_sc_hd__dlymetal6s2s_1)
     1    0.01                           net6028 (net)
                  0.15    0.00   10.81 ^ hold10/A (sky130_fd_sc_hd__dlygate4sd1_1)
                  0.17    0.32   11.13 ^ hold10/X (sky130_fd_sc_hd__dlygate4sd1_1)
     1    0.02                           net6133 (net)
                  0.17    0.00   11.13 ^ input104/A (sky130_fd_sc_hd__buf_6)
                  0.04    0.14   11.27 ^ input104/X (sky130_fd_sc_hd__buf_6)
     1    0.02                           net104 (net)
                  0.04    0.00   11.27 ^ hold6/A (sky130_fd_sc_hd__dlymetal6s2s_1)
                  0.20    0.21   11.48 ^ hold6/X (sky130_fd_sc_hd__dlymetal6s2s_1)
     1    0.02                           net6029 (net)
                  0.20    0.00   11.48 ^ hold2/A (sky130_fd_sc_hd__buf_6)
                  0.22    0.28   11.76 ^ hold2/X (sky130_fd_sc_hd__buf_6)
     4    0.11                           net6025 (net)
                  0.22    0.00   11.76 ^ max_length5867/A (sky130_fd_sc_hd__buf_6)
                  0.12    0.21   11.97 ^ max_length5867/X (sky130_fd_sc_hd__buf_6)
     2    0.06                           net5867 (net)
                  0.12    0.01   11.98 ^ hold3/A (sky130_fd_sc_hd__buf_6)
                  0.26    0.27   12.25 ^ hold3/X (sky130_fd_sc_hd__buf_6)
     4    0.13                           net6026 (net)
                  0.27    0.03   12.28 ^ user_projects[0].genblk1.user_project/wb_rst_i (user_project)
                                 12.28   data arrival time

                         30.00   30.00   clock clk (rise edge)
                          6.00   36.00   clock source latency
                  1.16    0.00   36.00 ^ wb_clk_i (in)
     2    0.02                           wb_clk_i (net)
                  1.16    0.00   36.00 ^ wire3/A (sky130_fd_sc_hd__buf_6)
                  0.07    0.21   36.21 ^ wire3/X (sky130_fd_sc_hd__buf_6)
     1    0.02                           net6015 (net)
                  0.07    0.00   36.21 ^ wire2/A (sky130_fd_sc_hd__buf_8)
                  0.04    0.10   36.31 ^ wire2/X (sky130_fd_sc_hd__buf_8)
     1    0.02                           net6014 (net)
                  0.04    0.00   36.31 ^ wire1/A (sky130_fd_sc_hd__buf_8)
                  0.05    0.10   36.41 ^ wire1/X (sky130_fd_sc_hd__buf_8)
     2    0.03                           net6013 (net)
                  0.05    0.00   36.42 ^ clkbuf_0_wb_clk_i/A (sky130_fd_sc_hd__clkbuf_16)
                  0.09    0.16   36.58 ^ clkbuf_0_wb_clk_i/X (sky130_fd_sc_hd__clkbuf_16)
     4    0.08                           clknet_0_wb_clk_i (net)
                  0.09    0.00   36.58 ^ clkbuf_1_0_0_wb_clk_i/A (sky130_fd_sc_hd__clkbuf_4)
                  0.21    0.25   36.83 ^ clkbuf_1_0_0_wb_clk_i/X (sky130_fd_sc_hd__clkbuf_4)
     2    0.07                           clknet_1_0_0_wb_clk_i (net)
                  0.22    0.02   36.85 ^ wire64/A (sky130_fd_sc_hd__buf_6)
                  0.09    0.17   37.02 ^ wire64/X (sky130_fd_sc_hd__buf_6)
     2    0.04                           net5913 (net)
                  0.10    0.01   37.03 ^ wire8/A (sky130_fd_sc_hd__buf_8)
                  0.07    0.13   37.15 ^ wire8/X (sky130_fd_sc_hd__buf_8)
     2    0.04                           net6020 (net)
                  0.07    0.00   37.16 ^ clkbuf_0_net6020/A (sky130_fd_sc_hd__clkbuf_16)
                  0.09    0.16   37.32 ^ clkbuf_0_net6020/X (sky130_fd_sc_hd__clkbuf_16)
     4    0.07                           clknet_0_net6020 (net)
                  0.09    0.00   37.32 ^ clkbuf_1_0__f_net6020/A (sky130_fd_sc_hd__clkbuf_16)
                  0.05    0.15   37.47 ^ clkbuf_1_0__f_net6020/X (sky130_fd_sc_hd__clkbuf_16)
     2    0.03                           clknet_1_0__leaf_net6020 (net)
                  0.05    0.00   37.47 ^ wire6/A (sky130_fd_sc_hd__buf_6)
                  0.07    0.12   37.59 ^ wire6/X (sky130_fd_sc_hd__buf_6)
     2    0.03                           net6018 (net)
                  0.07    0.00   37.59 ^ _0663_/C (sky130_fd_sc_hd__and3b_4)
                  0.67    0.62   38.21 ^ _0663_/X (sky130_fd_sc_hd__and3b_4)
     2    0.20                           _0000_ (net)
                  0.67    0.02   38.23 ^ user_projects[0].genblk1.user_project/wb_clk_i (user_project)
                         -0.10   38.13   clock uncertainty
                          0.00   38.13   clock reconvergence pessimism
                         -2.71   35.42   library recovery time
                                 35.42   data required time
-----------------------------------------------------------------------------
                                 35.42   data required time
                                -12.28   data arrival time
-----------------------------------------------------------------------------
                                 23.14   slack (MET)


Startpoint: wb_rst_i (input port clocked by clk)
Endpoint: user_projects[1].genblk1.user_project
          (recovery check against rising-edge clock clk)
Path Group: **async_default**
Path Type: max

Fanout     Cap    Slew   Delay    Time   Description
-----------------------------------------------------------------------------
                          0.00    0.00   clock clk (rise edge)
                          7.25    7.25   clock network delay (propagated)
                          1.72    8.97 ^ input external delay
                  0.12    0.00    8.97 ^ wb_rst_i (in)
     2    0.01                           wb_rst_i (net)
                  0.12    0.00    8.97 ^ hold11/A (sky130_fd_sc_hd__clkdlybuf4s50_2)
                  0.08    0.57    9.54 ^ hold11/X (sky130_fd_sc_hd__clkdlybuf4s50_2)
     1    0.01                           net5944 (net)
                  0.08    0.00    9.54 ^ input279/A (sky130_fd_sc_hd__dlymetal6s2s_1)
                  0.14    0.17    9.71 ^ input279/X (sky130_fd_sc_hd__dlymetal6s2s_1)
     1    0.01                           net6237 (net)
                  0.14    0.00    9.71 ^ hold7/A (sky130_fd_sc_hd__dlymetal6s2s_1)
                  0.11    0.17    9.89 ^ hold7/X (sky130_fd_sc_hd__dlymetal6s2s_1)
     1    0.01                           net6130 (net)
                  0.11    0.00    9.89 ^ hold4/A (sky130_fd_sc_hd__dlymetal6s2s_1)
                  0.10    0.16   10.04 ^ hold4/X (sky130_fd_sc_hd__dlymetal6s2s_1)
     1    0.01                           net6027 (net)
                  0.10    0.00   10.04 ^ hold8/A (sky130_fd_sc_hd__dlymetal6s2s_1)
                  0.13    0.17   10.22 ^ hold8/X (sky130_fd_sc_hd__dlymetal6s2s_1)
     1    0.01                           net6131 (net)
                  0.13    0.00   10.22 ^ hold1/A (sky130_fd_sc_hd__dlymetal6s2s_1)
                  0.14    0.19   10.41 ^ hold1/X (sky130_fd_sc_hd__dlymetal6s2s_1)
     1    0.01                           net6024 (net)
                  0.14    0.00   10.41 ^ hold9/A (sky130_fd_sc_hd__dlymetal6s2s_1)
                  0.14    0.19   10.60 ^ hold9/X (sky130_fd_sc_hd__dlymetal6s2s_1)
     1    0.01                           net6132 (net)
                  0.14    0.00   10.60 ^ hold5/A (sky130_fd_sc_hd__dlymetal6s2s_1)
                  0.15    0.20   10.81 ^ hold5/X (sky130_fd_sc_hd__dlymetal6s2s_1)
     1    0.01                           net6028 (net)
                  0.15    0.00   10.81 ^ hold10/A (sky130_fd_sc_hd__dlygate4sd1_1)
                  0.17    0.32   11.13 ^ hold10/X (sky130_fd_sc_hd__dlygate4sd1_1)
     1    0.02                           net6133 (net)
                  0.17    0.00   11.13 ^ input104/A (sky130_fd_sc_hd__buf_6)
                  0.04    0.14   11.27 ^ input104/X (sky130_fd_sc_hd__buf_6)
     1    0.02                           net104 (net)
                  0.04    0.00   11.27 ^ hold6/A (sky130_fd_sc_hd__dlymetal6s2s_1)
                  0.20    0.21   11.48 ^ hold6/X (sky130_fd_sc_hd__dlymetal6s2s_1)
     1    0.02                           net6029 (net)
                  0.20    0.00   11.48 ^ hold2/A (sky130_fd_sc_hd__buf_6)
                  0.22    0.28   11.76 ^ hold2/X (sky130_fd_sc_hd__buf_6)
     4    0.11                           net6025 (net)
                  0.22    0.01   11.77 ^ wire5866/A (sky130_fd_sc_hd__buf_6)
                  0.17    0.25   12.01 ^ wire5866/X (sky130_fd_sc_hd__buf_6)
     2    0.08                           net5866 (net)
                  0.17    0.01   12.02 ^ wire5865/A (sky130_fd_sc_hd__buf_6)
                  0.16    0.22   12.24 ^ wire5865/X (sky130_fd_sc_hd__buf_6)
     2    0.08                           net5865 (net)
                  0.16    0.02   12.25 ^ user_projects[1].genblk1.user_project/wb_rst_i (user_project)
                                 12.25   data arrival time

                         30.00   30.00   clock clk (rise edge)
                          6.00   36.00   clock source latency
                  1.16    0.00   36.00 ^ wb_clk_i (in)
     2    0.02                           wb_clk_i (net)
                  1.16    0.00   36.00 ^ wire3/A (sky130_fd_sc_hd__buf_6)
                  0.07    0.21   36.21 ^ wire3/X (sky130_fd_sc_hd__buf_6)
     1    0.02                           net6015 (net)
                  0.07    0.00   36.21 ^ wire2/A (sky130_fd_sc_hd__buf_8)
                  0.04    0.10   36.31 ^ wire2/X (sky130_fd_sc_hd__buf_8)
     1    0.02                           net6014 (net)
                  0.04    0.00   36.31 ^ wire1/A (sky130_fd_sc_hd__buf_8)
                  0.05    0.10   36.41 ^ wire1/X (sky130_fd_sc_hd__buf_8)
     2    0.03                           net6013 (net)
                  0.05    0.00   36.42 ^ clkbuf_0_wb_clk_i/A (sky130_fd_sc_hd__clkbuf_16)
                  0.09    0.16   36.58 ^ clkbuf_0_wb_clk_i/X (sky130_fd_sc_hd__clkbuf_16)
     4    0.08                           clknet_0_wb_clk_i (net)
                  0.09    0.00   36.58 ^ clkbuf_1_0_0_wb_clk_i/A (sky130_fd_sc_hd__clkbuf_4)
                  0.21    0.25   36.83 ^ clkbuf_1_0_0_wb_clk_i/X (sky130_fd_sc_hd__clkbuf_4)
     2    0.07                           clknet_1_0_0_wb_clk_i (net)
                  0.22    0.02   36.85 ^ wire64/A (sky130_fd_sc_hd__buf_6)
                  0.09    0.17   37.02 ^ wire64/X (sky130_fd_sc_hd__buf_6)
     2    0.04                           net5913 (net)
                  0.10    0.01   37.03 ^ wire8/A (sky130_fd_sc_hd__buf_8)
                  0.07    0.13   37.15 ^ wire8/X (sky130_fd_sc_hd__buf_8)
     2    0.04                           net6020 (net)
                  0.07    0.00   37.16 ^ clkbuf_0_net6020/A (sky130_fd_sc_hd__clkbuf_16)
                  0.09    0.16   37.32 ^ clkbuf_0_net6020/X (sky130_fd_sc_hd__clkbuf_16)
     4    0.07                           clknet_0_net6020 (net)
                  0.09    0.01   37.33 ^ clkbuf_1_1__f_net6020/A (sky130_fd_sc_hd__clkbuf_16)
                  0.08    0.17   37.50 ^ clkbuf_1_1__f_net6020/X (sky130_fd_sc_hd__clkbuf_16)
     2    0.06                           clknet_1_1__leaf_net6020 (net)
                  0.08    0.00   37.50 ^ wire7/A (sky130_fd_sc_hd__buf_6)
                  0.15    0.18   37.69 ^ wire7/X (sky130_fd_sc_hd__buf_6)
     2    0.07                           net6019 (net)
                  0.15    0.00   37.69 ^ _0664_/C (sky130_fd_sc_hd__and3b_4)
                  0.91    0.78   38.47 ^ _0664_/X (sky130_fd_sc_hd__and3b_4)
    17    0.28                           _0002_ (net)
                  0.91    0.03   38.50 ^ user_projects[1].genblk1.user_project/wb_clk_i (user_project)
                         -0.10   38.40   clock uncertainty
                          0.00   38.40   clock reconvergence pessimism
                         -2.65   35.76   library recovery time
                                 35.76   data required time
-----------------------------------------------------------------------------
                                 35.76   data required time
                                -12.25   data arrival time
-----------------------------------------------------------------------------
                                 23.51   slack (MET)


Startpoint: user_projects[3].genblk1.user_project
            (rising edge-triggered flip-flop clocked by clk)
Endpoint: wbs_ack_o (output port clocked by clk)
Path Group: clk
Path Type: max

Fanout     Cap    Slew   Delay    Time   Description
-----------------------------------------------------------------------------
                          0.00    0.00   clock clk (rise edge)
                          7.25    7.25   clock source latency
                  1.16    0.00    7.25 ^ wb_clk_i (in)
     2    0.02                           wb_clk_i (net)
                  1.16    0.00    7.25 ^ wire3/A (sky130_fd_sc_hd__buf_6)
                  0.07    0.23    7.48 ^ wire3/X (sky130_fd_sc_hd__buf_6)
     1    0.02                           net6015 (net)
                  0.07    0.00    7.48 ^ wire2/A (sky130_fd_sc_hd__buf_8)
                  0.04    0.11    7.59 ^ wire2/X (sky130_fd_sc_hd__buf_8)
     1    0.02                           net6014 (net)
                  0.04    0.00    7.59 ^ wire1/A (sky130_fd_sc_hd__buf_8)
                  0.05    0.11    7.70 ^ wire1/X (sky130_fd_sc_hd__buf_8)
     2    0.03                           net6013 (net)
                  0.05    0.00    7.70 ^ clkbuf_0_wb_clk_i/A (sky130_fd_sc_hd__clkbuf_16)
                  0.09    0.17    7.87 ^ clkbuf_0_wb_clk_i/X (sky130_fd_sc_hd__clkbuf_16)
     4    0.08                           clknet_0_wb_clk_i (net)
                  0.10    0.02    7.89 ^ clkbuf_1_1_0_wb_clk_i/A (sky130_fd_sc_hd__clkbuf_4)
                  0.18    0.26    8.14 ^ clkbuf_1_1_0_wb_clk_i/X (sky130_fd_sc_hd__clkbuf_4)
     2    0.06                           clknet_1_1_0_wb_clk_i (net)
                  0.19    0.02    8.16 ^ wire11/A (sky130_fd_sc_hd__buf_8)
                  0.11    0.18    8.34 ^ wire11/X (sky130_fd_sc_hd__buf_8)
     2    0.06                           net6023 (net)
                  0.12    0.02    8.36 ^ wire86/A (sky130_fd_sc_hd__buf_6)
                  0.03    0.12    8.48 ^ wire86/X (sky130_fd_sc_hd__buf_6)
     1    0.01                           net5914 (net)
                  0.03    0.00    8.48 ^ wire129/A (sky130_fd_sc_hd__buf_6)
                  0.21    0.20    8.68 ^ wire129/X (sky130_fd_sc_hd__buf_6)
     2    0.10                           net5945 (net)
                  0.22    0.03    8.71 ^ clkbuf_0_net6023/A (sky130_fd_sc_hd__clkbuf_16)
                  0.10    0.23    8.95 ^ clkbuf_0_net6023/X (sky130_fd_sc_hd__clkbuf_16)
     4    0.08                           clknet_0_net6023 (net)
                  0.11    0.02    8.96 ^ clkbuf_1_1__f_net6023/A (sky130_fd_sc_hd__clkbuf_16)
                  0.07    0.17    9.14 ^ clkbuf_1_1__f_net6023/X (sky130_fd_sc_hd__clkbuf_16)
     2    0.05                           clknet_1_1__leaf_net6023 (net)
                  0.07    0.01    9.15 ^ wire10/A (sky130_fd_sc_hd__buf_6)
                  0.11    0.16    9.31 ^ wire10/X (sky130_fd_sc_hd__buf_6)
     2    0.05                           net6022 (net)
                  0.11    0.01    9.31 ^ _0666_/C (sky130_fd_sc_hd__and3_4)
                  0.13    0.27    9.59 ^ _0666_/X (sky130_fd_sc_hd__and3_4)
     2    0.04                           _0003_ (net)
                  0.13    0.00    9.59 ^ wire5/A (sky130_fd_sc_hd__buf_6)
                  0.08    0.16    9.75 ^ wire5/X (sky130_fd_sc_hd__buf_6)
     2    0.04                           net6017 (net)
                  0.08    0.01    9.76 ^ wire4/A (sky130_fd_sc_hd__buf_12)
                  0.23    0.24   10.00 ^ wire4/X (sky130_fd_sc_hd__buf_12)
     2    0.20                           net6016 (net)
                  0.24    0.03   10.03 ^ user_projects[3].genblk1.user_project/wb_clk_i (user_project)
                  0.56   10.02   20.05 ^ user_projects[3].genblk1.user_project/wbs_ack_o (user_project)
     2    0.06                           proj_wbs_ack_o[3] (net)
                  0.56    0.01   20.06 ^ wire5083/A (sky130_fd_sc_hd__clkbuf_4)
                  0.14    0.35   20.41 ^ wire5083/X (sky130_fd_sc_hd__clkbuf_4)
     2    0.04                           net6574 (net)
                  0.14    0.01   20.42 ^ wire55/A (sky130_fd_sc_hd__clkbuf_4)
                  0.14    0.24   20.66 ^ wire55/X (sky130_fd_sc_hd__clkbuf_4)
     2    0.04                           net6073 (net)
                  0.14    0.01   20.67 ^ wire3627/A (sky130_fd_sc_hd__buf_4)
                  0.13    0.21   20.89 ^ wire3627/X (sky130_fd_sc_hd__buf_4)
     2    0.05                           net3627 (net)
                  0.13    0.01   20.89 ^ wire3626/A (sky130_fd_sc_hd__buf_6)
                  0.10    0.17   21.07 ^ wire3626/X (sky130_fd_sc_hd__buf_6)
     2    0.05                           net3626 (net)
                  0.10    0.01   21.08 ^ wire3625/A (sky130_fd_sc_hd__buf_6)
                  0.10    0.16   21.24 ^ wire3625/X (sky130_fd_sc_hd__buf_6)
     2    0.05                           net3625 (net)
                  0.10    0.01   21.25 ^ wire3624/A (sky130_fd_sc_hd__buf_6)
                  0.11    0.16   21.41 ^ wire3624/X (sky130_fd_sc_hd__buf_6)
     2    0.05                           net3624 (net)
                  0.11    0.01   21.42 ^ wire3623/A (sky130_fd_sc_hd__buf_6)
                  0.26    0.26   21.68 ^ wire3623/X (sky130_fd_sc_hd__buf_6)
     2    0.13                           net3623 (net)
                  0.28    0.05   21.73 ^ wire3622/A (sky130_fd_sc_hd__buf_6)
                  0.10    0.20   21.94 ^ wire3622/X (sky130_fd_sc_hd__buf_6)
     2    0.05                           net3622 (net)
                  0.10    0.01   21.94 ^ _1028_/C (sky130_fd_sc_hd__nand3_4)
                  0.16    0.16   22.10 v _1028_/Y (sky130_fd_sc_hd__nand3_4)
     2    0.04                           _0066_ (net)
                  0.16    0.00   22.11 v wire3230/A (sky130_fd_sc_hd__buf_6)
                  0.05    0.20   22.31 v wire3230/X (sky130_fd_sc_hd__buf_6)
     2    0.04                           net3230 (net)
                  0.05    0.01   22.31 v wire3229/A (sky130_fd_sc_hd__buf_6)
                  0.05    0.15   22.46 v wire3229/X (sky130_fd_sc_hd__buf_6)
     2    0.04                           net3229 (net)
                  0.05    0.01   22.47 v _1030_/A2 (sky130_fd_sc_hd__a31oi_4)
                  0.25    0.26   22.73 ^ _1030_/Y (sky130_fd_sc_hd__a31oi_4)
     2    0.02                           net283 (net)
                  0.25    0.00   22.73 ^ wire401/A (sky130_fd_sc_hd__clkbuf_4)
                  0.09    0.25   22.98 ^ wire401/X (sky130_fd_sc_hd__clkbuf_4)
     1    0.03                           net401 (net)
                  0.09    0.00   22.98 ^ wire400/A (sky130_fd_sc_hd__buf_6)
                  0.06    0.13   23.12 ^ wire400/X (sky130_fd_sc_hd__buf_6)
     1    0.03                           net400 (net)
                  0.06    0.00   23.12 ^ wire399/A (sky130_fd_sc_hd__buf_6)
                  0.05    0.12   23.24 ^ wire399/X (sky130_fd_sc_hd__buf_6)
     1    0.02                           net399 (net)
                  0.05    0.00   23.24 ^ output283/A (sky130_fd_sc_hd__buf_6)
                  0.08    0.13   23.37 ^ output283/X (sky130_fd_sc_hd__buf_6)
     2    0.03                           net6416 (net)
                  0.08    0.00   23.38 ^ output458/A (sky130_fd_sc_hd__buf_12)
                  0.21    0.23   23.60 ^ output458/X (sky130_fd_sc_hd__buf_12)
     1    0.16                           wbs_ack_o (net)
                  0.21    0.02   23.63 ^ wbs_ack_o (out)
                                 23.63   data arrival time

                         30.00   30.00   clock clk (rise edge)
                          6.00   36.00   clock network delay (propagated)
                         -0.10   35.90   clock uncertainty
                          0.00   35.90   clock reconvergence pessimism
                         -8.21   27.69   output external delay
                                 27.69   data required time
-----------------------------------------------------------------------------
                                 27.69   data required time
                                -23.63   data arrival time
-----------------------------------------------------------------------------
                                  4.06   slack (MET)


Startpoint: user_projects[0].genblk1.user_project
            (rising edge-triggered flip-flop clocked by clk)
Endpoint: wbs_dat_o[13] (output port clocked by clk)
Path Group: clk
Path Type: max

Fanout     Cap    Slew   Delay    Time   Description
-----------------------------------------------------------------------------
                          0.00    0.00   clock clk (rise edge)
                          7.25    7.25   clock source latency
                  1.16    0.00    7.25 ^ wb_clk_i (in)
     2    0.02                           wb_clk_i (net)
                  1.16    0.00    7.25 ^ wire3/A (sky130_fd_sc_hd__buf_6)
                  0.07    0.23    7.48 ^ wire3/X (sky130_fd_sc_hd__buf_6)
     1    0.02                           net6015 (net)
                  0.07    0.00    7.48 ^ wire2/A (sky130_fd_sc_hd__buf_8)
                  0.04    0.11    7.59 ^ wire2/X (sky130_fd_sc_hd__buf_8)
     1    0.02                           net6014 (net)
                  0.04    0.00    7.59 ^ wire1/A (sky130_fd_sc_hd__buf_8)
                  0.05    0.11    7.70 ^ wire1/X (sky130_fd_sc_hd__buf_8)
     2    0.03                           net6013 (net)
                  0.05    0.00    7.70 ^ clkbuf_0_wb_clk_i/A (sky130_fd_sc_hd__clkbuf_16)
                  0.09    0.17    7.87 ^ clkbuf_0_wb_clk_i/X (sky130_fd_sc_hd__clkbuf_16)
     4    0.08                           clknet_0_wb_clk_i (net)
                  0.09    0.00    7.87 ^ clkbuf_1_0_0_wb_clk_i/A (sky130_fd_sc_hd__clkbuf_4)
                  0.21    0.27    8.15 ^ clkbuf_1_0_0_wb_clk_i/X (sky130_fd_sc_hd__clkbuf_4)
     2    0.07                           clknet_1_0_0_wb_clk_i (net)
                  0.22    0.02    8.16 ^ wire64/A (sky130_fd_sc_hd__buf_6)
                  0.09    0.19    8.35 ^ wire64/X (sky130_fd_sc_hd__buf_6)
     2    0.04                           net5913 (net)
                  0.10    0.01    8.36 ^ wire8/A (sky130_fd_sc_hd__buf_8)
                  0.07    0.14    8.49 ^ wire8/X (sky130_fd_sc_hd__buf_8)
     2    0.04                           net6020 (net)
                  0.07    0.01    8.50 ^ clkbuf_0_net6020/A (sky130_fd_sc_hd__clkbuf_16)
                  0.09    0.18    8.68 ^ clkbuf_0_net6020/X (sky130_fd_sc_hd__clkbuf_16)
     4    0.07                           clknet_0_net6020 (net)
                  0.09    0.00    8.68 ^ clkbuf_1_0__f_net6020/A (sky130_fd_sc_hd__clkbuf_16)
                  0.05    0.16    8.83 ^ clkbuf_1_0__f_net6020/X (sky130_fd_sc_hd__clkbuf_16)
     2    0.03                           clknet_1_0__leaf_net6020 (net)
                  0.05    0.00    8.84 ^ wire6/A (sky130_fd_sc_hd__buf_6)
                  0.07    0.13    8.96 ^ wire6/X (sky130_fd_sc_hd__buf_6)
     2    0.03                           net6018 (net)
                  0.07    0.00    8.97 ^ _0663_/C (sky130_fd_sc_hd__and3b_4)
                  0.67    0.66    9.63 ^ _0663_/X (sky130_fd_sc_hd__and3b_4)
     2    0.20                           _0000_ (net)
                  0.67    0.02    9.65 ^ user_projects[0].genblk1.user_project/wb_clk_i (user_project)
                  0.17   10.44   20.09 v user_projects[0].genblk1.user_project/wbs_dat_o[13] (user_project)
     2    0.03                           proj_wbs_dat_o[0][13] (net)
                  0.17    0.00   20.09 v wire2738/A (sky130_fd_sc_hd__clkbuf_4)
                  0.06    0.23   20.32 v wire2738/X (sky130_fd_sc_hd__clkbuf_4)
     1    0.02                           net2738 (net)
                  0.06    0.00   20.33 v wire2737/A (sky130_fd_sc_hd__clkbuf_4)
                  0.07    0.19   20.51 v wire2737/X (sky130_fd_sc_hd__clkbuf_4)
     1    0.03                           net2737 (net)
                  0.07    0.00   20.52 v _0918_/C (sky130_fd_sc_hd__nor3_2)
                  0.42    0.35   20.86 ^ _0918_/Y (sky130_fd_sc_hd__nor3_2)
     2    0.02                           _0632_ (net)
                  0.42    0.00   20.87 ^ wire4994/A (sky130_fd_sc_hd__dlymetal6s2s_1)
                  0.23    0.30   21.17 ^ wire4994/X (sky130_fd_sc_hd__dlymetal6s2s_1)
     1    0.02                           net6531 (net)
                  0.23    0.00   21.17 ^ wire2007/A (sky130_fd_sc_hd__clkbuf_4)
                  0.09    0.24   21.41 ^ wire2007/X (sky130_fd_sc_hd__clkbuf_4)
     1    0.03                           net2007 (net)
                  0.09    0.00   21.41 ^ wire2006/A (sky130_fd_sc_hd__buf_6)
                  0.06    0.13   21.54 ^ wire2006/X (sky130_fd_sc_hd__buf_6)
     1    0.03                           net2006 (net)
                  0.06    0.00   21.54 ^ wire2005/A (sky130_fd_sc_hd__buf_6)
                  0.08    0.13   21.68 ^ wire2005/X (sky130_fd_sc_hd__buf_6)
     2    0.03                           net2005 (net)
                  0.08    0.00   21.68 ^ wire2004/A (sky130_fd_sc_hd__buf_6)
                  0.16    0.20   21.88 ^ wire2004/X (sky130_fd_sc_hd__buf_6)
     2    0.08                           net2004 (net)
                  0.17    0.01   21.90 ^ wire2003/A (sky130_fd_sc_hd__buf_6)
                  0.07    0.16   22.05 ^ wire2003/X (sky130_fd_sc_hd__buf_6)
     2    0.03                           net2003 (net)
                  0.07    0.00   22.06 ^ wire2002/A (sky130_fd_sc_hd__clkbuf_4)
                  0.10    0.19   22.25 ^ wire2002/X (sky130_fd_sc_hd__clkbuf_4)
     2    0.03                           net2002 (net)
                  0.10    0.00   22.25 ^ wire2001/A (sky130_fd_sc_hd__buf_6)
                  0.07    0.14   22.40 ^ wire2001/X (sky130_fd_sc_hd__buf_6)
     2    0.03                           net2001 (net)
                  0.07    0.00   22.40 ^ _0922_/B1 (sky130_fd_sc_hd__a41oi_4)
                  0.15    0.05   22.45 v _0922_/Y (sky130_fd_sc_hd__a41oi_4)
     1    0.02                           net288 (net)
                  0.15    0.00   22.45 v wire981/A (sky130_fd_sc_hd__dlymetal6s2s_1)
                  0.11    0.26   22.71 v wire981/X (sky130_fd_sc_hd__dlymetal6s2s_1)
     1    0.02                           net981 (net)
                  0.11    0.00   22.72 v wire980/A (sky130_fd_sc_hd__clkbuf_4)
                  0.06    0.20   22.92 v wire980/X (sky130_fd_sc_hd__clkbuf_4)
     1    0.02                           net980 (net)
                  0.06    0.00   22.92 v wire979/A (sky130_fd_sc_hd__buf_6)
                  0.03    0.14   23.05 v wire979/X (sky130_fd_sc_hd__buf_6)
     1    0.02                           net979 (net)
                  0.03    0.00   23.06 v wire978/A (sky130_fd_sc_hd__clkbuf_4)
                  0.07    0.17   23.23 v wire978/X (sky130_fd_sc_hd__clkbuf_4)
     1    0.03                           net978 (net)
                  0.07    0.00   23.23 v wire977/A (sky130_fd_sc_hd__buf_6)
                  0.04    0.15   23.38 v wire977/X (sky130_fd_sc_hd__buf_6)
     2    0.03                           net977 (net)
                  0.04    0.00   23.38 v wire976/A (sky130_fd_sc_hd__clkbuf_4)
                  0.07    0.18   23.56 v wire976/X (sky130_fd_sc_hd__clkbuf_4)
     1    0.03                           net976 (net)
                  0.07    0.00   23.57 v wire975/A (sky130_fd_sc_hd__buf_6)
                  0.04    0.15   23.71 v wire975/X (sky130_fd_sc_hd__buf_6)
     1    0.02                           net975 (net)
                  0.04    0.00   23.71 v wire974/A (sky130_fd_sc_hd__buf_6)
                  0.04    0.13   23.84 v wire974/X (sky130_fd_sc_hd__buf_6)
     1    0.02                           net974 (net)
                  0.04    0.00   23.84 v wire973/A (sky130_fd_sc_hd__buf_6)
                  0.04    0.13   23.97 v wire973/X (sky130_fd_sc_hd__buf_6)
     1    0.02                           net973 (net)
                  0.04    0.00   23.97 v wire972/A (sky130_fd_sc_hd__buf_6)
                  0.04    0.13   24.10 v wire972/X (sky130_fd_sc_hd__buf_6)
     1    0.02                           net972 (net)
                  0.04    0.00   24.11 v wire971/A (sky130_fd_sc_hd__buf_6)
                  0.04    0.13   24.23 v wire971/X (sky130_fd_sc_hd__buf_6)
     1    0.02                           net971 (net)
                  0.04    0.00   24.24 v wire970/A (sky130_fd_sc_hd__buf_6)
                  0.03    0.13   24.36 v wire970/X (sky130_fd_sc_hd__buf_6)
     1    0.02                           net970 (net)
                  0.03    0.00   24.36 v wire969/A (sky130_fd_sc_hd__buf_6)
                  0.03    0.12   24.49 v wire969/X (sky130_fd_sc_hd__buf_6)
     1    0.02                           net969 (net)
                  0.03    0.00   24.49 v wire968/A (sky130_fd_sc_hd__buf_6)
                  0.03    0.13   24.61 v wire968/X (sky130_fd_sc_hd__buf_6)
     1    0.02                           net968 (net)
                  0.03    0.00   24.61 v wire967/A (sky130_fd_sc_hd__buf_6)
                  0.03    0.12   24.73 v wire967/X (sky130_fd_sc_hd__buf_6)
     1    0.02                           net967 (net)
                  0.03    0.00   24.74 v wire966/A (sky130_fd_sc_hd__buf_6)
                  0.03    0.12   24.86 v wire966/X (sky130_fd_sc_hd__buf_6)
     1    0.02                           net966 (net)
                  0.03    0.00   24.86 v output288/A (sky130_fd_sc_hd__buf_6)
                  0.04    0.13   24.99 v output288/X (sky130_fd_sc_hd__buf_6)
     1    0.03                           net6421 (net)
                  0.04    0.00   24.99 v output463/A (sky130_fd_sc_hd__buf_12)
                  0.08    0.17   25.16 v output463/X (sky130_fd_sc_hd__buf_12)
     1    0.12                           wbs_dat_o[13] (net)
                  0.09    0.01   25.17 v wbs_dat_o[13] (out)
                                 25.17   data arrival time

                         30.00   30.00   clock clk (rise edge)
                          6.00   36.00   clock network delay (propagated)
                         -0.10   35.90   clock uncertainty
                          0.00   35.90   clock reconvergence pessimism
                         -2.73   33.17   output external delay
                                 33.17   data required time
-----------------------------------------------------------------------------
                                 33.17   data required time
                                -25.17   data arrival time
-----------------------------------------------------------------------------
                                  8.00   slack (MET)


Startpoint: user_projects[3].genblk1.user_project
            (rising edge-triggered flip-flop clocked by clk)
Endpoint: wbs_dat_o[19] (output port clocked by clk)
Path Group: clk
Path Type: max

Fanout     Cap    Slew   Delay    Time   Description
-----------------------------------------------------------------------------
                          0.00    0.00   clock clk (rise edge)
                          7.25    7.25   clock source latency
                  1.16    0.00    7.25 ^ wb_clk_i (in)
     2    0.02                           wb_clk_i (net)
                  1.16    0.00    7.25 ^ wire3/A (sky130_fd_sc_hd__buf_6)
                  0.07    0.23    7.48 ^ wire3/X (sky130_fd_sc_hd__buf_6)
     1    0.02                           net6015 (net)
                  0.07    0.00    7.48 ^ wire2/A (sky130_fd_sc_hd__buf_8)
                  0.04    0.11    7.59 ^ wire2/X (sky130_fd_sc_hd__buf_8)
     1    0.02                           net6014 (net)
                  0.04    0.00    7.59 ^ wire1/A (sky130_fd_sc_hd__buf_8)
                  0.05    0.11    7.70 ^ wire1/X (sky130_fd_sc_hd__buf_8)
     2    0.03                           net6013 (net)
                  0.05    0.00    7.70 ^ clkbuf_0_wb_clk_i/A (sky130_fd_sc_hd__clkbuf_16)
                  0.09    0.17    7.87 ^ clkbuf_0_wb_clk_i/X (sky130_fd_sc_hd__clkbuf_16)
     4    0.08                           clknet_0_wb_clk_i (net)
                  0.10    0.02    7.89 ^ clkbuf_1_1_0_wb_clk_i/A (sky130_fd_sc_hd__clkbuf_4)
                  0.18    0.26    8.14 ^ clkbuf_1_1_0_wb_clk_i/X (sky130_fd_sc_hd__clkbuf_4)
     2    0.06                           clknet_1_1_0_wb_clk_i (net)
                  0.19    0.02    8.16 ^ wire11/A (sky130_fd_sc_hd__buf_8)
                  0.11    0.18    8.34 ^ wire11/X (sky130_fd_sc_hd__buf_8)
     2    0.06                           net6023 (net)
                  0.12    0.02    8.36 ^ wire86/A (sky130_fd_sc_hd__buf_6)
                  0.03    0.12    8.48 ^ wire86/X (sky130_fd_sc_hd__buf_6)
     1    0.01                           net5914 (net)
                  0.03    0.00    8.48 ^ wire129/A (sky130_fd_sc_hd__buf_6)
                  0.21    0.20    8.68 ^ wire129/X (sky130_fd_sc_hd__buf_6)
     2    0.10                           net5945 (net)
                  0.22    0.03    8.71 ^ clkbuf_0_net6023/A (sky130_fd_sc_hd__clkbuf_16)
                  0.10    0.23    8.95 ^ clkbuf_0_net6023/X (sky130_fd_sc_hd__clkbuf_16)
     4    0.08                           clknet_0_net6023 (net)
                  0.11    0.02    8.96 ^ clkbuf_1_1__f_net6023/A (sky130_fd_sc_hd__clkbuf_16)
                  0.07    0.17    9.14 ^ clkbuf_1_1__f_net6023/X (sky130_fd_sc_hd__clkbuf_16)
     2    0.05                           clknet_1_1__leaf_net6023 (net)
                  0.07    0.01    9.15 ^ wire10/A (sky130_fd_sc_hd__buf_6)
                  0.11    0.16    9.31 ^ wire10/X (sky130_fd_sc_hd__buf_6)
     2    0.05                           net6022 (net)
                  0.11    0.01    9.31 ^ _0666_/C (sky130_fd_sc_hd__and3_4)
                  0.13    0.27    9.59 ^ _0666_/X (sky130_fd_sc_hd__and3_4)
     2    0.04                           _0003_ (net)
                  0.13    0.00    9.59 ^ wire5/A (sky130_fd_sc_hd__buf_6)
                  0.08    0.16    9.75 ^ wire5/X (sky130_fd_sc_hd__buf_6)
     2    0.04                           net6017 (net)
                  0.08    0.01    9.76 ^ wire4/A (sky130_fd_sc_hd__buf_12)
                  0.23    0.24   10.00 ^ wire4/X (sky130_fd_sc_hd__buf_12)
     2    0.20                           net6016 (net)
                  0.24    0.03   10.03 ^ user_projects[3].genblk1.user_project/wb_clk_i (user_project)
                  0.37   10.14   20.17 ^ user_projects[3].genblk1.user_project/wbs_dat_o[19] (user_project)
     2    0.04                           proj_wbs_dat_o[3][19] (net)
                  0.37    0.00   20.18 ^ wire3552/A (sky130_fd_sc_hd__clkbuf_4)
                  0.11    0.30   20.47 ^ wire3552/X (sky130_fd_sc_hd__clkbuf_4)
     2    0.03                           net3552 (net)
                  0.12    0.00   20.47 ^ wire3551/A (sky130_fd_sc_hd__clkbuf_4)
                  0.12    0.22   20.70 ^ wire3551/X (sky130_fd_sc_hd__clkbuf_4)
     2    0.04                           net3551 (net)
                  0.12    0.00   20.70 ^ wire3550/A (sky130_fd_sc_hd__buf_6)
                  0.09    0.16   20.86 ^ wire3550/X (sky130_fd_sc_hd__buf_6)
     2    0.04                           net3550 (net)
                  0.09    0.00   20.87 ^ wire3549/A (sky130_fd_sc_hd__buf_6)
                  0.17    0.20   21.07 ^ wire3549/X (sky130_fd_sc_hd__buf_6)
     2    0.09                           net3549 (net)
                  0.18    0.02   21.09 ^ wire3548/A (sky130_fd_sc_hd__buf_6)
                  0.11    0.19   21.28 ^ wire3548/X (sky130_fd_sc_hd__buf_6)
     2    0.05                           net3548 (net)
                  0.11    0.01   21.29 ^ wire3547/A (sky130_fd_sc_hd__buf_6)
                  0.10    0.17   21.46 ^ wire3547/X (sky130_fd_sc_hd__buf_6)
     2    0.05                           net3547 (net)
                  0.10    0.00   21.47 ^ wire3546/A (sky130_fd_sc_hd__buf_6)
                  0.09    0.15   21.62 ^ wire3546/X (sky130_fd_sc_hd__buf_6)
     2    0.04                           net3546 (net)
                  0.09    0.01   21.63 ^ wire3545/A (sky130_fd_sc_hd__buf_6)
                  0.10    0.16   21.78 ^ wire3545/X (sky130_fd_sc_hd__buf_6)
     2    0.05                           net3545 (net)
                  0.10    0.01   21.79 ^ _0954_/C (sky130_fd_sc_hd__nand3_4)
                  0.15    0.15   21.94 v _0954_/Y (sky130_fd_sc_hd__nand3_4)
     2    0.04                           _0005_ (net)
                  0.15    0.01   21.95 v wire3255/A (sky130_fd_sc_hd__buf_6)
                  0.05    0.19   22.14 v wire3255/X (sky130_fd_sc_hd__buf_6)
     2    0.04                           net3255 (net)
                  0.05    0.01   22.15 v _0957_/A2 (sky130_fd_sc_hd__a41oi_4)
                  0.27    0.27   22.41 ^ _0957_/Y (sky130_fd_sc_hd__a41oi_4)
     1    0.02                           net294 (net)
                  0.27    0.00   22.42 ^ wire934/A (sky130_fd_sc_hd__dlymetal6s2s_1)
                  0.26    0.30   22.72 ^ wire934/X (sky130_fd_sc_hd__dlymetal6s2s_1)
     2    0.02                           net934 (net)
                  0.26    0.00   22.72 ^ wire933/A (sky130_fd_sc_hd__clkbuf_4)
                  0.10    0.25   22.98 ^ wire933/X (sky130_fd_sc_hd__clkbuf_4)
     2    0.03                           net933 (net)
                  0.10    0.00   22.98 ^ wire932/A (sky130_fd_sc_hd__buf_6)
                  0.08    0.15   23.13 ^ wire932/X (sky130_fd_sc_hd__buf_6)
     2    0.04                           net932 (net)
                  0.08    0.01   23.14 ^ wire931/A (sky130_fd_sc_hd__buf_6)
                  0.07    0.14   23.27 ^ wire931/X (sky130_fd_sc_hd__buf_6)
     2    0.03                           net931 (net)
                  0.07    0.00   23.28 ^ wire930/A (sky130_fd_sc_hd__buf_6)
                  0.05    0.12   23.40 ^ wire930/X (sky130_fd_sc_hd__buf_6)
     1    0.02                           net930 (net)
                  0.05    0.00   23.40 ^ wire929/A (sky130_fd_sc_hd__buf_6)
                  0.06    0.12   23.52 ^ wire929/X (sky130_fd_sc_hd__buf_6)
     1    0.02                           net929 (net)
                  0.06    0.00   23.52 ^ wire928/A (sky130_fd_sc_hd__buf_6)
                  0.06    0.12   23.64 ^ wire928/X (sky130_fd_sc_hd__buf_6)
     1    0.02                           net928 (net)
                  0.06    0.00   23.64 ^ wire927/A (sky130_fd_sc_hd__buf_6)
                  0.06    0.12   23.76 ^ wire927/X (sky130_fd_sc_hd__buf_6)
     1    0.03                           net927 (net)
                  0.06    0.00   23.77 ^ wire926/A (sky130_fd_sc_hd__buf_6)
                  0.05    0.12   23.88 ^ wire926/X (sky130_fd_sc_hd__buf_6)
     1    0.02                           net926 (net)
                  0.05    0.00   23.88 ^ wire925/A (sky130_fd_sc_hd__buf_6)
                  0.05    0.11   23.99 ^ wire925/X (sky130_fd_sc_hd__buf_6)
     1    0.02                           net925 (net)
                  0.05    0.00   24.00 ^ wire924/A (sky130_fd_sc_hd__buf_6)
                  0.05    0.11   24.10 ^ wire924/X (sky130_fd_sc_hd__buf_6)
     1    0.02                           net924 (net)
                  0.05    0.00   24.11 ^ wire923/A (sky130_fd_sc_hd__buf_6)
                  0.05    0.11   24.21 ^ wire923/X (sky130_fd_sc_hd__buf_6)
     1    0.02                           net923 (net)
                  0.05    0.00   24.22 ^ wire922/A (sky130_fd_sc_hd__buf_6)
                  0.06    0.11   24.33 ^ wire922/X (sky130_fd_sc_hd__buf_6)
     1    0.02                           net922 (net)
                  0.06    0.00   24.33 ^ wire921/A (sky130_fd_sc_hd__buf_6)
                  0.05    0.11   24.44 ^ wire921/X (sky130_fd_sc_hd__buf_6)
     1    0.02                           net921 (net)
                  0.05    0.00   24.44 ^ output294/A (sky130_fd_sc_hd__buf_6)
                  0.06    0.12   24.56 ^ output294/X (sky130_fd_sc_hd__buf_6)
     1    0.02                           net6427 (net)
                  0.06    0.00   24.56 ^ output469/A (sky130_fd_sc_hd__buf_12)
                  0.15    0.19   24.75 ^ output469/X (sky130_fd_sc_hd__buf_12)
     1    0.11                           wbs_dat_o[19] (net)
                  0.16    0.02   24.77 ^ wbs_dat_o[19] (out)
                                 24.77   data arrival time

                         30.00   30.00   clock clk (rise edge)
                          6.00   36.00   clock network delay (propagated)
                         -0.10   35.90   clock uncertainty
                          0.00   35.90   clock reconvergence pessimism
                         -3.00   32.90   output external delay
                                 32.90   data required time
-----------------------------------------------------------------------------
                                 32.90   data required time
                                -24.77   data arrival time
-----------------------------------------------------------------------------
                                  8.13   slack (MET)


Startpoint: user_projects[0].genblk1.user_project
            (rising edge-triggered flip-flop clocked by clk)
Endpoint: wbs_dat_o[11] (output port clocked by clk)
Path Group: clk
Path Type: max

Fanout     Cap    Slew   Delay    Time   Description
-----------------------------------------------------------------------------
                          0.00    0.00   clock clk (rise edge)
                          7.25    7.25   clock source latency
                  1.16    0.00    7.25 ^ wb_clk_i (in)
     2    0.02                           wb_clk_i (net)
                  1.16    0.00    7.25 ^ wire3/A (sky130_fd_sc_hd__buf_6)
                  0.07    0.23    7.48 ^ wire3/X (sky130_fd_sc_hd__buf_6)
     1    0.02                           net6015 (net)
                  0.07    0.00    7.48 ^ wire2/A (sky130_fd_sc_hd__buf_8)
                  0.04    0.11    7.59 ^ wire2/X (sky130_fd_sc_hd__buf_8)
     1    0.02                           net6014 (net)
                  0.04    0.00    7.59 ^ wire1/A (sky130_fd_sc_hd__buf_8)
                  0.05    0.11    7.70 ^ wire1/X (sky130_fd_sc_hd__buf_8)
     2    0.03                           net6013 (net)
                  0.05    0.00    7.70 ^ clkbuf_0_wb_clk_i/A (sky130_fd_sc_hd__clkbuf_16)
                  0.09    0.17    7.87 ^ clkbuf_0_wb_clk_i/X (sky130_fd_sc_hd__clkbuf_16)
     4    0.08                           clknet_0_wb_clk_i (net)
                  0.09    0.00    7.87 ^ clkbuf_1_0_0_wb_clk_i/A (sky130_fd_sc_hd__clkbuf_4)
                  0.21    0.27    8.15 ^ clkbuf_1_0_0_wb_clk_i/X (sky130_fd_sc_hd__clkbuf_4)
     2    0.07                           clknet_1_0_0_wb_clk_i (net)
                  0.22    0.02    8.16 ^ wire64/A (sky130_fd_sc_hd__buf_6)
                  0.09    0.19    8.35 ^ wire64/X (sky130_fd_sc_hd__buf_6)
     2    0.04                           net5913 (net)
                  0.10    0.01    8.36 ^ wire8/A (sky130_fd_sc_hd__buf_8)
                  0.07    0.14    8.49 ^ wire8/X (sky130_fd_sc_hd__buf_8)
     2    0.04                           net6020 (net)
                  0.07    0.01    8.50 ^ clkbuf_0_net6020/A (sky130_fd_sc_hd__clkbuf_16)
                  0.09    0.18    8.68 ^ clkbuf_0_net6020/X (sky130_fd_sc_hd__clkbuf_16)
     4    0.07                           clknet_0_net6020 (net)
                  0.09    0.00    8.68 ^ clkbuf_1_0__f_net6020/A (sky130_fd_sc_hd__clkbuf_16)
                  0.05    0.16    8.83 ^ clkbuf_1_0__f_net6020/X (sky130_fd_sc_hd__clkbuf_16)
     2    0.03                           clknet_1_0__leaf_net6020 (net)
                  0.05    0.00    8.84 ^ wire6/A (sky130_fd_sc_hd__buf_6)
                  0.07    0.13    8.96 ^ wire6/X (sky130_fd_sc_hd__buf_6)
     2    0.03                           net6018 (net)
                  0.07    0.00    8.97 ^ _0663_/C (sky130_fd_sc_hd__and3b_4)
                  0.67    0.66    9.63 ^ _0663_/X (sky130_fd_sc_hd__and3b_4)
     2    0.20                           _0000_ (net)
                  0.67    0.02    9.65 ^ user_projects[0].genblk1.user_project/wb_clk_i (user_project)
                  0.19   10.45   20.09 v user_projects[0].genblk1.user_project/wbs_dat_o[11] (user_project)
     2    0.04                           proj_wbs_dat_o[0][11] (net)
                  0.19    0.00   20.10 v wire2742/A (sky130_fd_sc_hd__clkbuf_4)
                  0.08    0.25   20.35 v wire2742/X (sky130_fd_sc_hd__clkbuf_4)
     1    0.03                           net2742 (net)
                  0.08    0.00   20.36 v wire2741/A (sky130_fd_sc_hd__buf_6)
                  0.04    0.16   20.51 v wire2741/X (sky130_fd_sc_hd__buf_6)
     1    0.04                           net2741 (net)
                  0.04    0.00   20.52 v _0907_/C (sky130_fd_sc_hd__nor3_2)
                  0.39    0.31   20.83 ^ _0907_/Y (sky130_fd_sc_hd__nor3_2)
     2    0.02                           _0623_ (net)
                  0.39    0.00   20.83 ^ wire2023/A (sky130_fd_sc_hd__dlymetal6s2s_1)
                  0.24    0.31   21.14 ^ wire2023/X (sky130_fd_sc_hd__dlymetal6s2s_1)
     1    0.02                           net2023 (net)
                  0.24    0.00   21.14 ^ wire2022/A (sky130_fd_sc_hd__clkbuf_4)
                  0.09    0.25   21.39 ^ wire2022/X (sky130_fd_sc_hd__clkbuf_4)
     1    0.03                           net2022 (net)
                  0.09    0.00   21.39 ^ wire2021/A (sky130_fd_sc_hd__buf_6)
                  0.05    0.13   21.52 ^ wire2021/X (sky130_fd_sc_hd__buf_6)
     1    0.02                           net2021 (net)
                  0.06    0.00   21.52 ^ wire2020/A (sky130_fd_sc_hd__buf_6)
                  0.07    0.13   21.65 ^ wire2020/X (sky130_fd_sc_hd__buf_6)
     2    0.03                           net2020 (net)
                  0.08    0.00   21.65 ^ wire2019/A (sky130_fd_sc_hd__buf_6)
                  0.21    0.23   21.88 ^ wire2019/X (sky130_fd_sc_hd__buf_6)
     2    0.10                           net2019 (net)
                  0.21    0.02   21.90 ^ wire2018/A (sky130_fd_sc_hd__clkbuf_4)
                  0.11    0.25   22.15 ^ wire2018/X (sky130_fd_sc_hd__clkbuf_4)
     2    0.03                           net2018 (net)
                  0.11    0.00   22.15 ^ wire2017/A (sky130_fd_sc_hd__buf_6)
                  0.07    0.15   22.30 ^ wire2017/X (sky130_fd_sc_hd__buf_6)
     2    0.03                           net2017 (net)
                  0.07    0.00   22.31 ^ wire2016/A (sky130_fd_sc_hd__buf_6)
                  0.07    0.13   22.44 ^ wire2016/X (sky130_fd_sc_hd__buf_6)
     2    0.03                           net2016 (net)
                  0.07    0.00   22.44 ^ _0911_/B1 (sky130_fd_sc_hd__a41oi_4)
                  0.14    0.05   22.49 v _0911_/Y (sky130_fd_sc_hd__a41oi_4)
     1    0.02                           net286 (net)
                  0.14    0.00   22.49 v wire1008/A (sky130_fd_sc_hd__dlymetal6s2s_1)
                  0.10    0.25   22.74 v wire1008/X (sky130_fd_sc_hd__dlymetal6s2s_1)
     1    0.02                           net1008 (net)
                  0.10    0.00   22.74 v wire1007/A (sky130_fd_sc_hd__clkbuf_4)
                  0.06    0.20   22.94 v wire1007/X (sky130_fd_sc_hd__clkbuf_4)
     1    0.02                           net1007 (net)
                  0.06    0.00   22.94 v wire1006/A (sky130_fd_sc_hd__buf_6)
                  0.03    0.14   23.08 v wire1006/X (sky130_fd_sc_hd__buf_6)
     1    0.02                           net1006 (net)
                  0.03    0.00   23.08 v wire1005/A (sky130_fd_sc_hd__clkbuf_4)
                  0.08    0.18   23.26 v wire1005/X (sky130_fd_sc_hd__clkbuf_4)
     2    0.03                           net1005 (net)
                  0.08    0.00   23.27 v wire1004/A (sky130_fd_sc_hd__buf_6)
                  0.05    0.16   23.43 v wire1004/X (sky130_fd_sc_hd__buf_6)
     2    0.04                           net1004 (net)
                  0.05    0.00   23.43 v wire1003/A (sky130_fd_sc_hd__clkbuf_4)
                  0.07    0.18   23.61 v wire1003/X (sky130_fd_sc_hd__clkbuf_4)
     1    0.03                           net1003 (net)
                  0.07    0.00   23.61 v wire1002/A (sky130_fd_sc_hd__buf_6)
                  0.04    0.14   23.75 v wire1002/X (sky130_fd_sc_hd__buf_6)
     1    0.02                           net1002 (net)
                  0.04    0.00   23.76 v wire1001/A (sky130_fd_sc_hd__buf_6)
                  0.04    0.13   23.88 v wire1001/X (sky130_fd_sc_hd__buf_6)
     1    0.02                           net1001 (net)
                  0.04    0.00   23.89 v wire1000/A (sky130_fd_sc_hd__buf_6)
                  0.04    0.13   24.01 v wire1000/X (sky130_fd_sc_hd__buf_6)
     1    0.02                           net1000 (net)
                  0.04    0.00   24.02 v wire999/A (sky130_fd_sc_hd__buf_6)
                  0.03    0.13   24.14 v wire999/X (sky130_fd_sc_hd__buf_6)
     1    0.02                           net999 (net)
                  0.03    0.00   24.14 v wire998/A (sky130_fd_sc_hd__buf_6)
                  0.03    0.12   24.27 v wire998/X (sky130_fd_sc_hd__buf_6)
     1    0.02                           net998 (net)
                  0.03    0.00   24.27 v wire997/A (sky130_fd_sc_hd__buf_6)
                  0.03    0.12   24.39 v wire997/X (sky130_fd_sc_hd__buf_6)
     1    0.02                           net997 (net)
                  0.03    0.00   24.39 v wire996/A (sky130_fd_sc_hd__buf_6)
                  0.03    0.12   24.52 v wire996/X (sky130_fd_sc_hd__buf_6)
     1    0.02                           net996 (net)
                  0.03    0.00   24.52 v wire995/A (sky130_fd_sc_hd__buf_6)
                  0.04    0.13   24.65 v wire995/X (sky130_fd_sc_hd__buf_6)
     1    0.02                           net995 (net)
                  0.04    0.00   24.65 v wire994/A (sky130_fd_sc_hd__buf_6)
                  0.04    0.13   24.78 v wire994/X (sky130_fd_sc_hd__buf_6)
     1    0.02                           net994 (net)
                  0.04    0.00   24.78 v wire993/A (sky130_fd_sc_hd__buf_6)
                  0.03    0.13   24.91 v wire993/X (sky130_fd_sc_hd__buf_6)
     1    0.02                           net993 (net)
                  0.03    0.00   24.91 v wire992/A (sky130_fd_sc_hd__buf_6)
                  0.03    0.13   25.03 v wire992/X (sky130_fd_sc_hd__buf_6)
     1    0.02                           net992 (net)
                  0.03    0.00   25.04 v output286/A (sky130_fd_sc_hd__buf_6)
                  0.04    0.13   25.17 v output286/X (sky130_fd_sc_hd__buf_6)
     1    0.03                           net6419 (net)
                  0.04    0.00   25.17 v output461/A (sky130_fd_sc_hd__buf_12)
                  0.10    0.17   25.34 v output461/X (sky130_fd_sc_hd__buf_12)
     1    0.15                           wbs_dat_o[11] (net)
                  0.11    0.02   25.36 v wbs_dat_o[11] (out)
                                 25.36   data arrival time

                         30.00   30.00   clock clk (rise edge)
                          6.00   36.00   clock network delay (propagated)
                         -0.10   35.90   clock uncertainty
                          0.00   35.90   clock reconvergence pessimism
                         -2.12   33.78   output external delay
                                 33.78   data required time
-----------------------------------------------------------------------------
                                 33.78   data required time
                                -25.36   data arrival time
-----------------------------------------------------------------------------
                                  8.42   slack (MET)


Startpoint: user_projects[3].genblk1.user_project
            (rising edge-triggered flip-flop clocked by clk)
Endpoint: wbs_dat_o[29] (output port clocked by clk)
Path Group: clk
Path Type: max

Fanout     Cap    Slew   Delay    Time   Description
-----------------------------------------------------------------------------
                          0.00    0.00   clock clk (rise edge)
                          7.25    7.25   clock source latency
                  1.16    0.00    7.25 ^ wb_clk_i (in)
     2    0.02                           wb_clk_i (net)
                  1.16    0.00    7.25 ^ wire3/A (sky130_fd_sc_hd__buf_6)
                  0.07    0.23    7.48 ^ wire3/X (sky130_fd_sc_hd__buf_6)
     1    0.02                           net6015 (net)
                  0.07    0.00    7.48 ^ wire2/A (sky130_fd_sc_hd__buf_8)
                  0.04    0.11    7.59 ^ wire2/X (sky130_fd_sc_hd__buf_8)
     1    0.02                           net6014 (net)
                  0.04    0.00    7.59 ^ wire1/A (sky130_fd_sc_hd__buf_8)
                  0.05    0.11    7.70 ^ wire1/X (sky130_fd_sc_hd__buf_8)
     2    0.03                           net6013 (net)
                  0.05    0.00    7.70 ^ clkbuf_0_wb_clk_i/A (sky130_fd_sc_hd__clkbuf_16)
                  0.09    0.17    7.87 ^ clkbuf_0_wb_clk_i/X (sky130_fd_sc_hd__clkbuf_16)
     4    0.08                           clknet_0_wb_clk_i (net)
                  0.10    0.02    7.89 ^ clkbuf_1_1_0_wb_clk_i/A (sky130_fd_sc_hd__clkbuf_4)
                  0.18    0.26    8.14 ^ clkbuf_1_1_0_wb_clk_i/X (sky130_fd_sc_hd__clkbuf_4)
     2    0.06                           clknet_1_1_0_wb_clk_i (net)
                  0.19    0.02    8.16 ^ wire11/A (sky130_fd_sc_hd__buf_8)
                  0.11    0.18    8.34 ^ wire11/X (sky130_fd_sc_hd__buf_8)
     2    0.06                           net6023 (net)
                  0.12    0.02    8.36 ^ wire86/A (sky130_fd_sc_hd__buf_6)
                  0.03    0.12    8.48 ^ wire86/X (sky130_fd_sc_hd__buf_6)
     1    0.01                           net5914 (net)
                  0.03    0.00    8.48 ^ wire129/A (sky130_fd_sc_hd__buf_6)
                  0.21    0.20    8.68 ^ wire129/X (sky130_fd_sc_hd__buf_6)
     2    0.10                           net5945 (net)
                  0.22    0.03    8.71 ^ clkbuf_0_net6023/A (sky130_fd_sc_hd__clkbuf_16)
                  0.10    0.23    8.95 ^ clkbuf_0_net6023/X (sky130_fd_sc_hd__clkbuf_16)
     4    0.08                           clknet_0_net6023 (net)
                  0.11    0.02    8.96 ^ clkbuf_1_1__f_net6023/A (sky130_fd_sc_hd__clkbuf_16)
                  0.07    0.17    9.14 ^ clkbuf_1_1__f_net6023/X (sky130_fd_sc_hd__clkbuf_16)
     2    0.05                           clknet_1_1__leaf_net6023 (net)
                  0.07    0.01    9.15 ^ wire10/A (sky130_fd_sc_hd__buf_6)
                  0.11    0.16    9.31 ^ wire10/X (sky130_fd_sc_hd__buf_6)
     2    0.05                           net6022 (net)
                  0.11    0.01    9.31 ^ _0666_/C (sky130_fd_sc_hd__and3_4)
                  0.13    0.27    9.59 ^ _0666_/X (sky130_fd_sc_hd__and3_4)
     2    0.04                           _0003_ (net)
                  0.13    0.00    9.59 ^ wire5/A (sky130_fd_sc_hd__buf_6)
                  0.08    0.16    9.75 ^ wire5/X (sky130_fd_sc_hd__buf_6)
     2    0.04                           net6017 (net)
                  0.08    0.01    9.76 ^ wire4/A (sky130_fd_sc_hd__buf_12)
                  0.23    0.24   10.00 ^ wire4/X (sky130_fd_sc_hd__buf_12)
     2    0.20                           net6016 (net)
                  0.24    0.03   10.03 ^ user_projects[3].genblk1.user_project/wb_clk_i (user_project)
                  0.45   10.08   20.11 ^ user_projects[3].genblk1.user_project/wbs_dat_o[29] (user_project)
     2    0.05                           proj_wbs_dat_o[3][29] (net)
                  0.45    0.00   20.11 ^ wire3463/A (sky130_fd_sc_hd__buf_4)
                  0.12    0.27   20.38 ^ wire3463/X (sky130_fd_sc_hd__buf_4)
     2    0.04                           net3463 (net)
                  0.12    0.01   20.39 ^ wire3462/A (sky130_fd_sc_hd__buf_6)
                  0.10    0.17   20.56 ^ wire3462/X (sky130_fd_sc_hd__buf_6)
     2    0.05                           net3462 (net)
                  0.10    0.01   20.56 ^ wire3461/A (sky130_fd_sc_hd__buf_6)
                  0.09    0.16   20.72 ^ wire3461/X (sky130_fd_sc_hd__buf_6)
     2    0.04                           net3461 (net)
                  0.09    0.01   20.72 ^ wire3460/A (sky130_fd_sc_hd__buf_6)
                  0.09    0.15   20.88 ^ wire3460/X (sky130_fd_sc_hd__buf_6)
     2    0.04                           net3460 (net)
                  0.09    0.01   20.88 ^ wire3459/A (sky130_fd_sc_hd__buf_6)
                  0.15    0.19   21.08 ^ wire3459/X (sky130_fd_sc_hd__buf_6)
     2    0.07                           net3459 (net)
                  0.15    0.02   21.10 ^ wire3458/A (sky130_fd_sc_hd__buf_6)
                  0.09    0.17   21.26 ^ wire3458/X (sky130_fd_sc_hd__buf_6)
     2    0.04                           net3458 (net)
                  0.09    0.01   21.27 ^ wire3457/A (sky130_fd_sc_hd__buf_6)
                  0.10    0.16   21.43 ^ wire3457/X (sky130_fd_sc_hd__buf_6)
     2    0.05                           net3457 (net)
                  0.10    0.01   21.44 ^ _1009_/C (sky130_fd_sc_hd__nand3_4)
                  0.22    0.21   21.64 v _1009_/Y (sky130_fd_sc_hd__nand3_4)
     2    0.06                           _0050_ (net)
                  0.22    0.02   21.66 v wire3236/A (sky130_fd_sc_hd__buf_6)
                  0.07    0.24   21.90 v wire3236/X (sky130_fd_sc_hd__buf_6)
     2    0.07                           net3236 (net)
                  0.08    0.02   21.92 v _1012_/A2 (sky130_fd_sc_hd__a41oi_4)
                  0.26    0.26   22.18 ^ _1012_/Y (sky130_fd_sc_hd__a41oi_4)
     1    0.02                           net305 (net)
                  0.26    0.00   22.18 ^ wire839/A (sky130_fd_sc_hd__clkbuf_4)
                  0.08    0.24   22.43 ^ wire839/X (sky130_fd_sc_hd__clkbuf_4)
     1    0.02                           net839 (net)
                  0.08    0.00   22.43 ^ wire838/A (sky130_fd_sc_hd__clkbuf_4)
                  0.07    0.17   22.60 ^ wire838/X (sky130_fd_sc_hd__clkbuf_4)
     1    0.02                           net838 (net)
                  0.07    0.00   22.60 ^ wire837/A (sky130_fd_sc_hd__clkbuf_4)
                  0.08    0.17   22.78 ^ wire837/X (sky130_fd_sc_hd__clkbuf_4)
     1    0.02                           net837 (net)
                  0.08    0.00   22.78 ^ wire836/A (sky130_fd_sc_hd__buf_6)
                  0.06    0.13   22.91 ^ wire836/X (sky130_fd_sc_hd__buf_6)
     1    0.03                           net836 (net)
                  0.06    0.00   22.91 ^ wire835/A (sky130_fd_sc_hd__buf_6)
                  0.08    0.13   23.04 ^ wire835/X (sky130_fd_sc_hd__buf_6)
     2    0.03                           net835 (net)
                  0.08    0.00   23.05 ^ wire834/A (sky130_fd_sc_hd__clkbuf_4)
                  0.11    0.20   23.25 ^ wire834/X (sky130_fd_sc_hd__clkbuf_4)
     2    0.03                           net834 (net)
                  0.11    0.00   23.25 ^ wire833/A (sky130_fd_sc_hd__buf_6)
                  0.06    0.14   23.39 ^ wire833/X (sky130_fd_sc_hd__buf_6)
     1    0.02                           net833 (net)
                  0.06    0.00   23.39 ^ wire832/A (sky130_fd_sc_hd__buf_6)
                  0.05    0.12   23.51 ^ wire832/X (sky130_fd_sc_hd__buf_6)
     1    0.02                           net832 (net)
                  0.05    0.00   23.51 ^ wire831/A (sky130_fd_sc_hd__buf_6)
                  0.05    0.12   23.63 ^ wire831/X (sky130_fd_sc_hd__buf_6)
     1    0.02                           net831 (net)
                  0.05    0.00   23.63 ^ wire830/A (sky130_fd_sc_hd__buf_6)
                  0.06    0.12   23.74 ^ wire830/X (sky130_fd_sc_hd__buf_6)
     1    0.02                           net830 (net)
                  0.06    0.00   23.75 ^ wire829/A (sky130_fd_sc_hd__buf_6)
                  0.05    0.11   23.86 ^ wire829/X (sky130_fd_sc_hd__buf_6)
     1    0.02                           net829 (net)
                  0.05    0.00   23.86 ^ wire828/A (sky130_fd_sc_hd__buf_6)
                  0.05    0.11   23.97 ^ wire828/X (sky130_fd_sc_hd__buf_6)
     1    0.02                           net828 (net)
                  0.05    0.00   23.97 ^ wire827/A (sky130_fd_sc_hd__buf_6)
                  0.06    0.11   24.08 ^ wire827/X (sky130_fd_sc_hd__buf_6)
     1    0.02                           net827 (net)
                  0.06    0.00   24.08 ^ output305/A (sky130_fd_sc_hd__buf_6)
                  0.07    0.13   24.21 ^ output305/X (sky130_fd_sc_hd__buf_6)
     1    0.03                           net6438 (net)
                  0.07    0.00   24.21 ^ output480/A (sky130_fd_sc_hd__buf_12)
                  0.15    0.19   24.40 ^ output480/X (sky130_fd_sc_hd__buf_12)
     1    0.11                           wbs_dat_o[29] (net)
                  0.16    0.02   24.42 ^ wbs_dat_o[29] (out)
                                 24.42   data arrival time

                         30.00   30.00   clock clk (rise edge)
                          6.00   36.00   clock network delay (propagated)
                         -0.10   35.90   clock uncertainty
                          0.00   35.90   clock reconvergence pessimism
                         -2.97   32.93   output external delay
                                 32.93   data required time
-----------------------------------------------------------------------------
                                 32.93   data required time
                                -24.42   data arrival time
-----------------------------------------------------------------------------
                                  8.51   slack (MET)


