
===========================================================================
report_checks -path_delay max (Setup)
============================================================================
Startpoint: wb_rst_i (input port clocked by clk)
Endpoint: user_projects[3].genblk1.user_project
          (recovery check against rising-edge clock clk)
Path Group: **async_default**
Path Type: max

Fanout     Cap    Slew   Delay    Time   Description
-----------------------------------------------------------------------------
                          0.00    0.00   clock clk (rise edge)
                          7.25    7.25   clock network delay (propagated)
                          1.72    8.97 ^ input external delay
                  0.12    0.00    8.97 ^ wb_rst_i (in)
     2    0.01                           wb_rst_i (net)
                  0.12    0.00    8.97 ^ hold11/A (sky130_fd_sc_hd__clkdlybuf4s50_2)
                  0.08    0.56    9.53 ^ hold11/X (sky130_fd_sc_hd__clkdlybuf4s50_2)
     1    0.01                           net5721 (net)
                  0.08    0.00    9.53 ^ hold10/A (sky130_fd_sc_hd__dlymetal6s2s_1)
                  0.12    0.16    9.69 ^ hold10/X (sky130_fd_sc_hd__dlymetal6s2s_1)
     1    0.01                           net5701 (net)
                  0.12    0.00    9.69 ^ input279/A (sky130_fd_sc_hd__dlymetal6s2s_1)
                  0.12    0.17    9.86 ^ input279/X (sky130_fd_sc_hd__dlymetal6s2s_1)
     1    0.01                           net5990 (net)
                  0.12    0.00    9.86 ^ hold6/A (sky130_fd_sc_hd__dlymetal6s2s_1)
                  0.12    0.18   10.04 ^ hold6/X (sky130_fd_sc_hd__dlymetal6s2s_1)
     1    0.01                           net5883 (net)
                  0.12    0.00   10.04 ^ hold4/A (sky130_fd_sc_hd__dlymetal6s2s_1)
                  0.13    0.18   10.22 ^ hold4/X (sky130_fd_sc_hd__dlymetal6s2s_1)
     1    0.01                           net5813 (net)
                  0.13    0.00   10.22 ^ hold7/A (sky130_fd_sc_hd__dlymetal6s2s_1)
                  0.13    0.18   10.41 ^ hold7/X (sky130_fd_sc_hd__dlymetal6s2s_1)
     1    0.01                           net5884 (net)
                  0.13    0.00   10.41 ^ hold1/A (sky130_fd_sc_hd__dlymetal6s2s_1)
                  0.18    0.22   10.63 ^ hold1/X (sky130_fd_sc_hd__dlymetal6s2s_1)
     1    0.02                           net5810 (net)
                  0.18    0.00   10.63 ^ hold8/A (sky130_fd_sc_hd__dlymetal6s2s_1)
                  0.13    0.19   10.82 ^ hold8/X (sky130_fd_sc_hd__dlymetal6s2s_1)
     1    0.01                           net5885 (net)
                  0.13    0.00   10.82 ^ hold5/A (sky130_fd_sc_hd__dlymetal6s2s_1)
                  0.14    0.19   11.01 ^ hold5/X (sky130_fd_sc_hd__dlymetal6s2s_1)
     1    0.01                           net5814 (net)
                  0.14    0.00   11.01 ^ hold9/A (sky130_fd_sc_hd__dlygate4sd1_1)
                  0.18    0.33   11.34 ^ hold9/X (sky130_fd_sc_hd__dlygate4sd1_1)
     1    0.02                           net5886 (net)
                  0.18    0.00   11.34 ^ input104/A (sky130_fd_sc_hd__buf_6)
                  0.05    0.15   11.49 ^ input104/X (sky130_fd_sc_hd__buf_6)
     1    0.02                           net104 (net)
                  0.05    0.00   11.49 ^ hold2/A (sky130_fd_sc_hd__buf_4)
                  0.27    0.28   11.77 ^ hold2/X (sky130_fd_sc_hd__buf_4)
     4    0.10                           net5811 (net)
                  0.27    0.00   11.78 ^ max_length5653/A (sky130_fd_sc_hd__buf_6)
                  0.12    0.22   11.99 ^ max_length5653/X (sky130_fd_sc_hd__buf_6)
     2    0.06                           net5653 (net)
                  0.12    0.01   12.00 ^ hold3/A (sky130_fd_sc_hd__buf_4)
                  0.27    0.30   12.30 ^ hold3/X (sky130_fd_sc_hd__buf_4)
     4    0.10                           net5812 (net)
                  0.27    0.03   12.33 ^ wire5732/A (sky130_fd_sc_hd__buf_6)
                  0.14    0.22   12.55 ^ wire5732/X (sky130_fd_sc_hd__buf_6)
     2    0.06                           net6474 (net)
                  0.14    0.02   12.57 ^ wire5650/A (sky130_fd_sc_hd__buf_6)
                  0.13    0.19   12.76 ^ wire5650/X (sky130_fd_sc_hd__buf_6)
     2    0.06                           net5650 (net)
                  0.14    0.02   12.78 ^ wire5649/A (sky130_fd_sc_hd__buf_6)
                  0.14    0.20   12.98 ^ wire5649/X (sky130_fd_sc_hd__buf_6)
     2    0.07                           net5649 (net)
                  0.15    0.02   13.00 ^ wire4884/A (sky130_fd_sc_hd__buf_12)
                  0.18    0.20   13.19 ^ wire4884/X (sky130_fd_sc_hd__buf_12)
     4    0.15                           net6326 (net)
                  0.22    0.07   13.27 ^ wire5648/A (sky130_fd_sc_hd__buf_6)
                  0.21    0.26   13.53 ^ wire5648/X (sky130_fd_sc_hd__buf_6)
     2    0.10                           net5648 (net)
                  0.22    0.03   13.56 ^ wire5647/A (sky130_fd_sc_hd__buf_6)
                  0.19    0.24   13.80 ^ wire5647/X (sky130_fd_sc_hd__buf_6)
     2    0.09                           net5647 (net)
                  0.20    0.03   13.84 ^ user_projects[3].genblk1.user_project/wb_rst_i (user_project)
                                 13.84   data arrival time

                         30.00   30.00   clock clk (rise edge)
                          6.00   36.00   clock source latency
                  1.16    0.00   36.00 ^ wb_clk_i (in)
     2    0.02                           wb_clk_i (net)
                  1.16    0.00   36.00 ^ wire3/A (sky130_fd_sc_hd__buf_6)
                  0.07    0.21   36.22 ^ wire3/X (sky130_fd_sc_hd__buf_6)
     2    0.02                           net5801 (net)
                  0.07    0.00   36.22 ^ wire2/A (sky130_fd_sc_hd__buf_6)
                  0.04    0.10   36.32 ^ wire2/X (sky130_fd_sc_hd__buf_6)
     1    0.01                           net5800 (net)
                  0.04    0.00   36.32 ^ wire1/A (sky130_fd_sc_hd__buf_6)
                  0.05    0.10   36.42 ^ wire1/X (sky130_fd_sc_hd__buf_6)
     2    0.02                           net5799 (net)
                  0.05    0.00   36.42 ^ clkbuf_0_wb_clk_i/A (sky130_fd_sc_hd__clkbuf_16)
                  0.08    0.15   36.57 ^ clkbuf_0_wb_clk_i/X (sky130_fd_sc_hd__clkbuf_16)
     4    0.06                           clknet_0_wb_clk_i (net)
                  0.08    0.01   36.58 ^ clkbuf_1_1_0_wb_clk_i/A (sky130_fd_sc_hd__clkbuf_4)
                  0.17    0.22   36.80 ^ clkbuf_1_1_0_wb_clk_i/X (sky130_fd_sc_hd__clkbuf_4)
     2    0.05                           clknet_1_1_0_wb_clk_i (net)
                  0.17    0.01   36.81 ^ wire11/A (sky130_fd_sc_hd__buf_6)
                  0.10    0.17   36.98 ^ wire11/X (sky130_fd_sc_hd__buf_6)
     2    0.05                           net5809 (net)
                  0.10    0.01   36.99 ^ wire58/A (sky130_fd_sc_hd__buf_6)
                  0.11    0.16   37.14 ^ wire58/X (sky130_fd_sc_hd__buf_6)
     2    0.05                           net5700 (net)
                  0.11    0.01   37.15 ^ clkbuf_0_net5809/A (sky130_fd_sc_hd__clkbuf_16)
                  0.03    0.13   37.28 ^ clkbuf_0_net5809/X (sky130_fd_sc_hd__clkbuf_16)
     1    0.01                           clknet_0_net5809 (net)
                  0.03    0.00   37.28 ^ wire89/A (sky130_fd_sc_hd__buf_8)
                  0.18    0.18   37.46 ^ wire89/X (sky130_fd_sc_hd__buf_8)
     4    0.11                           net5722 (net)
                  0.18    0.02   37.48 ^ clkbuf_1_1__f_net5809/A (sky130_fd_sc_hd__clkbuf_16)
                  0.08    0.19   37.67 ^ clkbuf_1_1__f_net5809/X (sky130_fd_sc_hd__clkbuf_16)
     2    0.06                           clknet_1_1__leaf_net5809 (net)
                  0.08    0.01   37.68 ^ wire10/A (sky130_fd_sc_hd__buf_6)
                  0.13    0.16   37.84 ^ wire10/X (sky130_fd_sc_hd__buf_6)
     2    0.06                           net5808 (net)
                  0.13    0.01   37.85 ^ _0666_/C (sky130_fd_sc_hd__and3_4)
                  0.19    0.30   38.16 ^ _0666_/X (sky130_fd_sc_hd__and3_4)
     2    0.06                           _0001_ (net)
                  0.19    0.01   38.17 ^ wire5/A (sky130_fd_sc_hd__buf_8)
                  0.11    0.17   38.34 ^ wire5/X (sky130_fd_sc_hd__buf_8)
     2    0.06                           net5803 (net)
                  0.11    0.01   38.35 ^ wire4/A (sky130_fd_sc_hd__buf_12)
                  0.24    0.22   38.57 ^ wire4/X (sky130_fd_sc_hd__buf_12)
     2    0.21                           net5802 (net)
                  0.26    0.05   38.62 ^ user_projects[3].genblk1.user_project/wb_clk_i (user_project)
                         -0.10   38.52   clock uncertainty
                          0.00   38.52   clock reconvergence pessimism
                         -2.76   35.77   library recovery time
                                 35.77   data required time
-----------------------------------------------------------------------------
                                 35.77   data required time
                                -13.84   data arrival time
-----------------------------------------------------------------------------
                                 21.93   slack (MET)


Startpoint: wb_rst_i (input port clocked by clk)
Endpoint: user_projects[2].genblk1.user_project
          (recovery check against rising-edge clock clk)
Path Group: **async_default**
Path Type: max

Fanout     Cap    Slew   Delay    Time   Description
-----------------------------------------------------------------------------
                          0.00    0.00   clock clk (rise edge)
                          7.25    7.25   clock network delay (propagated)
                          1.72    8.97 ^ input external delay
                  0.12    0.00    8.97 ^ wb_rst_i (in)
     2    0.01                           wb_rst_i (net)
                  0.12    0.00    8.97 ^ hold11/A (sky130_fd_sc_hd__clkdlybuf4s50_2)
                  0.08    0.56    9.53 ^ hold11/X (sky130_fd_sc_hd__clkdlybuf4s50_2)
     1    0.01                           net5721 (net)
                  0.08    0.00    9.53 ^ hold10/A (sky130_fd_sc_hd__dlymetal6s2s_1)
                  0.12    0.16    9.69 ^ hold10/X (sky130_fd_sc_hd__dlymetal6s2s_1)
     1    0.01                           net5701 (net)
                  0.12    0.00    9.69 ^ input279/A (sky130_fd_sc_hd__dlymetal6s2s_1)
                  0.12    0.17    9.86 ^ input279/X (sky130_fd_sc_hd__dlymetal6s2s_1)
     1    0.01                           net5990 (net)
                  0.12    0.00    9.86 ^ hold6/A (sky130_fd_sc_hd__dlymetal6s2s_1)
                  0.12    0.18   10.04 ^ hold6/X (sky130_fd_sc_hd__dlymetal6s2s_1)
     1    0.01                           net5883 (net)
                  0.12    0.00   10.04 ^ hold4/A (sky130_fd_sc_hd__dlymetal6s2s_1)
                  0.13    0.18   10.22 ^ hold4/X (sky130_fd_sc_hd__dlymetal6s2s_1)
     1    0.01                           net5813 (net)
                  0.13    0.00   10.22 ^ hold7/A (sky130_fd_sc_hd__dlymetal6s2s_1)
                  0.13    0.18   10.41 ^ hold7/X (sky130_fd_sc_hd__dlymetal6s2s_1)
     1    0.01                           net5884 (net)
                  0.13    0.00   10.41 ^ hold1/A (sky130_fd_sc_hd__dlymetal6s2s_1)
                  0.18    0.22   10.63 ^ hold1/X (sky130_fd_sc_hd__dlymetal6s2s_1)
     1    0.02                           net5810 (net)
                  0.18    0.00   10.63 ^ hold8/A (sky130_fd_sc_hd__dlymetal6s2s_1)
                  0.13    0.19   10.82 ^ hold8/X (sky130_fd_sc_hd__dlymetal6s2s_1)
     1    0.01                           net5885 (net)
                  0.13    0.00   10.82 ^ hold5/A (sky130_fd_sc_hd__dlymetal6s2s_1)
                  0.14    0.19   11.01 ^ hold5/X (sky130_fd_sc_hd__dlymetal6s2s_1)
     1    0.01                           net5814 (net)
                  0.14    0.00   11.01 ^ hold9/A (sky130_fd_sc_hd__dlygate4sd1_1)
                  0.18    0.33   11.34 ^ hold9/X (sky130_fd_sc_hd__dlygate4sd1_1)
     1    0.02                           net5886 (net)
                  0.18    0.00   11.34 ^ input104/A (sky130_fd_sc_hd__buf_6)
                  0.05    0.15   11.49 ^ input104/X (sky130_fd_sc_hd__buf_6)
     1    0.02                           net104 (net)
                  0.05    0.00   11.49 ^ hold2/A (sky130_fd_sc_hd__buf_4)
                  0.27    0.28   11.77 ^ hold2/X (sky130_fd_sc_hd__buf_4)
     4    0.10                           net5811 (net)
                  0.27    0.00   11.78 ^ max_length5653/A (sky130_fd_sc_hd__buf_6)
                  0.12    0.22   11.99 ^ max_length5653/X (sky130_fd_sc_hd__buf_6)
     2    0.06                           net5653 (net)
                  0.12    0.01   12.00 ^ hold3/A (sky130_fd_sc_hd__buf_4)
                  0.27    0.30   12.30 ^ hold3/X (sky130_fd_sc_hd__buf_4)
     4    0.10                           net5812 (net)
                  0.27    0.03   12.33 ^ wire5732/A (sky130_fd_sc_hd__buf_6)
                  0.14    0.22   12.55 ^ wire5732/X (sky130_fd_sc_hd__buf_6)
     2    0.06                           net6474 (net)
                  0.14    0.02   12.57 ^ wire5650/A (sky130_fd_sc_hd__buf_6)
                  0.13    0.19   12.76 ^ wire5650/X (sky130_fd_sc_hd__buf_6)
     2    0.06                           net5650 (net)
                  0.14    0.02   12.78 ^ wire5649/A (sky130_fd_sc_hd__buf_6)
                  0.14    0.20   12.98 ^ wire5649/X (sky130_fd_sc_hd__buf_6)
     2    0.07                           net5649 (net)
                  0.15    0.02   13.00 ^ wire4884/A (sky130_fd_sc_hd__buf_12)
                  0.18    0.20   13.19 ^ wire4884/X (sky130_fd_sc_hd__buf_12)
     4    0.15                           net6326 (net)
                  0.20    0.05   13.24 ^ user_projects[2].genblk1.user_project/wb_rst_i (user_project)
                                 13.24   data arrival time

                         30.00   30.00   clock clk (rise edge)
                          6.00   36.00   clock source latency
                  1.16    0.00   36.00 ^ wb_clk_i (in)
     2    0.02                           wb_clk_i (net)
                  1.16    0.00   36.00 ^ wire3/A (sky130_fd_sc_hd__buf_6)
                  0.07    0.21   36.22 ^ wire3/X (sky130_fd_sc_hd__buf_6)
     2    0.02                           net5801 (net)
                  0.07    0.00   36.22 ^ wire2/A (sky130_fd_sc_hd__buf_6)
                  0.04    0.10   36.32 ^ wire2/X (sky130_fd_sc_hd__buf_6)
     1    0.01                           net5800 (net)
                  0.04    0.00   36.32 ^ wire1/A (sky130_fd_sc_hd__buf_6)
                  0.05    0.10   36.42 ^ wire1/X (sky130_fd_sc_hd__buf_6)
     2    0.02                           net5799 (net)
                  0.05    0.00   36.42 ^ clkbuf_0_wb_clk_i/A (sky130_fd_sc_hd__clkbuf_16)
                  0.08    0.15   36.57 ^ clkbuf_0_wb_clk_i/X (sky130_fd_sc_hd__clkbuf_16)
     4    0.06                           clknet_0_wb_clk_i (net)
                  0.08    0.00   36.57 ^ clkbuf_1_0_0_wb_clk_i/A (sky130_fd_sc_hd__clkbuf_4)
                  0.14    0.20   36.78 ^ clkbuf_1_0_0_wb_clk_i/X (sky130_fd_sc_hd__clkbuf_4)
     2    0.04                           clknet_1_0_0_wb_clk_i (net)
                  0.14    0.01   36.78 ^ wire15/A (sky130_fd_sc_hd__buf_6)
                  0.06    0.13   36.92 ^ wire15/X (sky130_fd_sc_hd__buf_6)
     2    0.02                           net5699 (net)
                  0.06    0.00   36.92 ^ wire8/A (sky130_fd_sc_hd__buf_6)
                  0.08    0.13   37.05 ^ wire8/X (sky130_fd_sc_hd__buf_6)
     2    0.04                           net5806 (net)
                  0.08    0.01   37.05 ^ clkbuf_0_net5806/A (sky130_fd_sc_hd__clkbuf_16)
                  0.08    0.16   37.21 ^ clkbuf_0_net5806/X (sky130_fd_sc_hd__clkbuf_16)
     4    0.06                           clknet_0_net5806 (net)
                  0.08    0.01   37.22 ^ clkbuf_1_1__f_net5806/A (sky130_fd_sc_hd__clkbuf_16)
                  0.07    0.15   37.37 ^ clkbuf_1_1__f_net5806/X (sky130_fd_sc_hd__clkbuf_16)
     2    0.05                           clknet_1_1__leaf_net5806 (net)
                  0.07    0.01   37.38 ^ wire7/A (sky130_fd_sc_hd__buf_6)
                  0.13    0.15   37.54 ^ wire7/X (sky130_fd_sc_hd__buf_6)
     2    0.06                           net5805 (net)
                  0.13    0.01   37.55 ^ _0665_/B (sky130_fd_sc_hd__and3_4)
                  0.62    0.55   38.11 ^ _0665_/X (sky130_fd_sc_hd__and3_4)
     2    0.22                           _0003_ (net)
                  0.64    0.07   38.18 ^ user_projects[2].genblk1.user_project/wb_clk_i (user_project)
                         -0.10   38.08   clock uncertainty
                          0.00   38.08   clock reconvergence pessimism
                         -2.70   35.38   library recovery time
                                 35.38   data required time
-----------------------------------------------------------------------------
                                 35.38   data required time
                                -13.24   data arrival time
-----------------------------------------------------------------------------
                                 22.14   slack (MET)


Startpoint: wb_rst_i (input port clocked by clk)
Endpoint: user_projects[0].genblk1.user_project
          (recovery check against rising-edge clock clk)
Path Group: **async_default**
Path Type: max

Fanout     Cap    Slew   Delay    Time   Description
-----------------------------------------------------------------------------
                          0.00    0.00   clock clk (rise edge)
                          7.25    7.25   clock network delay (propagated)
                          1.72    8.97 ^ input external delay
                  0.12    0.00    8.97 ^ wb_rst_i (in)
     2    0.01                           wb_rst_i (net)
                  0.12    0.00    8.97 ^ hold11/A (sky130_fd_sc_hd__clkdlybuf4s50_2)
                  0.08    0.56    9.53 ^ hold11/X (sky130_fd_sc_hd__clkdlybuf4s50_2)
     1    0.01                           net5721 (net)
                  0.08    0.00    9.53 ^ hold10/A (sky130_fd_sc_hd__dlymetal6s2s_1)
                  0.12    0.16    9.69 ^ hold10/X (sky130_fd_sc_hd__dlymetal6s2s_1)
     1    0.01                           net5701 (net)
                  0.12    0.00    9.69 ^ input279/A (sky130_fd_sc_hd__dlymetal6s2s_1)
                  0.12    0.17    9.86 ^ input279/X (sky130_fd_sc_hd__dlymetal6s2s_1)
     1    0.01                           net5990 (net)
                  0.12    0.00    9.86 ^ hold6/A (sky130_fd_sc_hd__dlymetal6s2s_1)
                  0.12    0.18   10.04 ^ hold6/X (sky130_fd_sc_hd__dlymetal6s2s_1)
     1    0.01                           net5883 (net)
                  0.12    0.00   10.04 ^ hold4/A (sky130_fd_sc_hd__dlymetal6s2s_1)
                  0.13    0.18   10.22 ^ hold4/X (sky130_fd_sc_hd__dlymetal6s2s_1)
     1    0.01                           net5813 (net)
                  0.13    0.00   10.22 ^ hold7/A (sky130_fd_sc_hd__dlymetal6s2s_1)
                  0.13    0.18   10.41 ^ hold7/X (sky130_fd_sc_hd__dlymetal6s2s_1)
     1    0.01                           net5884 (net)
                  0.13    0.00   10.41 ^ hold1/A (sky130_fd_sc_hd__dlymetal6s2s_1)
                  0.18    0.22   10.63 ^ hold1/X (sky130_fd_sc_hd__dlymetal6s2s_1)
     1    0.02                           net5810 (net)
                  0.18    0.00   10.63 ^ hold8/A (sky130_fd_sc_hd__dlymetal6s2s_1)
                  0.13    0.19   10.82 ^ hold8/X (sky130_fd_sc_hd__dlymetal6s2s_1)
     1    0.01                           net5885 (net)
                  0.13    0.00   10.82 ^ hold5/A (sky130_fd_sc_hd__dlymetal6s2s_1)
                  0.14    0.19   11.01 ^ hold5/X (sky130_fd_sc_hd__dlymetal6s2s_1)
     1    0.01                           net5814 (net)
                  0.14    0.00   11.01 ^ hold9/A (sky130_fd_sc_hd__dlygate4sd1_1)
                  0.18    0.33   11.34 ^ hold9/X (sky130_fd_sc_hd__dlygate4sd1_1)
     1    0.02                           net5886 (net)
                  0.18    0.00   11.34 ^ input104/A (sky130_fd_sc_hd__buf_6)
                  0.05    0.15   11.49 ^ input104/X (sky130_fd_sc_hd__buf_6)
     1    0.02                           net104 (net)
                  0.05    0.00   11.49 ^ hold2/A (sky130_fd_sc_hd__buf_4)
                  0.27    0.28   11.77 ^ hold2/X (sky130_fd_sc_hd__buf_4)
     4    0.10                           net5811 (net)
                  0.27    0.00   11.78 ^ max_length5653/A (sky130_fd_sc_hd__buf_6)
                  0.12    0.22   11.99 ^ max_length5653/X (sky130_fd_sc_hd__buf_6)
     2    0.06                           net5653 (net)
                  0.12    0.01   12.00 ^ hold3/A (sky130_fd_sc_hd__buf_4)
                  0.27    0.30   12.30 ^ hold3/X (sky130_fd_sc_hd__buf_4)
     4    0.10                           net5812 (net)
                  0.27    0.02   12.32 ^ user_projects[0].genblk1.user_project/wb_rst_i (user_project)
                                 12.32   data arrival time

                         30.00   30.00   clock clk (rise edge)
                          6.00   36.00   clock source latency
                  1.16    0.00   36.00 ^ wb_clk_i (in)
     2    0.02                           wb_clk_i (net)
                  1.16    0.00   36.00 ^ wire3/A (sky130_fd_sc_hd__buf_6)
                  0.07    0.21   36.22 ^ wire3/X (sky130_fd_sc_hd__buf_6)
     2    0.02                           net5801 (net)
                  0.07    0.00   36.22 ^ wire2/A (sky130_fd_sc_hd__buf_6)
                  0.04    0.10   36.32 ^ wire2/X (sky130_fd_sc_hd__buf_6)
     1    0.01                           net5800 (net)
                  0.04    0.00   36.32 ^ wire1/A (sky130_fd_sc_hd__buf_6)
                  0.05    0.10   36.42 ^ wire1/X (sky130_fd_sc_hd__buf_6)
     2    0.02                           net5799 (net)
                  0.05    0.00   36.42 ^ clkbuf_0_wb_clk_i/A (sky130_fd_sc_hd__clkbuf_16)
                  0.08    0.15   36.57 ^ clkbuf_0_wb_clk_i/X (sky130_fd_sc_hd__clkbuf_16)
     4    0.06                           clknet_0_wb_clk_i (net)
                  0.08    0.00   36.57 ^ clkbuf_1_0_0_wb_clk_i/A (sky130_fd_sc_hd__clkbuf_4)
                  0.14    0.20   36.78 ^ clkbuf_1_0_0_wb_clk_i/X (sky130_fd_sc_hd__clkbuf_4)
     2    0.04                           clknet_1_0_0_wb_clk_i (net)
                  0.14    0.01   36.78 ^ wire15/A (sky130_fd_sc_hd__buf_6)
                  0.06    0.13   36.92 ^ wire15/X (sky130_fd_sc_hd__buf_6)
     2    0.02                           net5699 (net)
                  0.06    0.00   36.92 ^ wire8/A (sky130_fd_sc_hd__buf_6)
                  0.08    0.13   37.05 ^ wire8/X (sky130_fd_sc_hd__buf_6)
     2    0.04                           net5806 (net)
                  0.08    0.01   37.05 ^ clkbuf_0_net5806/A (sky130_fd_sc_hd__clkbuf_16)
                  0.08    0.16   37.21 ^ clkbuf_0_net5806/X (sky130_fd_sc_hd__clkbuf_16)
     4    0.06                           clknet_0_net5806 (net)
                  0.08    0.00   37.21 ^ clkbuf_1_0__f_net5806/A (sky130_fd_sc_hd__clkbuf_16)
                  0.05    0.14   37.35 ^ clkbuf_1_0__f_net5806/X (sky130_fd_sc_hd__clkbuf_16)
     2    0.03                           clknet_1_0__leaf_net5806 (net)
                  0.05    0.00   37.36 ^ wire6/A (sky130_fd_sc_hd__buf_6)
                  0.05    0.11   37.46 ^ wire6/X (sky130_fd_sc_hd__buf_6)
     2    0.02                           net5804 (net)
                  0.05    0.00   37.46 ^ _0663_/C (sky130_fd_sc_hd__and3b_4)
                  0.66    0.58   38.05 ^ _0663_/X (sky130_fd_sc_hd__and3b_4)
     2    0.20                           _0002_ (net)
                  0.66    0.04   38.09 ^ user_projects[0].genblk1.user_project/wb_clk_i (user_project)
                         -0.10   37.99   clock uncertainty
                          0.00   37.99   clock reconvergence pessimism
                         -2.71   35.28   library recovery time
                                 35.28   data required time
-----------------------------------------------------------------------------
                                 35.28   data required time
                                -12.32   data arrival time
-----------------------------------------------------------------------------
                                 22.96   slack (MET)


Startpoint: wb_rst_i (input port clocked by clk)
Endpoint: user_projects[1].genblk1.user_project
          (recovery check against rising-edge clock clk)
Path Group: **async_default**
Path Type: max

Fanout     Cap    Slew   Delay    Time   Description
-----------------------------------------------------------------------------
                          0.00    0.00   clock clk (rise edge)
                          7.25    7.25   clock network delay (propagated)
                          1.72    8.97 ^ input external delay
                  0.12    0.00    8.97 ^ wb_rst_i (in)
     2    0.01                           wb_rst_i (net)
                  0.12    0.00    8.97 ^ hold11/A (sky130_fd_sc_hd__clkdlybuf4s50_2)
                  0.08    0.56    9.53 ^ hold11/X (sky130_fd_sc_hd__clkdlybuf4s50_2)
     1    0.01                           net5721 (net)
                  0.08    0.00    9.53 ^ hold10/A (sky130_fd_sc_hd__dlymetal6s2s_1)
                  0.12    0.16    9.69 ^ hold10/X (sky130_fd_sc_hd__dlymetal6s2s_1)
     1    0.01                           net5701 (net)
                  0.12    0.00    9.69 ^ input279/A (sky130_fd_sc_hd__dlymetal6s2s_1)
                  0.12    0.17    9.86 ^ input279/X (sky130_fd_sc_hd__dlymetal6s2s_1)
     1    0.01                           net5990 (net)
                  0.12    0.00    9.86 ^ hold6/A (sky130_fd_sc_hd__dlymetal6s2s_1)
                  0.12    0.18   10.04 ^ hold6/X (sky130_fd_sc_hd__dlymetal6s2s_1)
     1    0.01                           net5883 (net)
                  0.12    0.00   10.04 ^ hold4/A (sky130_fd_sc_hd__dlymetal6s2s_1)
                  0.13    0.18   10.22 ^ hold4/X (sky130_fd_sc_hd__dlymetal6s2s_1)
     1    0.01                           net5813 (net)
                  0.13    0.00   10.22 ^ hold7/A (sky130_fd_sc_hd__dlymetal6s2s_1)
                  0.13    0.18   10.41 ^ hold7/X (sky130_fd_sc_hd__dlymetal6s2s_1)
     1    0.01                           net5884 (net)
                  0.13    0.00   10.41 ^ hold1/A (sky130_fd_sc_hd__dlymetal6s2s_1)
                  0.18    0.22   10.63 ^ hold1/X (sky130_fd_sc_hd__dlymetal6s2s_1)
     1    0.02                           net5810 (net)
                  0.18    0.00   10.63 ^ hold8/A (sky130_fd_sc_hd__dlymetal6s2s_1)
                  0.13    0.19   10.82 ^ hold8/X (sky130_fd_sc_hd__dlymetal6s2s_1)
     1    0.01                           net5885 (net)
                  0.13    0.00   10.82 ^ hold5/A (sky130_fd_sc_hd__dlymetal6s2s_1)
                  0.14    0.19   11.01 ^ hold5/X (sky130_fd_sc_hd__dlymetal6s2s_1)
     1    0.01                           net5814 (net)
                  0.14    0.00   11.01 ^ hold9/A (sky130_fd_sc_hd__dlygate4sd1_1)
                  0.18    0.33   11.34 ^ hold9/X (sky130_fd_sc_hd__dlygate4sd1_1)
     1    0.02                           net5886 (net)
                  0.18    0.00   11.34 ^ input104/A (sky130_fd_sc_hd__buf_6)
                  0.05    0.15   11.49 ^ input104/X (sky130_fd_sc_hd__buf_6)
     1    0.02                           net104 (net)
                  0.05    0.00   11.49 ^ hold2/A (sky130_fd_sc_hd__buf_4)
                  0.27    0.28   11.77 ^ hold2/X (sky130_fd_sc_hd__buf_4)
     4    0.10                           net5811 (net)
                  0.27    0.01   11.78 ^ wire5652/A (sky130_fd_sc_hd__buf_6)
                  0.15    0.24   12.02 ^ wire5652/X (sky130_fd_sc_hd__buf_6)
     3    0.08                           net5652 (net)
                  0.16    0.02   12.04 ^ wire5651/A (sky130_fd_sc_hd__buf_6)
                  0.15    0.21   12.25 ^ wire5651/X (sky130_fd_sc_hd__buf_6)
     2    0.07                           net5651 (net)
                  0.15    0.02   12.27 ^ user_projects[1].genblk1.user_project/wb_rst_i (user_project)
                                 12.27   data arrival time

                         30.00   30.00   clock clk (rise edge)
                          6.00   36.00   clock source latency
                  1.16    0.00   36.00 ^ wb_clk_i (in)
     2    0.02                           wb_clk_i (net)
                  1.16    0.00   36.00 ^ wire3/A (sky130_fd_sc_hd__buf_6)
                  0.07    0.21   36.22 ^ wire3/X (sky130_fd_sc_hd__buf_6)
     2    0.02                           net5801 (net)
                  0.07    0.00   36.22 ^ wire2/A (sky130_fd_sc_hd__buf_6)
                  0.04    0.10   36.32 ^ wire2/X (sky130_fd_sc_hd__buf_6)
     1    0.01                           net5800 (net)
                  0.04    0.00   36.32 ^ wire1/A (sky130_fd_sc_hd__buf_6)
                  0.05    0.10   36.42 ^ wire1/X (sky130_fd_sc_hd__buf_6)
     2    0.02                           net5799 (net)
                  0.05    0.00   36.42 ^ clkbuf_0_wb_clk_i/A (sky130_fd_sc_hd__clkbuf_16)
                  0.08    0.15   36.57 ^ clkbuf_0_wb_clk_i/X (sky130_fd_sc_hd__clkbuf_16)
     4    0.06                           clknet_0_wb_clk_i (net)
                  0.08    0.01   36.58 ^ clkbuf_1_1_0_wb_clk_i/A (sky130_fd_sc_hd__clkbuf_4)
                  0.17    0.22   36.80 ^ clkbuf_1_1_0_wb_clk_i/X (sky130_fd_sc_hd__clkbuf_4)
     2    0.05                           clknet_1_1_0_wb_clk_i (net)
                  0.17    0.01   36.81 ^ wire11/A (sky130_fd_sc_hd__buf_6)
                  0.10    0.17   36.98 ^ wire11/X (sky130_fd_sc_hd__buf_6)
     2    0.05                           net5809 (net)
                  0.10    0.01   36.99 ^ wire58/A (sky130_fd_sc_hd__buf_6)
                  0.11    0.16   37.14 ^ wire58/X (sky130_fd_sc_hd__buf_6)
     2    0.05                           net5700 (net)
                  0.11    0.01   37.15 ^ clkbuf_0_net5809/A (sky130_fd_sc_hd__clkbuf_16)
                  0.03    0.13   37.28 ^ clkbuf_0_net5809/X (sky130_fd_sc_hd__clkbuf_16)
     1    0.01                           clknet_0_net5809 (net)
                  0.03    0.00   37.28 ^ wire89/A (sky130_fd_sc_hd__buf_8)
                  0.18    0.18   37.46 ^ wire89/X (sky130_fd_sc_hd__buf_8)
     4    0.11                           net5722 (net)
                  0.18    0.00   37.47 ^ clkbuf_1_0__f_net5809/A (sky130_fd_sc_hd__clkbuf_16)
                  0.04    0.16   37.62 ^ clkbuf_1_0__f_net5809/X (sky130_fd_sc_hd__clkbuf_16)
     1    0.01                           clknet_1_0__leaf_net5809 (net)
                  0.04    0.00   37.62 ^ wire9/A (sky130_fd_sc_hd__buf_6)
                  0.03    0.08   37.70 ^ wire9/X (sky130_fd_sc_hd__buf_6)
     1    0.01                           net5807 (net)
                  0.03    0.00   37.71 ^ _0664_/C (sky130_fd_sc_hd__and3b_4)
                  0.76    0.64   38.34 ^ _0664_/X (sky130_fd_sc_hd__and3b_4)
     2    0.23                           _0000_ (net)
                  0.77    0.06   38.40 ^ user_projects[1].genblk1.user_project/wb_clk_i (user_project)
                         -0.10   38.30   clock uncertainty
                          0.00   38.30   clock reconvergence pessimism
                         -2.67   35.64   library recovery time
                                 35.64   data required time
-----------------------------------------------------------------------------
                                 35.64   data required time
                                -12.27   data arrival time
-----------------------------------------------------------------------------
                                 23.37   slack (MET)


Startpoint: user_projects[3].genblk1.user_project
            (rising edge-triggered flip-flop clocked by clk)
Endpoint: wbs_ack_o (output port clocked by clk)
Path Group: clk
Path Type: max

Fanout     Cap    Slew   Delay    Time   Description
-----------------------------------------------------------------------------
                          0.00    0.00   clock clk (rise edge)
                          7.25    7.25   clock source latency
                  1.16    0.00    7.25 ^ wb_clk_i (in)
     2    0.02                           wb_clk_i (net)
                  1.16    0.00    7.25 ^ wire3/A (sky130_fd_sc_hd__buf_6)
                  0.07    0.23    7.48 ^ wire3/X (sky130_fd_sc_hd__buf_6)
     2    0.02                           net5801 (net)
                  0.07    0.00    7.48 ^ wire2/A (sky130_fd_sc_hd__buf_6)
                  0.04    0.11    7.59 ^ wire2/X (sky130_fd_sc_hd__buf_6)
     1    0.01                           net5800 (net)
                  0.04    0.00    7.59 ^ wire1/A (sky130_fd_sc_hd__buf_6)
                  0.05    0.11    7.70 ^ wire1/X (sky130_fd_sc_hd__buf_6)
     2    0.02                           net5799 (net)
                  0.05    0.00    7.70 ^ clkbuf_0_wb_clk_i/A (sky130_fd_sc_hd__clkbuf_16)
                  0.08    0.16    7.87 ^ clkbuf_0_wb_clk_i/X (sky130_fd_sc_hd__clkbuf_16)
     4    0.06                           clknet_0_wb_clk_i (net)
                  0.08    0.01    7.87 ^ clkbuf_1_1_0_wb_clk_i/A (sky130_fd_sc_hd__clkbuf_4)
                  0.17    0.24    8.11 ^ clkbuf_1_1_0_wb_clk_i/X (sky130_fd_sc_hd__clkbuf_4)
     2    0.05                           clknet_1_1_0_wb_clk_i (net)
                  0.17    0.01    8.12 ^ wire11/A (sky130_fd_sc_hd__buf_6)
                  0.10    0.18    8.31 ^ wire11/X (sky130_fd_sc_hd__buf_6)
     2    0.05                           net5809 (net)
                  0.10    0.01    8.31 ^ wire58/A (sky130_fd_sc_hd__buf_6)
                  0.11    0.17    8.48 ^ wire58/X (sky130_fd_sc_hd__buf_6)
     2    0.05                           net5700 (net)
                  0.11    0.01    8.49 ^ clkbuf_0_net5809/A (sky130_fd_sc_hd__clkbuf_16)
                  0.03    0.14    8.63 ^ clkbuf_0_net5809/X (sky130_fd_sc_hd__clkbuf_16)
     1    0.01                           clknet_0_net5809 (net)
                  0.03    0.00    8.63 ^ wire89/A (sky130_fd_sc_hd__buf_8)
                  0.18    0.19    8.83 ^ wire89/X (sky130_fd_sc_hd__buf_8)
     4    0.11                           net5722 (net)
                  0.18    0.02    8.85 ^ clkbuf_1_1__f_net5809/A (sky130_fd_sc_hd__clkbuf_16)
                  0.08    0.20    9.05 ^ clkbuf_1_1__f_net5809/X (sky130_fd_sc_hd__clkbuf_16)
     2    0.06                           clknet_1_1__leaf_net5809 (net)
                  0.08    0.01    9.06 ^ wire10/A (sky130_fd_sc_hd__buf_6)
                  0.13    0.17    9.23 ^ wire10/X (sky130_fd_sc_hd__buf_6)
     2    0.06                           net5808 (net)
                  0.13    0.02    9.25 ^ _0666_/C (sky130_fd_sc_hd__and3_4)
                  0.19    0.33    9.57 ^ _0666_/X (sky130_fd_sc_hd__and3_4)
     2    0.06                           _0001_ (net)
                  0.19    0.01    9.59 ^ wire5/A (sky130_fd_sc_hd__buf_8)
                  0.11    0.18    9.77 ^ wire5/X (sky130_fd_sc_hd__buf_8)
     2    0.06                           net5803 (net)
                  0.11    0.02    9.79 ^ wire4/A (sky130_fd_sc_hd__buf_12)
                  0.24    0.23   10.02 ^ wire4/X (sky130_fd_sc_hd__buf_12)
     2    0.21                           net5802 (net)
                  0.26    0.06   10.08 ^ user_projects[3].genblk1.user_project/wb_clk_i (user_project)
                  0.45    9.95   20.02 ^ user_projects[3].genblk1.user_project/wbs_ack_o (user_project)
     2    0.04                           proj_wbs_ack_o[3] (net)
                  0.45    0.01   20.03 ^ wire4913/A (sky130_fd_sc_hd__buf_6)
                  0.11    0.23   20.26 ^ wire4913/X (sky130_fd_sc_hd__buf_6)
     2    0.05                           net6342 (net)
                  0.11    0.01   20.27 ^ wire3471/A (sky130_fd_sc_hd__buf_6)
                  0.12    0.18   20.45 ^ wire3471/X (sky130_fd_sc_hd__buf_6)
     2    0.06                           net3471 (net)
                  0.12    0.01   20.46 ^ wire3470/A (sky130_fd_sc_hd__buf_6)
                  0.12    0.18   20.65 ^ wire3470/X (sky130_fd_sc_hd__buf_6)
     2    0.06                           net3470 (net)
                  0.12    0.01   20.66 ^ wire3469/A (sky130_fd_sc_hd__buf_6)
                  0.10    0.17   20.83 ^ wire3469/X (sky130_fd_sc_hd__buf_6)
     2    0.05                           net3469 (net)
                  0.10    0.01   20.83 ^ wire3468/A (sky130_fd_sc_hd__buf_6)
                  0.11    0.17   21.00 ^ wire3468/X (sky130_fd_sc_hd__buf_6)
     2    0.05                           net3468 (net)
                  0.11    0.01   21.01 ^ wire3467/A (sky130_fd_sc_hd__buf_6)
                  0.13    0.18   21.19 ^ wire3467/X (sky130_fd_sc_hd__buf_6)
     2    0.06                           net3467 (net)
                  0.13    0.02   21.21 ^ wire3466/A (sky130_fd_sc_hd__buf_12)
                  0.07    0.15   21.36 ^ wire3466/X (sky130_fd_sc_hd__buf_12)
     2    0.05                           net3466 (net)
                  0.07    0.01   21.37 ^ _1028_/C (sky130_fd_sc_hd__nand3_4)
                  0.13    0.13   21.50 v _1028_/Y (sky130_fd_sc_hd__nand3_4)
     2    0.03                           _0066_ (net)
                  0.13    0.00   21.51 v wire3078/A (sky130_fd_sc_hd__buf_6)
                  0.04    0.18   21.69 v wire3078/X (sky130_fd_sc_hd__buf_6)
     2    0.03                           net3078 (net)
                  0.04    0.00   21.69 v wire3077/A (sky130_fd_sc_hd__buf_6)
                  0.05    0.14   21.83 v wire3077/X (sky130_fd_sc_hd__buf_6)
     2    0.04                           net3077 (net)
                  0.05    0.00   21.84 v _1030_/A2 (sky130_fd_sc_hd__a31oi_4)
                  0.23    0.25   22.08 ^ _1030_/Y (sky130_fd_sc_hd__a31oi_4)
     2    0.02                           net283 (net)
                  0.23    0.00   22.09 ^ wire398/A (sky130_fd_sc_hd__buf_6)
                  0.07    0.17   22.26 ^ wire398/X (sky130_fd_sc_hd__buf_6)
     2    0.03                           net398 (net)
                  0.07    0.00   22.26 ^ wire397/A (sky130_fd_sc_hd__buf_6)
                  0.07    0.13   22.39 ^ wire397/X (sky130_fd_sc_hd__buf_6)
     2    0.03                           net397 (net)
                  0.07    0.00   22.39 ^ wire396/A (sky130_fd_sc_hd__buf_6)
                  0.06    0.12   22.51 ^ wire396/X (sky130_fd_sc_hd__buf_6)
     2    0.02                           net396 (net)
                  0.06    0.00   22.51 ^ output283/A (sky130_fd_sc_hd__buf_6)
                  0.08    0.13   22.65 ^ output283/X (sky130_fd_sc_hd__buf_6)
     2    0.03                           net6169 (net)
                  0.08    0.00   22.65 ^ output458/A (sky130_fd_sc_hd__buf_12)
                  0.21    0.23   22.88 ^ output458/X (sky130_fd_sc_hd__buf_12)
     1    0.16                           wbs_ack_o (net)
                  0.22    0.02   22.90 ^ wbs_ack_o (out)
                                 22.90   data arrival time

                         30.00   30.00   clock clk (rise edge)
                          6.00   36.00   clock network delay (propagated)
                         -0.10   35.90   clock uncertainty
                          0.00   35.90   clock reconvergence pessimism
                         -8.21   27.69   output external delay
                                 27.69   data required time
-----------------------------------------------------------------------------
                                 27.69   data required time
                                -22.90   data arrival time
-----------------------------------------------------------------------------
                                  4.79   slack (MET)


Startpoint: user_projects[3].genblk1.user_project
            (rising edge-triggered flip-flop clocked by clk)
Endpoint: wbs_dat_o[29] (output port clocked by clk)
Path Group: clk
Path Type: max

Fanout     Cap    Slew   Delay    Time   Description
-----------------------------------------------------------------------------
                          0.00    0.00   clock clk (rise edge)
                          7.25    7.25   clock source latency
                  1.16    0.00    7.25 ^ wb_clk_i (in)
     2    0.02                           wb_clk_i (net)
                  1.16    0.00    7.25 ^ wire3/A (sky130_fd_sc_hd__buf_6)
                  0.07    0.23    7.48 ^ wire3/X (sky130_fd_sc_hd__buf_6)
     2    0.02                           net5801 (net)
                  0.07    0.00    7.48 ^ wire2/A (sky130_fd_sc_hd__buf_6)
                  0.04    0.11    7.59 ^ wire2/X (sky130_fd_sc_hd__buf_6)
     1    0.01                           net5800 (net)
                  0.04    0.00    7.59 ^ wire1/A (sky130_fd_sc_hd__buf_6)
                  0.05    0.11    7.70 ^ wire1/X (sky130_fd_sc_hd__buf_6)
     2    0.02                           net5799 (net)
                  0.05    0.00    7.70 ^ clkbuf_0_wb_clk_i/A (sky130_fd_sc_hd__clkbuf_16)
                  0.08    0.16    7.87 ^ clkbuf_0_wb_clk_i/X (sky130_fd_sc_hd__clkbuf_16)
     4    0.06                           clknet_0_wb_clk_i (net)
                  0.08    0.01    7.87 ^ clkbuf_1_1_0_wb_clk_i/A (sky130_fd_sc_hd__clkbuf_4)
                  0.17    0.24    8.11 ^ clkbuf_1_1_0_wb_clk_i/X (sky130_fd_sc_hd__clkbuf_4)
     2    0.05                           clknet_1_1_0_wb_clk_i (net)
                  0.17    0.01    8.12 ^ wire11/A (sky130_fd_sc_hd__buf_6)
                  0.10    0.18    8.31 ^ wire11/X (sky130_fd_sc_hd__buf_6)
     2    0.05                           net5809 (net)
                  0.10    0.01    8.31 ^ wire58/A (sky130_fd_sc_hd__buf_6)
                  0.11    0.17    8.48 ^ wire58/X (sky130_fd_sc_hd__buf_6)
     2    0.05                           net5700 (net)
                  0.11    0.01    8.49 ^ clkbuf_0_net5809/A (sky130_fd_sc_hd__clkbuf_16)
                  0.03    0.14    8.63 ^ clkbuf_0_net5809/X (sky130_fd_sc_hd__clkbuf_16)
     1    0.01                           clknet_0_net5809 (net)
                  0.03    0.00    8.63 ^ wire89/A (sky130_fd_sc_hd__buf_8)
                  0.18    0.19    8.83 ^ wire89/X (sky130_fd_sc_hd__buf_8)
     4    0.11                           net5722 (net)
                  0.18    0.02    8.85 ^ clkbuf_1_1__f_net5809/A (sky130_fd_sc_hd__clkbuf_16)
                  0.08    0.20    9.05 ^ clkbuf_1_1__f_net5809/X (sky130_fd_sc_hd__clkbuf_16)
     2    0.06                           clknet_1_1__leaf_net5809 (net)
                  0.08    0.01    9.06 ^ wire10/A (sky130_fd_sc_hd__buf_6)
                  0.13    0.17    9.23 ^ wire10/X (sky130_fd_sc_hd__buf_6)
     2    0.06                           net5808 (net)
                  0.13    0.02    9.25 ^ _0666_/C (sky130_fd_sc_hd__and3_4)
                  0.19    0.33    9.57 ^ _0666_/X (sky130_fd_sc_hd__and3_4)
     2    0.06                           _0001_ (net)
                  0.19    0.01    9.59 ^ wire5/A (sky130_fd_sc_hd__buf_8)
                  0.11    0.18    9.77 ^ wire5/X (sky130_fd_sc_hd__buf_8)
     2    0.06                           net5803 (net)
                  0.11    0.02    9.79 ^ wire4/A (sky130_fd_sc_hd__buf_12)
                  0.24    0.23   10.02 ^ wire4/X (sky130_fd_sc_hd__buf_12)
     2    0.21                           net5802 (net)
                  0.26    0.06   10.08 ^ user_projects[3].genblk1.user_project/wb_clk_i (user_project)
                  0.48   10.10   20.18 ^ user_projects[3].genblk1.user_project/wbs_dat_o[29] (user_project)
     2    0.05                           proj_wbs_dat_o[3][29] (net)
                  0.48    0.01   20.18 ^ wire3315/A (sky130_fd_sc_hd__clkbuf_4)
                  0.16    0.35   20.54 ^ wire3315/X (sky130_fd_sc_hd__clkbuf_4)
     2    0.05                           net3315 (net)
                  0.16    0.01   20.54 ^ wire3314/A (sky130_fd_sc_hd__buf_6)
                  0.10    0.18   20.72 ^ wire3314/X (sky130_fd_sc_hd__buf_6)
     2    0.05                           net3314 (net)
                  0.11    0.01   20.73 ^ wire3313/A (sky130_fd_sc_hd__buf_6)
                  0.10    0.17   20.90 ^ wire3313/X (sky130_fd_sc_hd__buf_6)
     2    0.05                           net3313 (net)
                  0.11    0.01   20.91 ^ wire3312/A (sky130_fd_sc_hd__clkbuf_4)
                  0.15    0.24   21.15 ^ wire3312/X (sky130_fd_sc_hd__clkbuf_4)
     2    0.05                           net3312 (net)
                  0.15    0.01   21.16 ^ wire3311/A (sky130_fd_sc_hd__buf_6)
                  0.09    0.17   21.33 ^ wire3311/X (sky130_fd_sc_hd__buf_6)
     2    0.04                           net3311 (net)
                  0.09    0.01   21.34 ^ wire3310/A (sky130_fd_sc_hd__buf_6)
                  0.08    0.14   21.48 ^ wire3310/X (sky130_fd_sc_hd__buf_6)
     2    0.04                           net3310 (net)
                  0.08    0.01   21.48 ^ wire3309/A (sky130_fd_sc_hd__buf_6)
                  0.09    0.15   21.63 ^ wire3309/X (sky130_fd_sc_hd__buf_6)
     2    0.04                           net3309 (net)
                  0.09    0.01   21.64 ^ wire3308/A (sky130_fd_sc_hd__buf_6)
                  0.09    0.15   21.79 ^ wire3308/X (sky130_fd_sc_hd__buf_6)
     2    0.04                           net3308 (net)
                  0.09    0.01   21.80 ^ _1009_/C (sky130_fd_sc_hd__nand3_4)
                  0.15    0.15   21.95 v _1009_/Y (sky130_fd_sc_hd__nand3_4)
     2    0.04                           _0050_ (net)
                  0.15    0.01   21.96 v wire3084/A (sky130_fd_sc_hd__buf_6)
                  0.05    0.19   22.15 v wire3084/X (sky130_fd_sc_hd__buf_6)
     2    0.04                           net3084 (net)
                  0.05    0.01   22.16 v _1012_/A2 (sky130_fd_sc_hd__a41oi_4)
                  0.29    0.28   22.43 ^ _1012_/Y (sky130_fd_sc_hd__a41oi_4)
     2    0.03                           net305 (net)
                  0.29    0.00   22.44 ^ wire812/A (sky130_fd_sc_hd__dlymetal6s2s_1)
                  0.27    0.32   22.76 ^ wire812/X (sky130_fd_sc_hd__dlymetal6s2s_1)
     2    0.03                           net812 (net)
                  0.27    0.00   22.76 ^ wire811/A (sky130_fd_sc_hd__clkbuf_4)
                  0.07    0.24   23.00 ^ wire811/X (sky130_fd_sc_hd__clkbuf_4)
     2    0.02                           net811 (net)
                  0.07    0.00   23.00 ^ wire810/A (sky130_fd_sc_hd__clkbuf_4)
                  0.09    0.19   23.18 ^ wire810/X (sky130_fd_sc_hd__clkbuf_4)
     2    0.03                           net810 (net)
                  0.09    0.00   23.19 ^ wire809/A (sky130_fd_sc_hd__buf_6)
                  0.07    0.14   23.33 ^ wire809/X (sky130_fd_sc_hd__buf_6)
     2    0.03                           net809 (net)
                  0.07    0.00   23.33 ^ wire808/A (sky130_fd_sc_hd__buf_6)
                  0.06    0.13   23.46 ^ wire808/X (sky130_fd_sc_hd__buf_6)
     2    0.03                           net808 (net)
                  0.07    0.00   23.46 ^ wire807/A (sky130_fd_sc_hd__clkbuf_4)
                  0.09    0.18   23.64 ^ wire807/X (sky130_fd_sc_hd__clkbuf_4)
     1    0.03                           net807 (net)
                  0.09    0.00   23.64 ^ wire806/A (sky130_fd_sc_hd__buf_6)
                  0.06    0.13   23.77 ^ wire806/X (sky130_fd_sc_hd__buf_6)
     1    0.02                           net806 (net)
                  0.06    0.00   23.78 ^ wire805/A (sky130_fd_sc_hd__buf_6)
                  0.05    0.12   23.89 ^ wire805/X (sky130_fd_sc_hd__buf_6)
     1    0.02                           net805 (net)
                  0.05    0.00   23.89 ^ wire804/A (sky130_fd_sc_hd__buf_6)
                  0.05    0.11   24.01 ^ wire804/X (sky130_fd_sc_hd__buf_6)
     1    0.02                           net804 (net)
                  0.05    0.00   24.01 ^ wire803/A (sky130_fd_sc_hd__buf_6)
                  0.05    0.11   24.12 ^ wire803/X (sky130_fd_sc_hd__buf_6)
     1    0.02                           net803 (net)
                  0.05    0.00   24.12 ^ wire802/A (sky130_fd_sc_hd__buf_6)
                  0.06    0.12   24.24 ^ wire802/X (sky130_fd_sc_hd__buf_6)
     1    0.02                           net802 (net)
                  0.06    0.00   24.24 ^ wire801/A (sky130_fd_sc_hd__buf_6)
                  0.06    0.12   24.36 ^ wire801/X (sky130_fd_sc_hd__buf_6)
     1    0.02                           net801 (net)
                  0.06    0.00   24.37 ^ output305/A (sky130_fd_sc_hd__buf_6)
                  0.07    0.13   24.49 ^ output305/X (sky130_fd_sc_hd__buf_6)
     1    0.03                           net6191 (net)
                  0.07    0.00   24.50 ^ output480/A (sky130_fd_sc_hd__buf_12)
                  0.16    0.19   24.69 ^ output480/X (sky130_fd_sc_hd__buf_12)
     1    0.11                           wbs_dat_o[29] (net)
                  0.16    0.01   24.70 ^ wbs_dat_o[29] (out)
                                 24.70   data arrival time

                         30.00   30.00   clock clk (rise edge)
                          6.00   36.00   clock network delay (propagated)
                         -0.10   35.90   clock uncertainty
                          0.00   35.90   clock reconvergence pessimism
                         -2.97   32.93   output external delay
                                 32.93   data required time
-----------------------------------------------------------------------------
                                 32.93   data required time
                                -24.70   data arrival time
-----------------------------------------------------------------------------
                                  8.23   slack (MET)


Startpoint: user_projects[3].genblk1.user_project
            (rising edge-triggered flip-flop clocked by clk)
Endpoint: wbs_dat_o[19] (output port clocked by clk)
Path Group: clk
Path Type: max

Fanout     Cap    Slew   Delay    Time   Description
-----------------------------------------------------------------------------
                          0.00    0.00   clock clk (rise edge)
                          7.25    7.25   clock source latency
                  1.16    0.00    7.25 ^ wb_clk_i (in)
     2    0.02                           wb_clk_i (net)
                  1.16    0.00    7.25 ^ wire3/A (sky130_fd_sc_hd__buf_6)
                  0.07    0.23    7.48 ^ wire3/X (sky130_fd_sc_hd__buf_6)
     2    0.02                           net5801 (net)
                  0.07    0.00    7.48 ^ wire2/A (sky130_fd_sc_hd__buf_6)
                  0.04    0.11    7.59 ^ wire2/X (sky130_fd_sc_hd__buf_6)
     1    0.01                           net5800 (net)
                  0.04    0.00    7.59 ^ wire1/A (sky130_fd_sc_hd__buf_6)
                  0.05    0.11    7.70 ^ wire1/X (sky130_fd_sc_hd__buf_6)
     2    0.02                           net5799 (net)
                  0.05    0.00    7.70 ^ clkbuf_0_wb_clk_i/A (sky130_fd_sc_hd__clkbuf_16)
                  0.08    0.16    7.87 ^ clkbuf_0_wb_clk_i/X (sky130_fd_sc_hd__clkbuf_16)
     4    0.06                           clknet_0_wb_clk_i (net)
                  0.08    0.01    7.87 ^ clkbuf_1_1_0_wb_clk_i/A (sky130_fd_sc_hd__clkbuf_4)
                  0.17    0.24    8.11 ^ clkbuf_1_1_0_wb_clk_i/X (sky130_fd_sc_hd__clkbuf_4)
     2    0.05                           clknet_1_1_0_wb_clk_i (net)
                  0.17    0.01    8.12 ^ wire11/A (sky130_fd_sc_hd__buf_6)
                  0.10    0.18    8.31 ^ wire11/X (sky130_fd_sc_hd__buf_6)
     2    0.05                           net5809 (net)
                  0.10    0.01    8.31 ^ wire58/A (sky130_fd_sc_hd__buf_6)
                  0.11    0.17    8.48 ^ wire58/X (sky130_fd_sc_hd__buf_6)
     2    0.05                           net5700 (net)
                  0.11    0.01    8.49 ^ clkbuf_0_net5809/A (sky130_fd_sc_hd__clkbuf_16)
                  0.03    0.14    8.63 ^ clkbuf_0_net5809/X (sky130_fd_sc_hd__clkbuf_16)
     1    0.01                           clknet_0_net5809 (net)
                  0.03    0.00    8.63 ^ wire89/A (sky130_fd_sc_hd__buf_8)
                  0.18    0.19    8.83 ^ wire89/X (sky130_fd_sc_hd__buf_8)
     4    0.11                           net5722 (net)
                  0.18    0.02    8.85 ^ clkbuf_1_1__f_net5809/A (sky130_fd_sc_hd__clkbuf_16)
                  0.08    0.20    9.05 ^ clkbuf_1_1__f_net5809/X (sky130_fd_sc_hd__clkbuf_16)
     2    0.06                           clknet_1_1__leaf_net5809 (net)
                  0.08    0.01    9.06 ^ wire10/A (sky130_fd_sc_hd__buf_6)
                  0.13    0.17    9.23 ^ wire10/X (sky130_fd_sc_hd__buf_6)
     2    0.06                           net5808 (net)
                  0.13    0.02    9.25 ^ _0666_/C (sky130_fd_sc_hd__and3_4)
                  0.19    0.33    9.57 ^ _0666_/X (sky130_fd_sc_hd__and3_4)
     2    0.06                           _0001_ (net)
                  0.19    0.01    9.59 ^ wire5/A (sky130_fd_sc_hd__buf_8)
                  0.11    0.18    9.77 ^ wire5/X (sky130_fd_sc_hd__buf_8)
     2    0.06                           net5803 (net)
                  0.11    0.02    9.79 ^ wire4/A (sky130_fd_sc_hd__buf_12)
                  0.24    0.23   10.02 ^ wire4/X (sky130_fd_sc_hd__buf_12)
     2    0.21                           net5802 (net)
                  0.26    0.06   10.08 ^ user_projects[3].genblk1.user_project/wb_clk_i (user_project)
                  0.47   10.22   20.30 ^ user_projects[3].genblk1.user_project/wbs_dat_o[19] (user_project)
     2    0.05                           proj_wbs_dat_o[3][19] (net)
                  0.47    0.01   20.30 ^ wire3402/A (sky130_fd_sc_hd__clkbuf_4)
                  0.16    0.34   20.65 ^ wire3402/X (sky130_fd_sc_hd__clkbuf_4)
     2    0.05                           net3402 (net)
                  0.16    0.01   20.65 ^ wire3401/A (sky130_fd_sc_hd__buf_6)
                  0.10    0.18   20.83 ^ wire3401/X (sky130_fd_sc_hd__buf_6)
     2    0.05                           net3401 (net)
                  0.10    0.01   20.84 ^ wire3400/A (sky130_fd_sc_hd__buf_6)
                  0.11    0.17   21.01 ^ wire3400/X (sky130_fd_sc_hd__buf_6)
     2    0.05                           net3400 (net)
                  0.12    0.01   21.02 ^ wire3399/A (sky130_fd_sc_hd__buf_6)
                  0.09    0.16   21.18 ^ wire3399/X (sky130_fd_sc_hd__buf_6)
     2    0.04                           net3399 (net)
                  0.09    0.01   21.19 ^ wire3398/A (sky130_fd_sc_hd__buf_6)
                  0.09    0.15   21.35 ^ wire3398/X (sky130_fd_sc_hd__buf_6)
     2    0.04                           net3398 (net)
                  0.09    0.01   21.35 ^ wire3397/A (sky130_fd_sc_hd__buf_6)
                  0.09    0.15   21.51 ^ wire3397/X (sky130_fd_sc_hd__buf_6)
     2    0.04                           net3397 (net)
                  0.09    0.01   21.51 ^ wire3396/A (sky130_fd_sc_hd__buf_6)
                  0.09    0.15   21.67 ^ wire3396/X (sky130_fd_sc_hd__buf_6)
     2    0.04                           net3396 (net)
                  0.09    0.01   21.67 ^ _0954_/C (sky130_fd_sc_hd__nand3_4)
                  0.16    0.16   21.83 v _0954_/Y (sky130_fd_sc_hd__nand3_4)
     2    0.04                           _0005_ (net)
                  0.16    0.00   21.84 v wire3103/A (sky130_fd_sc_hd__buf_6)
                  0.05    0.20   22.04 v wire3103/X (sky130_fd_sc_hd__buf_6)
     2    0.04                           net3103 (net)
                  0.05    0.01   22.05 v _0957_/A2 (sky130_fd_sc_hd__a41oi_4)
                  0.27    0.26   22.31 ^ _0957_/Y (sky130_fd_sc_hd__a41oi_4)
     2    0.02                           net294 (net)
                  0.27    0.00   22.31 ^ wire899/A (sky130_fd_sc_hd__dlymetal6s2s_1)
                  0.25    0.30   22.61 ^ wire899/X (sky130_fd_sc_hd__dlymetal6s2s_1)
     2    0.02                           net899 (net)
                  0.25    0.00   22.61 ^ wire898/A (sky130_fd_sc_hd__clkbuf_4)
                  0.09    0.25   22.86 ^ wire898/X (sky130_fd_sc_hd__clkbuf_4)
     2    0.03                           net898 (net)
                  0.09    0.00   22.86 ^ wire897/A (sky130_fd_sc_hd__buf_6)
                  0.06    0.13   23.00 ^ wire897/X (sky130_fd_sc_hd__buf_6)
     2    0.03                           net897 (net)
                  0.06    0.00   23.00 ^ wire896/A (sky130_fd_sc_hd__buf_6)
                  0.08    0.13   23.13 ^ wire896/X (sky130_fd_sc_hd__buf_6)
     2    0.03                           net896 (net)
                  0.08    0.00   23.14 ^ wire895/A (sky130_fd_sc_hd__buf_6)
                  0.06    0.13   23.27 ^ wire895/X (sky130_fd_sc_hd__buf_6)
     2    0.03                           net895 (net)
                  0.06    0.00   23.27 ^ wire894/A (sky130_fd_sc_hd__clkbuf_4)
                  0.10    0.18   23.45 ^ wire894/X (sky130_fd_sc_hd__clkbuf_4)
     2    0.03                           net894 (net)
                  0.10    0.00   23.46 ^ wire893/A (sky130_fd_sc_hd__buf_6)
                  0.07    0.14   23.59 ^ wire893/X (sky130_fd_sc_hd__buf_6)
     2    0.03                           net893 (net)
                  0.07    0.00   23.60 ^ wire892/A (sky130_fd_sc_hd__buf_6)
                  0.05    0.12   23.71 ^ wire892/X (sky130_fd_sc_hd__buf_6)
     1    0.02                           net892 (net)
                  0.05    0.00   23.72 ^ wire891/A (sky130_fd_sc_hd__buf_6)
                  0.05    0.11   23.83 ^ wire891/X (sky130_fd_sc_hd__buf_6)
     1    0.02                           net891 (net)
                  0.05    0.00   23.83 ^ wire890/A (sky130_fd_sc_hd__buf_6)
                  0.04    0.10   23.94 ^ wire890/X (sky130_fd_sc_hd__buf_6)
     1    0.02                           net890 (net)
                  0.04    0.00   23.94 ^ wire889/A (sky130_fd_sc_hd__buf_6)
                  0.05    0.11   24.05 ^ wire889/X (sky130_fd_sc_hd__buf_6)
     1    0.02                           net889 (net)
                  0.05    0.00   24.05 ^ wire888/A (sky130_fd_sc_hd__buf_6)
                  0.04    0.10   24.15 ^ wire888/X (sky130_fd_sc_hd__buf_6)
     1    0.02                           net888 (net)
                  0.04    0.00   24.15 ^ wire887/A (sky130_fd_sc_hd__buf_6)
                  0.05    0.11   24.26 ^ wire887/X (sky130_fd_sc_hd__buf_6)
     1    0.02                           net887 (net)
                  0.05    0.00   24.26 ^ output294/A (sky130_fd_sc_hd__buf_6)
                  0.06    0.12   24.38 ^ output294/X (sky130_fd_sc_hd__buf_6)
     1    0.03                           net6180 (net)
                  0.06    0.00   24.39 ^ output469/A (sky130_fd_sc_hd__buf_12)
                  0.15    0.19   24.57 ^ output469/X (sky130_fd_sc_hd__buf_12)
     1    0.11                           wbs_dat_o[19] (net)
                  0.16    0.01   24.59 ^ wbs_dat_o[19] (out)
                                 24.59   data arrival time

                         30.00   30.00   clock clk (rise edge)
                          6.00   36.00   clock network delay (propagated)
                         -0.10   35.90   clock uncertainty
                          0.00   35.90   clock reconvergence pessimism
                         -3.00   32.90   output external delay
                                 32.90   data required time
-----------------------------------------------------------------------------
                                 32.90   data required time
                                -24.59   data arrival time
-----------------------------------------------------------------------------
                                  8.31   slack (MET)


Startpoint: user_projects[0].genblk1.user_project
            (rising edge-triggered flip-flop clocked by clk)
Endpoint: wbs_dat_o[13] (output port clocked by clk)
Path Group: clk
Path Type: max

Fanout     Cap    Slew   Delay    Time   Description
-----------------------------------------------------------------------------
                          0.00    0.00   clock clk (rise edge)
                          7.25    7.25   clock source latency
                  1.16    0.00    7.25 ^ wb_clk_i (in)
     2    0.02                           wb_clk_i (net)
                  1.16    0.00    7.25 ^ wire3/A (sky130_fd_sc_hd__buf_6)
                  0.07    0.23    7.48 ^ wire3/X (sky130_fd_sc_hd__buf_6)
     2    0.02                           net5801 (net)
                  0.07    0.00    7.48 ^ wire2/A (sky130_fd_sc_hd__buf_6)
                  0.04    0.11    7.59 ^ wire2/X (sky130_fd_sc_hd__buf_6)
     1    0.01                           net5800 (net)
                  0.04    0.00    7.59 ^ wire1/A (sky130_fd_sc_hd__buf_6)
                  0.05    0.11    7.70 ^ wire1/X (sky130_fd_sc_hd__buf_6)
     2    0.02                           net5799 (net)
                  0.05    0.00    7.70 ^ clkbuf_0_wb_clk_i/A (sky130_fd_sc_hd__clkbuf_16)
                  0.08    0.16    7.87 ^ clkbuf_0_wb_clk_i/X (sky130_fd_sc_hd__clkbuf_16)
     4    0.06                           clknet_0_wb_clk_i (net)
                  0.08    0.00    7.87 ^ clkbuf_1_0_0_wb_clk_i/A (sky130_fd_sc_hd__clkbuf_4)
                  0.14    0.22    8.09 ^ clkbuf_1_0_0_wb_clk_i/X (sky130_fd_sc_hd__clkbuf_4)
     2    0.04                           clknet_1_0_0_wb_clk_i (net)
                  0.14    0.01    8.10 ^ wire15/A (sky130_fd_sc_hd__buf_6)
                  0.06    0.14    8.24 ^ wire15/X (sky130_fd_sc_hd__buf_6)
     2    0.02                           net5699 (net)
                  0.06    0.00    8.24 ^ wire8/A (sky130_fd_sc_hd__buf_6)
                  0.08    0.14    8.38 ^ wire8/X (sky130_fd_sc_hd__buf_6)
     2    0.04                           net5806 (net)
                  0.08    0.01    8.38 ^ clkbuf_0_net5806/A (sky130_fd_sc_hd__clkbuf_16)
                  0.08    0.17    8.56 ^ clkbuf_0_net5806/X (sky130_fd_sc_hd__clkbuf_16)
     4    0.06                           clknet_0_net5806 (net)
                  0.08    0.00    8.56 ^ clkbuf_1_0__f_net5806/A (sky130_fd_sc_hd__clkbuf_16)
                  0.05    0.15    8.71 ^ clkbuf_1_0__f_net5806/X (sky130_fd_sc_hd__clkbuf_16)
     2    0.03                           clknet_1_0__leaf_net5806 (net)
                  0.05    0.00    8.71 ^ wire6/A (sky130_fd_sc_hd__buf_6)
                  0.05    0.11    8.83 ^ wire6/X (sky130_fd_sc_hd__buf_6)
     2    0.02                           net5804 (net)
                  0.05    0.00    8.83 ^ _0663_/C (sky130_fd_sc_hd__and3b_4)
                  0.66    0.63    9.46 ^ _0663_/X (sky130_fd_sc_hd__and3b_4)
     2    0.20                           _0002_ (net)
                  0.66    0.05    9.50 ^ user_projects[0].genblk1.user_project/wb_clk_i (user_project)
                  0.17   10.44   19.94 v user_projects[0].genblk1.user_project/wbs_dat_o[13] (user_project)
     2    0.03                           proj_wbs_dat_o[0][13] (net)
                  0.17    0.00   19.94 v wire2595/A (sky130_fd_sc_hd__clkbuf_4)
                  0.07    0.24   20.18 v wire2595/X (sky130_fd_sc_hd__clkbuf_4)
     2    0.03                           net2595 (net)
                  0.07    0.00   20.19 v wire2594/A (sky130_fd_sc_hd__clkbuf_4)
                  0.07    0.19   20.38 v wire2594/X (sky130_fd_sc_hd__clkbuf_4)
     2    0.03                           net2594 (net)
                  0.07    0.00   20.38 v _0918_/C (sky130_fd_sc_hd__nor3_2)
                  0.41    0.34   20.72 ^ _0918_/Y (sky130_fd_sc_hd__nor3_2)
     2    0.02                           _0632_ (net)
                  0.41    0.00   20.73 ^ wire78/A (sky130_fd_sc_hd__dlymetal6s2s_1)
                  0.27    0.33   21.05 ^ wire78/X (sky130_fd_sc_hd__dlymetal6s2s_1)
     2    0.03                           net5711 (net)
                  0.27    0.00   21.06 ^ wire1903/A (sky130_fd_sc_hd__clkbuf_4)
                  0.09    0.25   21.31 ^ wire1903/X (sky130_fd_sc_hd__clkbuf_4)
     2    0.02                           net1903 (net)
                  0.09    0.00   21.31 ^ wire1902/A (sky130_fd_sc_hd__clkbuf_4)
                  0.10    0.19   21.50 ^ wire1902/X (sky130_fd_sc_hd__clkbuf_4)
     2    0.03                           net1902 (net)
                  0.10    0.00   21.50 ^ wire1901/A (sky130_fd_sc_hd__buf_6)
                  0.07    0.14   21.64 ^ wire1901/X (sky130_fd_sc_hd__buf_6)
     2    0.03                           net1901 (net)
                  0.07    0.00   21.65 ^ wire1900/A (sky130_fd_sc_hd__buf_6)
                  0.08    0.14   21.79 ^ wire1900/X (sky130_fd_sc_hd__buf_6)
     2    0.04                           net1900 (net)
                  0.08    0.00   21.79 ^ wire1899/A (sky130_fd_sc_hd__buf_6)
                  0.06    0.13   21.92 ^ wire1899/X (sky130_fd_sc_hd__buf_6)
     2    0.02                           net1899 (net)
                  0.06    0.00   21.92 ^ wire1898/A (sky130_fd_sc_hd__clkbuf_4)
                  0.09    0.18   22.10 ^ wire1898/X (sky130_fd_sc_hd__clkbuf_4)
     2    0.03                           net1898 (net)
                  0.09    0.00   22.10 ^ wire1897/A (sky130_fd_sc_hd__buf_6)
                  0.07    0.14   22.24 ^ wire1897/X (sky130_fd_sc_hd__buf_6)
     2    0.03                           net1897 (net)
                  0.07    0.00   22.25 ^ _0922_/B1 (sky130_fd_sc_hd__a41oi_4)
                  0.16    0.06   22.30 v _0922_/Y (sky130_fd_sc_hd__a41oi_4)
     2    0.02                           net288 (net)
                  0.16    0.00   22.31 v wire945/A (sky130_fd_sc_hd__dlymetal6s2s_1)
                  0.12    0.27   22.58 v wire945/X (sky130_fd_sc_hd__dlymetal6s2s_1)
     2    0.02                           net945 (net)
                  0.12    0.00   22.58 v wire944/A (sky130_fd_sc_hd__clkbuf_4)
                  0.06    0.21   22.78 v wire944/X (sky130_fd_sc_hd__clkbuf_4)
     2    0.02                           net944 (net)
                  0.06    0.00   22.79 v wire943/A (sky130_fd_sc_hd__buf_6)
                  0.04    0.14   22.93 v wire943/X (sky130_fd_sc_hd__buf_6)
     2    0.03                           net943 (net)
                  0.04    0.00   22.93 v wire942/A (sky130_fd_sc_hd__buf_6)
                  0.04    0.13   23.06 v wire942/X (sky130_fd_sc_hd__buf_6)
     2    0.03                           net942 (net)
                  0.04    0.00   23.07 v wire941/A (sky130_fd_sc_hd__buf_6)
                  0.04    0.13   23.20 v wire941/X (sky130_fd_sc_hd__buf_6)
     2    0.03                           net941 (net)
                  0.04    0.00   23.20 v wire940/A (sky130_fd_sc_hd__buf_6)
                  0.04    0.13   23.33 v wire940/X (sky130_fd_sc_hd__buf_6)
     2    0.03                           net940 (net)
                  0.04    0.00   23.34 v wire939/A (sky130_fd_sc_hd__buf_6)
                  0.04    0.13   23.47 v wire939/X (sky130_fd_sc_hd__buf_6)
     1    0.02                           net939 (net)
                  0.04    0.00   23.47 v wire938/A (sky130_fd_sc_hd__buf_6)
                  0.04    0.13   23.60 v wire938/X (sky130_fd_sc_hd__buf_6)
     2    0.03                           net938 (net)
                  0.04    0.00   23.60 v wire937/A (sky130_fd_sc_hd__buf_6)
                  0.03    0.13   23.73 v wire937/X (sky130_fd_sc_hd__buf_6)
     1    0.02                           net937 (net)
                  0.03    0.00   23.73 v wire936/A (sky130_fd_sc_hd__buf_6)
                  0.03    0.12   23.86 v wire936/X (sky130_fd_sc_hd__buf_6)
     1    0.02                           net936 (net)
                  0.03    0.00   23.86 v wire935/A (sky130_fd_sc_hd__buf_6)
                  0.03    0.12   23.98 v wire935/X (sky130_fd_sc_hd__buf_6)
     1    0.02                           net935 (net)
                  0.03    0.00   23.98 v wire934/A (sky130_fd_sc_hd__buf_6)
                  0.03    0.13   24.11 v wire934/X (sky130_fd_sc_hd__buf_6)
     1    0.02                           net934 (net)
                  0.03    0.00   24.11 v wire933/A (sky130_fd_sc_hd__buf_6)
                  0.03    0.13   24.24 v wire933/X (sky130_fd_sc_hd__buf_6)
     1    0.02                           net933 (net)
                  0.03    0.00   24.24 v wire932/A (sky130_fd_sc_hd__buf_6)
                  0.03    0.12   24.36 v wire932/X (sky130_fd_sc_hd__buf_6)
     1    0.02                           net932 (net)
                  0.03    0.00   24.37 v wire931/A (sky130_fd_sc_hd__buf_6)
                  0.03    0.12   24.49 v wire931/X (sky130_fd_sc_hd__buf_6)
     1    0.02                           net931 (net)
                  0.03    0.00   24.49 v output288/A (sky130_fd_sc_hd__buf_6)
                  0.04    0.13   24.62 v output288/X (sky130_fd_sc_hd__buf_6)
     1    0.03                           net6174 (net)
                  0.04    0.00   24.62 v output463/A (sky130_fd_sc_hd__buf_12)
                  0.08    0.17   24.79 v output463/X (sky130_fd_sc_hd__buf_12)
     1    0.12                           wbs_dat_o[13] (net)
                  0.09    0.01   24.80 v wbs_dat_o[13] (out)
                                 24.80   data arrival time

                         30.00   30.00   clock clk (rise edge)
                          6.00   36.00   clock network delay (propagated)
                         -0.10   35.90   clock uncertainty
                          0.00   35.90   clock reconvergence pessimism
                         -2.73   33.17   output external delay
                                 33.17   data required time
-----------------------------------------------------------------------------
                                 33.17   data required time
                                -24.80   data arrival time
-----------------------------------------------------------------------------
                                  8.37   slack (MET)


Startpoint: user_projects[3].genblk1.user_project
            (rising edge-triggered flip-flop clocked by clk)
Endpoint: wbs_dat_o[22] (output port clocked by clk)
Path Group: clk
Path Type: max

Fanout     Cap    Slew   Delay    Time   Description
-----------------------------------------------------------------------------
                          0.00    0.00   clock clk (rise edge)
                          7.25    7.25   clock source latency
                  1.16    0.00    7.25 ^ wb_clk_i (in)
     2    0.02                           wb_clk_i (net)
                  1.16    0.00    7.25 ^ wire3/A (sky130_fd_sc_hd__buf_6)
                  0.07    0.23    7.48 ^ wire3/X (sky130_fd_sc_hd__buf_6)
     2    0.02                           net5801 (net)
                  0.07    0.00    7.48 ^ wire2/A (sky130_fd_sc_hd__buf_6)
                  0.04    0.11    7.59 ^ wire2/X (sky130_fd_sc_hd__buf_6)
     1    0.01                           net5800 (net)
                  0.04    0.00    7.59 ^ wire1/A (sky130_fd_sc_hd__buf_6)
                  0.05    0.11    7.70 ^ wire1/X (sky130_fd_sc_hd__buf_6)
     2    0.02                           net5799 (net)
                  0.05    0.00    7.70 ^ clkbuf_0_wb_clk_i/A (sky130_fd_sc_hd__clkbuf_16)
                  0.08    0.16    7.87 ^ clkbuf_0_wb_clk_i/X (sky130_fd_sc_hd__clkbuf_16)
     4    0.06                           clknet_0_wb_clk_i (net)
                  0.08    0.01    7.87 ^ clkbuf_1_1_0_wb_clk_i/A (sky130_fd_sc_hd__clkbuf_4)
                  0.17    0.24    8.11 ^ clkbuf_1_1_0_wb_clk_i/X (sky130_fd_sc_hd__clkbuf_4)
     2    0.05                           clknet_1_1_0_wb_clk_i (net)
                  0.17    0.01    8.12 ^ wire11/A (sky130_fd_sc_hd__buf_6)
                  0.10    0.18    8.31 ^ wire11/X (sky130_fd_sc_hd__buf_6)
     2    0.05                           net5809 (net)
                  0.10    0.01    8.31 ^ wire58/A (sky130_fd_sc_hd__buf_6)
                  0.11    0.17    8.48 ^ wire58/X (sky130_fd_sc_hd__buf_6)
     2    0.05                           net5700 (net)
                  0.11    0.01    8.49 ^ clkbuf_0_net5809/A (sky130_fd_sc_hd__clkbuf_16)
                  0.03    0.14    8.63 ^ clkbuf_0_net5809/X (sky130_fd_sc_hd__clkbuf_16)
     1    0.01                           clknet_0_net5809 (net)
                  0.03    0.00    8.63 ^ wire89/A (sky130_fd_sc_hd__buf_8)
                  0.18    0.19    8.83 ^ wire89/X (sky130_fd_sc_hd__buf_8)
     4    0.11                           net5722 (net)
                  0.18    0.02    8.85 ^ clkbuf_1_1__f_net5809/A (sky130_fd_sc_hd__clkbuf_16)
                  0.08    0.20    9.05 ^ clkbuf_1_1__f_net5809/X (sky130_fd_sc_hd__clkbuf_16)
     2    0.06                           clknet_1_1__leaf_net5809 (net)
                  0.08    0.01    9.06 ^ wire10/A (sky130_fd_sc_hd__buf_6)
                  0.13    0.17    9.23 ^ wire10/X (sky130_fd_sc_hd__buf_6)
     2    0.06                           net5808 (net)
                  0.13    0.02    9.25 ^ _0666_/C (sky130_fd_sc_hd__and3_4)
                  0.19    0.33    9.57 ^ _0666_/X (sky130_fd_sc_hd__and3_4)
     2    0.06                           _0001_ (net)
                  0.19    0.01    9.59 ^ wire5/A (sky130_fd_sc_hd__buf_8)
                  0.11    0.18    9.77 ^ wire5/X (sky130_fd_sc_hd__buf_8)
     2    0.06                           net5803 (net)
                  0.11    0.02    9.79 ^ wire4/A (sky130_fd_sc_hd__buf_12)
                  0.24    0.23   10.02 ^ wire4/X (sky130_fd_sc_hd__buf_12)
     2    0.21                           net5802 (net)
                  0.26    0.06   10.08 ^ user_projects[3].genblk1.user_project/wb_clk_i (user_project)
                  0.44   10.13   20.20 ^ user_projects[3].genblk1.user_project/wbs_dat_o[22] (user_project)
     2    0.05                           proj_wbs_dat_o[3][22] (net)
                  0.44    0.01   20.21 ^ wire3374/A (sky130_fd_sc_hd__clkbuf_4)
                  0.14    0.33   20.54 ^ wire3374/X (sky130_fd_sc_hd__clkbuf_4)
     2    0.04                           net3374 (net)
                  0.14    0.01   20.54 ^ wire3373/A (sky130_fd_sc_hd__buf_6)
                  0.09    0.17   20.71 ^ wire3373/X (sky130_fd_sc_hd__buf_6)
     2    0.04                           net3373 (net)
                  0.09    0.01   20.72 ^ wire3372/A (sky130_fd_sc_hd__buf_6)
                  0.09    0.16   20.88 ^ wire3372/X (sky130_fd_sc_hd__buf_6)
     2    0.04                           net3372 (net)
                  0.09    0.01   20.88 ^ wire3371/A (sky130_fd_sc_hd__buf_6)
                  0.09    0.16   21.04 ^ wire3371/X (sky130_fd_sc_hd__buf_6)
     2    0.04                           net3371 (net)
                  0.09    0.01   21.05 ^ wire3370/A (sky130_fd_sc_hd__buf_6)
                  0.09    0.15   21.20 ^ wire3370/X (sky130_fd_sc_hd__buf_6)
     2    0.04                           net3370 (net)
                  0.09    0.01   21.21 ^ wire3369/A (sky130_fd_sc_hd__buf_6)
                  0.09    0.15   21.35 ^ wire3369/X (sky130_fd_sc_hd__buf_6)
     2    0.04                           net3369 (net)
                  0.09    0.01   21.36 ^ wire3368/A (sky130_fd_sc_hd__buf_6)
                  0.09    0.15   21.51 ^ wire3368/X (sky130_fd_sc_hd__buf_6)
     2    0.04                           net3368 (net)
                  0.09    0.01   21.52 ^ wire3367/A (sky130_fd_sc_hd__buf_6)
                  0.09    0.15   21.67 ^ wire3367/X (sky130_fd_sc_hd__buf_6)
     2    0.04                           net3367 (net)
                  0.09    0.01   21.68 ^ _0971_/C (sky130_fd_sc_hd__nand3_4)
                  0.16    0.16   21.84 v _0971_/Y (sky130_fd_sc_hd__nand3_4)
     2    0.04                           _0019_ (net)
                  0.16    0.01   21.85 v wire3098/A (sky130_fd_sc_hd__buf_6)
                  0.06    0.20   22.05 v wire3098/X (sky130_fd_sc_hd__buf_6)
     2    0.05                           net3098 (net)
                  0.06    0.01   22.06 v _0974_/A2 (sky130_fd_sc_hd__a41oi_4)
                  0.30    0.29   22.35 ^ _0974_/Y (sky130_fd_sc_hd__a41oi_4)
     2    0.03                           net298 (net)
                  0.30    0.00   22.35 ^ wire868/A (sky130_fd_sc_hd__dlymetal6s2s_1)
                  0.29    0.34   22.69 ^ wire868/X (sky130_fd_sc_hd__dlymetal6s2s_1)
     2    0.03                           net868 (net)
                  0.29    0.00   22.69 ^ wire867/A (sky130_fd_sc_hd__clkbuf_4)
                  0.10    0.27   22.96 ^ wire867/X (sky130_fd_sc_hd__clkbuf_4)
     2    0.03                           net867 (net)
                  0.10    0.00   22.97 ^ wire866/A (sky130_fd_sc_hd__clkbuf_4)
                  0.11    0.21   23.18 ^ wire866/X (sky130_fd_sc_hd__clkbuf_4)
     2    0.03                           net866 (net)
                  0.11    0.00   23.18 ^ wire865/A (sky130_fd_sc_hd__buf_6)
                  0.06    0.14   23.32 ^ wire865/X (sky130_fd_sc_hd__buf_6)
     2    0.03                           net865 (net)
                  0.06    0.00   23.32 ^ wire864/A (sky130_fd_sc_hd__buf_6)
                  0.05    0.12   23.44 ^ wire864/X (sky130_fd_sc_hd__buf_6)
     1    0.02                           net864 (net)
                  0.05    0.00   23.44 ^ wire863/A (sky130_fd_sc_hd__clkbuf_4)
                  0.08    0.17   23.61 ^ wire863/X (sky130_fd_sc_hd__clkbuf_4)
     1    0.02                           net863 (net)
                  0.08    0.00   23.61 ^ wire862/A (sky130_fd_sc_hd__buf_6)
                  0.06    0.13   23.74 ^ wire862/X (sky130_fd_sc_hd__buf_6)
     1    0.02                           net862 (net)
                  0.06    0.00   23.74 ^ wire861/A (sky130_fd_sc_hd__buf_6)
                  0.05    0.11   23.86 ^ wire861/X (sky130_fd_sc_hd__buf_6)
     1    0.02                           net861 (net)
                  0.05    0.00   23.86 ^ wire860/A (sky130_fd_sc_hd__buf_6)
                  0.05    0.11   23.97 ^ wire860/X (sky130_fd_sc_hd__buf_6)
     1    0.02                           net860 (net)
                  0.05    0.00   23.97 ^ wire859/A (sky130_fd_sc_hd__buf_6)
                  0.05    0.11   24.09 ^ wire859/X (sky130_fd_sc_hd__buf_6)
     1    0.02                           net859 (net)
                  0.05    0.00   24.09 ^ wire858/A (sky130_fd_sc_hd__buf_6)
                  0.05    0.11   24.20 ^ wire858/X (sky130_fd_sc_hd__buf_6)
     1    0.02                           net858 (net)
                  0.05    0.00   24.20 ^ wire857/A (sky130_fd_sc_hd__buf_6)
                  0.05    0.11   24.31 ^ wire857/X (sky130_fd_sc_hd__buf_6)
     1    0.02                           net857 (net)
                  0.05    0.00   24.31 ^ output298/A (sky130_fd_sc_hd__buf_6)
                  0.06    0.12   24.43 ^ output298/X (sky130_fd_sc_hd__buf_6)
     1    0.02                           net6184 (net)
                  0.06    0.00   24.43 ^ output473/A (sky130_fd_sc_hd__buf_12)
                  0.16    0.19   24.62 ^ output473/X (sky130_fd_sc_hd__buf_12)
     1    0.11                           wbs_dat_o[22] (net)
                  0.16    0.01   24.63 ^ wbs_dat_o[22] (out)
                                 24.63   data arrival time

                         30.00   30.00   clock clk (rise edge)
                          6.00   36.00   clock network delay (propagated)
                         -0.10   35.90   clock uncertainty
                          0.00   35.90   clock reconvergence pessimism
                         -2.72   33.18   output external delay
                                 33.18   data required time
-----------------------------------------------------------------------------
                                 33.18   data required time
                                -24.63   data arrival time
-----------------------------------------------------------------------------
                                  8.55   slack (MET)


